../source/Drivers/MMA8451/mma8451.c:138:13:mma8451_write_reg	48	static
../source/Drivers/MMA8451/mma8451.c:105:16:mma8451_read_reg	40	static
../source/Drivers/MMA8451/mma8451.c:122:13:mma8451_read_multiple_reg.constprop	40	static
../source/Drivers/MMA8451/mma8451.c:70:13:config_port_int2	16	static
../source/Drivers/MMA8451/mma8451.c:158:6:mma8451_freefall_config	8	static
../source/Drivers/MMA8451/mma8451.c:226:6:mma8451_dataReady_config	8	static
../source/Drivers/MMA8451/mma8451.c:272:6:mma8451_clearInterruptions_config	8	static
../source/Drivers/MMA8451/mma8451.c:291:6:mma8451_getFreefallInterruptStatus	0	static
../source/Drivers/MMA8451/mma8451.c:299:6:mma8451_getDataReadyInterruptStatus	0	static
../source/Drivers/MMA8451/mma8451.c:309:9:mma8451_getAcX	0	static
../source/Drivers/MMA8451/mma8451.c:312:9:mma8451_getAcY	0	static
../source/Drivers/MMA8451/mma8451.c:315:9:mma8451_getAcZ	0	static
../source/Drivers/MMA8451/mma8451.c:320:6:readAccsFromRegisters	16	static
../source/Drivers/MMA8451/mma8451.c:336:6:fastReadAcelerationsFromRegister	16	static
../source/Drivers/MMA8451/mma8451.c:346:6:PORTC_PORTD_IRQHandler	8	static
