C:\Users\guido\Documents\MCUXpressoIDE_11.6.1_8255\workspace\Docencia SD2\Ejemplo_UART0\CMSIS/core_cm0plus.h:741:22:__NVIC_EnableIRQ	16	static
C:\Users\guido\Documents\MCUXpressoIDE_11.6.1_8255\workspace\Docencia SD2\Ejemplo_UART0\drivers/fsl_clock.h:470:20:CLOCK_SetLpuart0Clock	16	static
C:\Users\guido\Documents\MCUXpressoIDE_11.6.1_8255\workspace\Docencia SD2\Ejemplo_UART0\drivers/fsl_common.h:484:28:EnableIRQ	16	static
C:\Users\guido\Documents\MCUXpressoIDE_11.6.1_8255\workspace\Docencia SD2\Ejemplo_UART0\drivers/fsl_lpuart.h:592:20:LPUART_WriteByte	16	static
C:\Users\guido\Documents\MCUXpressoIDE_11.6.1_8255\workspace\Docencia SD2\Ejemplo_UART0\drivers/fsl_lpuart.h:606:23:LPUART_ReadByte	16	static
C:\Users\guido\Documents\MCUXpressoIDE_11.6.1_8255\workspace\Docencia SD2\Ejemplo_UART0\drivers/fsl_port.h:346:20:PORT_SetPinMux	24	static
../source/Ejemplo_UART0.c:56:13:UART0_init	24	static
../source/Ejemplo_UART0.c:96:5:main	8	static
../source/Ejemplo_UART0.c:115:6:LPUART0_IRQHandler	8	static
