C:\Users\valen\Documents\MCUXpressoIDE_11.9.0_2144\workspace\TP2_V1\CMSIS/core_cm0plus.h:850:22:__NVIC_SetPriority	24	static
C:\Users\valen\Documents\MCUXpressoIDE_11.9.0_2144\workspace\TP2_V1\CMSIS/core_cm0plus.h:1056:26:SysTick_Config	16	static
C:\Users\valen\Documents\MCUXpressoIDE_11.9.0_2144\workspace\TP2_V1\drivers/fsl_smc.h:256:20:SMC_SetPowerModeProtection	16	static
C:\Users\valen\Documents\MCUXpressoIDE_11.9.0_2144\workspace\TP2_V1\drivers/fsl_smc.h:275:33:SMC_GetPowerModeState	16	static
../source/main.c:23:6:init_clocks_and_power_mode	24	static
../source/main.c:47:5:main	8	static
../source/main.c:83:6:SysTick_Handler	8	static
