C:\Users\valen\Documents\MCUXpressoIDE_11.9.0_2144\workspace\TP2_V1\CMSIS/core_cm0plus.h:741:22:__NVIC_EnableIRQ	16	static
C:\Users\valen\Documents\MCUXpressoIDE_11.9.0_2144\workspace\TP2_V1\CMSIS/core_cm0plus.h:850:22:__NVIC_SetPriority	24	static
C:\Users\valen\Documents\MCUXpressoIDE_11.9.0_2144\workspace\TP2_V1\drivers/fsl_port.h:243:20:PORT_SetPinConfig	32	static
C:\Users\valen\Documents\MCUXpressoIDE_11.9.0_2144\workspace\TP2_V1\drivers/fsl_port.h:416:20:PORT_SetPinInterruptConfig	24	static
C:\Users\valen\Documents\MCUXpressoIDE_11.9.0_2144\workspace\TP2_V1\drivers/fsl_port.h:463:20:PORT_ClearPinsInterruptFlags	16	static
../source/Drivers/MMA8451/mma8451.c:70:13:config_port_int1	16	static
../source/Drivers/MMA8451/mma8451.c:104:16:mma8451_read_reg	56	static
../source/Drivers/MMA8451/mma8451.c:121:13:mma8451_read_multiple_reg	48	static
../source/Drivers/MMA8451/mma8451.c:137:13:mma8451_write_reg	48	static
../source/Drivers/MMA8451/mma8451.c:157:6:mma8451_freefall_config	48	static
../source/Drivers/MMA8451/mma8451.c:225:6:mma8451_dataReady_config	40	static
../source/Drivers/MMA8451/mma8451.c:271:6:mma8451_clearInterruptions_config	16	static
../source/Drivers/MMA8451/mma8451.c:290:6:mma8451_getFreefallInterruptStatus	16	static
../source/Drivers/MMA8451/mma8451.c:298:6:mma8451_getDataReadyInterruptStatus	16	static
../source/Drivers/MMA8451/mma8451.c:308:9:mma8451_getAcX	8	static
../source/Drivers/MMA8451/mma8451.c:311:9:mma8451_getAcY	8	static
../source/Drivers/MMA8451/mma8451.c:314:9:mma8451_getAcZ	8	static
../source/Drivers/MMA8451/mma8451.c:319:6:readAccsFromRegisters	16	static
../source/Drivers/MMA8451/mma8451.c:335:6:fastReadAcelerationsFromRegister	16	static
../source/Drivers/MMA8451/mma8451.c:346:6:PORTC_PORTD_IRQHandler	16	static
