../drivers/fsl_uart.c:1404:6:UART_TransferHandleIRQ	24	static
../drivers/fsl_uart.c:131:10:UART_GetInstance	8	static
../drivers/fsl_uart.c:156:8:UART_TransferGetRxRingBufferLength	16	static
../drivers/fsl_uart.c:216:10:UART_Init	32	static
../drivers/fsl_uart.c:361:6:UART_Deinit	8	static
../drivers/fsl_uart.c:400:6:UART_GetDefaultConfig	8	static
../drivers/fsl_uart.c:440:10:UART_SetBaudRate	32	static
../drivers/fsl_uart.c:521:6:UART_EnableInterrupts	0	static
../drivers/fsl_uart.c:549:6:UART_DisableInterrupts	0	static
../drivers/fsl_uart.c:584:10:UART_GetEnabledInterrupts	0	static
../drivers/fsl_uart.c:616:10:UART_GetStatusFlags	0	static
../drivers/fsl_uart.c:651:10:UART_ClearStatusFlags	8	static
../drivers/fsl_uart.c:711:10:UART_WriteBlocking	0	static
../drivers/fsl_uart.c:783:10:UART_ReadBlocking	40	static
../drivers/fsl_uart.c:887:6:UART_TransferCreateHandle	24	static
../drivers/fsl_uart.c:935:6:UART_TransferStartRingBuffer	8	static
../drivers/fsl_uart.c:965:6:UART_TransferStopRingBuffer	8	static
../drivers/fsl_uart.c:1006:10:UART_TransferSendNonBlocking	16	static
../drivers/fsl_uart.c:1045:6:UART_TransferAbortSend	8	static
../drivers/fsl_uart.c:1068:10:UART_TransferGetSendCount	8	static
../drivers/fsl_uart.c:1119:10:UART_TransferReceiveNonBlocking	48	static
../drivers/fsl_uart.c:1251:6:UART_TransferAbortReceive	8	static
../drivers/fsl_uart.c:1285:10:UART_TransferGetReceiveCount	8	static
../drivers/fsl_uart.c:1708:6:UART_TransferHandleErrorIRQ	0	static
../drivers/fsl_uart.c:1757:6:UART2_DriverIRQHandler	8	static
../drivers/fsl_uart.c:1763:6:UART2_RX_TX_DriverIRQHandler	8	static
