../drivers/fsl_i2c.c:2140:6:I2C_SlaveTransferHandleIRQ	40	static
../drivers/fsl_i2c.c:1638:6:I2C_MasterTransferHandleIRQ	24	static
../drivers/fsl_i2c.c:146:10:I2C_GetInstance	8	static
../drivers/fsl_i2c.c:564:6:I2C_MasterInit	56	static
../drivers/fsl_i2c.c:632:6:I2C_MasterDeinit	8	static
../drivers/fsl_i2c.c:656:6:I2C_MasterGetDefaultConfig	8	static
../drivers/fsl_i2c.c:693:6:I2C_EnableInterrupts	0	static
../drivers/fsl_i2c.c:743:6:I2C_DisableInterrupts	0	static
../drivers/fsl_i2c.c:772:6:I2C_MasterSetBaudRate	48	static
../drivers/fsl_i2c.c:835:10:I2C_MasterStart	8	static
../drivers/fsl_i2c.c:882:10:I2C_MasterRepeatedStart	12	static
../drivers/fsl_i2c.c:940:10:I2C_MasterStop	0	static
../drivers/fsl_i2c.c:974:10:I2C_MasterGetStatusFlags	0	static
../drivers/fsl_i2c.c:1009:10:I2C_MasterWriteBlocking	20	static
../drivers/fsl_i2c.c:1111:10:I2C_MasterReadBlocking	24	static
../drivers/fsl_i2c.c:1231:10:I2C_MasterTransferBlocking	32	static
../drivers/fsl_i2c.c:1457:6:I2C_MasterTransferCreateHandle	24	static
../drivers/fsl_i2c.c:1498:10:I2C_MasterTransferNonBlocking	24	static
../drivers/fsl_i2c.c:1536:10:I2C_MasterTransferAbort	24	static
../drivers/fsl_i2c.c:1618:10:I2C_MasterTransferGetCount	8	static
../drivers/fsl_i2c.c:1709:6:I2C_SlaveInit	48	static
../drivers/fsl_i2c.c:1778:6:I2C_SlaveDeinit	8	static
../drivers/fsl_i2c.c:1801:6:I2C_SlaveGetDefaultConfig	8	static
../drivers/fsl_i2c.c:1842:10:I2C_SlaveWriteBlocking	24	static
../drivers/fsl_i2c.c:1900:10:I2C_SlaveReadBlocking	24	static
../drivers/fsl_i2c.c:1994:6:I2C_SlaveTransferCreateHandle	24	static
../drivers/fsl_i2c.c:2044:10:I2C_SlaveTransferNonBlocking	16	static
../drivers/fsl_i2c.c:2086:6:I2C_SlaveTransferAbort	8	static
../drivers/fsl_i2c.c:2112:10:I2C_SlaveTransferGetCount	8	static
../drivers/fsl_i2c.c:2397:6:I2C0_DriverIRQHandler	8	static
../drivers/fsl_i2c.c:2404:6:I2C1_DriverIRQHandler	8	static
