../drivers/fsl_flexio_spi.c:110:13:FLEXIO_SPI_TransferReceiveTransaction.isra	12	static
../drivers/fsl_flexio_spi.c:68:13:FLEXIO_SPI_TransferSendTransaction.isra	20	static
../drivers/fsl_flexio_spi.c:1289:6:FLEXIO_SPI_SlaveTransferHandleIRQ	24	static
../drivers/fsl_flexio_spi.c:1127:6:FLEXIO_SPI_MasterTransferHandleIRQ	24	static
../drivers/fsl_flexio_spi.c:183:6:FLEXIO_SPI_MasterInit	88	static
../drivers/fsl_flexio_spi.c:310:6:FLEXIO_SPI_MasterDeinit	16	static
../drivers/fsl_flexio_spi.c:334:6:FLEXIO_SPI_MasterGetDefaultConfig	8	static
../drivers/fsl_flexio_spi.c:390:6:FLEXIO_SPI_SlaveInit	72	static
../drivers/fsl_flexio_spi.c:497:6:FLEXIO_SPI_SlaveDeinit	16	static
../drivers/fsl_flexio_spi.c:512:6:FLEXIO_SPI_SlaveGetDefaultConfig	8	static
../drivers/fsl_flexio_spi.c:539:6:FLEXIO_SPI_EnableInterrupts	12	static
../drivers/fsl_flexio_spi.c:561:6:FLEXIO_SPI_DisableInterrupts	12	static
../drivers/fsl_flexio_spi.c:581:6:FLEXIO_SPI_EnableDMA	16	static
../drivers/fsl_flexio_spi.c:603:10:FLEXIO_SPI_GetStatusFlags	8	static
../drivers/fsl_flexio_spi.c:624:6:FLEXIO_SPI_ClearStatusFlags	8	static
../drivers/fsl_flexio_spi.c:643:6:FLEXIO_SPI_MasterSetBaudRate	8	static
../drivers/fsl_flexio_spi.c:672:10:FLEXIO_SPI_WriteBlocking	48	static
../drivers/fsl_flexio_spi.c:721:10:FLEXIO_SPI_ReadBlocking	48	static
../drivers/fsl_flexio_spi.c:767:10:FLEXIO_SPI_MasterTransferBlocking	48	static
../drivers/fsl_flexio_spi.c:925:10:FLEXIO_SPI_MasterTransferCreateHandle	24	static
../drivers/fsl_flexio_spi.c:961:10:FLEXIO_SPI_MasterTransferNonBlocking	48	static
../drivers/fsl_flexio_spi.c:1078:10:FLEXIO_SPI_MasterTransferGetCount	8	static
../drivers/fsl_flexio_spi.c:1106:6:FLEXIO_SPI_MasterTransferAbort	16	static
../drivers/fsl_flexio_spi.c:1176:10:FLEXIO_SPI_SlaveTransferCreateHandle	24	static
../drivers/fsl_flexio_spi.c:1212:10:FLEXIO_SPI_SlaveTransferNonBlocking	24	static
