C:\Users\valen\Documents\MCUXpressoIDE_11.9.0_2144\workspace\TP3_V1_BELLINI_SAITTA\CMSIS/core_cm0plus.h:741:22:__NVIC_EnableIRQ	16	static
C:\Users\valen\Documents\MCUXpressoIDE_11.9.0_2144\workspace\TP3_V1_BELLINI_SAITTA\CMSIS/core_cm0plus.h:850:22:__NVIC_SetPriority	24	static
C:\Users\valen\Documents\MCUXpressoIDE_11.9.0_2144\workspace\TP3_V1_BELLINI_SAITTA\drivers/fsl_clock.h:438:20:CLOCK_EnableClock	24	static
C:\Users\valen\Documents\MCUXpressoIDE_11.9.0_2144\workspace\TP3_V1_BELLINI_SAITTA\drivers/fsl_port.h:243:20:PORT_SetPinConfig	32	static
C:\Users\valen\Documents\MCUXpressoIDE_11.9.0_2144\workspace\TP3_V1_BELLINI_SAITTA\drivers/fsl_port.h:416:20:PORT_SetPinInterruptConfig	24	static
C:\Users\valen\Documents\MCUXpressoIDE_11.9.0_2144\workspace\TP3_V1_BELLINI_SAITTA\drivers/fsl_port.h:463:20:PORT_ClearPinsInterruptFlags	16	static
../source/Drivers/MMA8451/mma8451.c:70:13:config_port_int2	16	static
../source/Drivers/MMA8451/mma8451.c:105:16:mma8451_read_reg	56	static
../source/Drivers/MMA8451/mma8451.c:122:13:mma8451_read_multiple_reg	48	static
../source/Drivers/MMA8451/mma8451.c:138:13:mma8451_write_reg	48	static
../source/Drivers/MMA8451/mma8451.c:158:6:mma8451_freefall_config	48	static
../source/Drivers/MMA8451/mma8451.c:226:6:mma8451_dataReady_config	40	static
../source/Drivers/MMA8451/mma8451.c:272:6:mma8451_clearInterruptions_config	16	static
../source/Drivers/MMA8451/mma8451.c:291:6:mma8451_getFreefallInterruptStatus	16	static
../source/Drivers/MMA8451/mma8451.c:299:6:mma8451_getDataReadyInterruptStatus	16	static
../source/Drivers/MMA8451/mma8451.c:309:9:mma8451_getAcX	8	static
../source/Drivers/MMA8451/mma8451.c:312:9:mma8451_getAcY	8	static
../source/Drivers/MMA8451/mma8451.c:315:9:mma8451_getAcZ	8	static
../source/Drivers/MMA8451/mma8451.c:320:6:readAccsFromRegisters	16	static
../source/Drivers/MMA8451/mma8451.c:336:6:fastReadAcelerationsFromRegister	16	static
../source/Drivers/MMA8451/mma8451.c:346:6:PORTC_PORTD_IRQHandler	16	static
