C:\Users\valen\Documents\MCUXpressoIDE_11.9.0_2144\workspace\TP3_V1_BELLINI_SAITTA\CMSIS/core_cm0plus.h:741:22:__NVIC_EnableIRQ	16	static
../drivers/fsl_clock.h:438:20:CLOCK_EnableClock	24	static
../drivers/fsl_clock.h:449:20:CLOCK_DisableClock	24	static
../drivers/fsl_common.h:484:28:EnableIRQ	16	static
../drivers/fsl_spi.h:692:20:SPI_SlaveTransferAbort	16	static
../drivers/fsl_spi.c:119:10:SPI_GetInstance	24	static
../drivers/fsl_spi.c:143:6:SPI_SetDummyData	24	static
../drivers/fsl_spi.c:149:13:SPI_WriteNonBlocking	48	static
../drivers/fsl_spi.c:189:13:SPI_ReadNonBlocking	32	static
../drivers/fsl_spi.c:223:16:SPI_GetWatermark	24	static
../drivers/fsl_spi.c:252:13:SPI_SendInitialTransfer	32	static
../drivers/fsl_spi.c:279:13:SPI_SendTransfer	32	static
../drivers/fsl_spi.c:342:13:SPI_ReceiveTransfer	32	static
../drivers/fsl_spi.c:402:6:SPI_MasterGetDefaultConfig	16	static
../drivers/fsl_spi.c:445:6:SPI_MasterInit	24	static
../drivers/fsl_spi.c:506:6:SPI_SlaveGetDefaultConfig	16	static
../drivers/fsl_spi.c:548:6:SPI_SlaveInit	16	static
../drivers/fsl_spi.c:600:6:SPI_Deinit	16	static
../drivers/fsl_spi.c:617:10:SPI_GetStatusFlags	24	static
../drivers/fsl_spi.c:640:6:SPI_EnableInterrupts	16	static
../drivers/fsl_spi.c:690:6:SPI_DisableInterrupts	16	static
../drivers/fsl_spi.c:735:6:SPI_MasterSetBaudRate	64	static
../drivers/fsl_spi.c:807:10:SPI_WriteBlocking	40	static
../drivers/fsl_spi.c:855:6:SPI_EnableFIFO	16	static
../drivers/fsl_spi.c:877:6:SPI_WriteData	16	static
../drivers/fsl_spi.c:893:10:SPI_ReadData	24	static
../drivers/fsl_spi.c:914:10:SPI_MasterTransferBlocking	32	static
../drivers/fsl_spi.c:1008:6:SPI_MasterTransferCreateHandle	32	static
../drivers/fsl_spi.c:1052:10:SPI_MasterTransferNonBlocking	32	static
../drivers/fsl_spi.c:1154:10:SPI_MasterTransferGetCount	32	static
../drivers/fsl_spi.c:1186:6:SPI_MasterTransferAbort	24	static
../drivers/fsl_spi.c:1220:6:SPI_MasterTransferHandleIRQ	24	static
../drivers/fsl_spi.c:1274:6:SPI_SlaveTransferCreateHandle	24	static
../drivers/fsl_spi.c:1301:10:SPI_SlaveTransferNonBlocking	32	static
../drivers/fsl_spi.c:1418:6:SPI_SlaveTransferHandleIRQ	24	static
../drivers/fsl_spi.c:1456:13:SPI_CommonIRQHandler	16	static
../drivers/fsl_spi.c:1493:6:SPI0_DriverIRQHandler	8	static
../drivers/fsl_spi.c:1501:6:SPI1_DriverIRQHandler	8	static
