core_cm0plus.h:741:22:__NVIC_EnableIRQ	16	static
fsl_clock.h:438:20:CLOCK_EnableClock	24	static
fsl_clock.h:449:20:CLOCK_DisableClock	24	static
fsl_common.h:484:28:EnableIRQ	16	static
fsl_dma.h:338:20:DMA_EnableInterrupts	16	static
fsl_dma.h:448:20:DMA_ClearChannelStatusFlags	24	static
fsl_dma.c:52:17:DMA_GetInstance	24	static
fsl_dma.c:77:6:DMA_Init	16	static
fsl_dma.c:91:6:DMA_Deinit	16	static
fsl_dma.c:107:6:DMA_ResetChannel	16	static
fsl_dma.c:145:6:DMA_SetTransferConfig	32	static
fsl_dma.c:181:6:DMA_SetChannelLinkConfig	32	static
fsl_dma.c:206:6:DMA_SetModulo	32	static
fsl_dma.c:229:6:DMA_CreateHandle	32	static
fsl_dma.c:264:6:DMA_PrepareTransfer	24	static
fsl_dma.c:338:6:DMA_SetCallback	24	static
fsl_dma.c:359:10:DMA_SubmitTransfer	24	static
fsl_dma.c:386:6:DMA_AbortTransfer	16	static
fsl_dma.c:403:6:DMA_HandleIRQ	16	static
fsl_dma.c:416:6:DMA0_DriverIRQHandler	8	static
fsl_dma.c:422:6:DMA1_DriverIRQHandler	8	static
fsl_dma.c:428:6:DMA2_DriverIRQHandler	8	static
fsl_dma.c:434:6:DMA3_DriverIRQHandler	8	static
