C:\Users\guido\Documents\MCUXpressoIDE_11.6.1_8255\workspace\Docencia SD2\Ejemplo_UART_RingBuffer\CMSIS/core_cm0plus.h:741:22:__NVIC_EnableIRQ	16	static
C:\Users\guido\Documents\MCUXpressoIDE_11.6.1_8255\workspace\Docencia SD2\Ejemplo_UART_RingBuffer\CMSIS/core_cm0plus.h:779:22:__NVIC_DisableIRQ	16	static
C:\Users\guido\Documents\MCUXpressoIDE_11.6.1_8255\workspace\Docencia SD2\Ejemplo_UART_RingBuffer\drivers/fsl_clock.h:470:20:CLOCK_SetLpuart0Clock	16	static
C:\Users\guido\Documents\MCUXpressoIDE_11.6.1_8255\workspace\Docencia SD2\Ejemplo_UART_RingBuffer\drivers/fsl_common.h:484:28:EnableIRQ	16	static
C:\Users\guido\Documents\MCUXpressoIDE_11.6.1_8255\workspace\Docencia SD2\Ejemplo_UART_RingBuffer\drivers/fsl_lpuart.h:592:20:LPUART_WriteByte	16	static
C:\Users\guido\Documents\MCUXpressoIDE_11.6.1_8255\workspace\Docencia SD2\Ejemplo_UART_RingBuffer\drivers/fsl_lpuart.h:606:23:LPUART_ReadByte	16	static
C:\Users\guido\Documents\MCUXpressoIDE_11.6.1_8255\workspace\Docencia SD2\Ejemplo_UART_RingBuffer\drivers/fsl_port.h:346:20:PORT_SetPinMux	24	static
../source/uart_ringBufer.c:56:6:uart_ringBuffer_init	24	static
../source/uart_ringBufer.c:105:9:uart_ringBuffer_recDatos	24	static
../source/uart_ringBufer.c:130:9:uart_ringBuffer_envDatos	24	static
../source/uart_ringBufer.c:154:6:LPUART0_IRQHandler	16	static
