C:\Users\valen\Documents\MCUXpressoIDE_11.9.0_2144\workspace\TP2_V1\CMSIS/core_cm0plus.h:741:22:__NVIC_EnableIRQ	16	static
C:\Users\valen\Documents\MCUXpressoIDE_11.9.0_2144\workspace\TP2_V1\drivers/fsl_common.h:484:28:EnableIRQ	16	static
C:\Users\valen\Documents\MCUXpressoIDE_11.9.0_2144\workspace\TP2_V1\drivers/fsl_pit.h:131:20:PIT_GetDefaultConfig	16	static
C:\Users\valen\Documents\MCUXpressoIDE_11.9.0_2144\workspace\TP2_V1\drivers/fsl_pit.h:185:20:PIT_EnableInterrupts	24	static
C:\Users\valen\Documents\MCUXpressoIDE_11.9.0_2144\workspace\TP2_V1\drivers/fsl_pit.h:246:20:PIT_ClearStatusFlags	24	static
C:\Users\valen\Documents\MCUXpressoIDE_11.9.0_2144\workspace\TP2_V1\drivers/fsl_pit.h:272:20:PIT_SetTimerPeriod	24	static
C:\Users\valen\Documents\MCUXpressoIDE_11.9.0_2144\workspace\TP2_V1\drivers/fsl_pit.h:290:24:PIT_GetCurrentTimerCount	16	static
C:\Users\valen\Documents\MCUXpressoIDE_11.9.0_2144\workspace\TP2_V1\drivers/fsl_pit.h:312:20:PIT_StartTimer	16	static
C:\Users\valen\Documents\MCUXpressoIDE_11.9.0_2144\workspace\TP2_V1\drivers/fsl_pit.h:326:20:PIT_StopTimer	16	static
../source/Drivers/time.c:60:6:PIT_IRQHandler	8	static
../source/Drivers/time.c:70:6:time_init	16	static
../source/Drivers/time.c:98:6:time_restart	8	static
../source/Drivers/time.c:108:10:time_elapsed_us	56	static
../source/Drivers/time.c:129:6:time_overflow	16	static
