Archive member included to satisfy reference by file (symbol)

c:/nxp/mcuxpressoide_11.9.0_2144/ide/plugins/com.nxp.mcuxpresso.tools.win32_11.9.0.202307121226/tools/bin/../lib/gcc/arm-none-eabi/12.3.1/../../../../arm-none-eabi/lib/thumb/v6-m/nofp\libcr_semihost_nf.a(_cr__main.o)
                              ./startup/startup_mkl43z4.o (__main)
c:/nxp/mcuxpressoide_11.9.0_2144/ide/plugins/com.nxp.mcuxpresso.tools.win32_11.9.0.202307121226/tools/bin/../lib/gcc/arm-none-eabi/12.3.1/../../../../arm-none-eabi/lib/thumb/v6-m/nofp\libcr_semihost_nf.a(_cr_assert.o)
                              ./utilities/fsl_debug_console.o (__assertion_failed)
c:/nxp/mcuxpressoide_11.9.0_2144/ide/plugins/com.nxp.mcuxpresso.tools.win32_11.9.0.202307121226/tools/bin/../lib/gcc/arm-none-eabi/12.3.1/../../../../arm-none-eabi/lib/thumb/v6-m/nofp\libcr_semihost_nf.a(__ciob.o)
                              c:/nxp/mcuxpressoide_11.9.0_2144/ide/plugins/com.nxp.mcuxpresso.tools.win32_11.9.0.202307121226/tools/bin/../lib/gcc/arm-none-eabi/12.3.1/../../../../arm-none-eabi/lib/thumb/v6-m/nofp\libcr_semihost_nf.a(_cr_assert.o) (__Ciob)
c:/nxp/mcuxpressoide_11.9.0_2144/ide/plugins/com.nxp.mcuxpresso.tools.win32_11.9.0.202307121226/tools/bin/../lib/gcc/arm-none-eabi/12.3.1/../../../../arm-none-eabi/lib/thumb/v6-m/nofp\libcr_semihost_nf.a(__sys_appexit.o)
                              c:/nxp/mcuxpressoide_11.9.0_2144/ide/plugins/com.nxp.mcuxpresso.tools.win32_11.9.0.202307121226/tools/bin/../lib/gcc/arm-none-eabi/12.3.1/../../../../arm-none-eabi/lib/thumb/v6-m/nofp\libcr_semihost_nf.a(_cr_assert.o) (__sys_appexit)
c:/nxp/mcuxpressoide_11.9.0_2144/ide/plugins/com.nxp.mcuxpresso.tools.win32_11.9.0.202307121226/tools/bin/../lib/gcc/arm-none-eabi/12.3.1/../../../../arm-none-eabi/lib/thumb/v6-m/nofp\libcr_c.a(memcpy.o)
                              ./utilities/fsl_str.o (memcpy)
c:/nxp/mcuxpressoide_11.9.0_2144/ide/plugins/com.nxp.mcuxpresso.tools.win32_11.9.0.202307121226/tools/bin/../lib/gcc/arm-none-eabi/12.3.1/../../../../arm-none-eabi/lib/thumb/v6-m/nofp\libcr_c.a(memset.o)
                              ./source/Drivers/SSD1306/oled.o (memset)
c:/nxp/mcuxpressoide_11.9.0_2144/ide/plugins/com.nxp.mcuxpresso.tools.win32_11.9.0.202307121226/tools/bin/../lib/gcc/arm-none-eabi/12.3.1/../../../../arm-none-eabi/lib/thumb/v6-m/nofp\libcr_c.a(_deferredlazyseek.o)
                              c:/nxp/mcuxpressoide_11.9.0_2144/ide/plugins/com.nxp.mcuxpresso.tools.win32_11.9.0.202307121226/tools/bin/../lib/gcc/arm-none-eabi/12.3.1/../../../../arm-none-eabi/lib/thumb/v6-m/nofp\libcr_semihost_nf.a(_cr_assert.o) (__flsbuf)
c:/nxp/mcuxpressoide_11.9.0_2144/ide/plugins/com.nxp.mcuxpresso.tools.win32_11.9.0.202307121226/tools/bin/../lib/gcc/arm-none-eabi/12.3.1/../../../../arm-none-eabi/lib/thumb/v6-m/nofp\libcr_c.a(_fflush.o)
                              c:/nxp/mcuxpressoide_11.9.0_2144/ide/plugins/com.nxp.mcuxpresso.tools.win32_11.9.0.202307121226/tools/bin/../lib/gcc/arm-none-eabi/12.3.1/../../../../arm-none-eabi/lib/thumb/v6-m/nofp\libcr_c.a(_deferredlazyseek.o) (_fflush)
c:/nxp/mcuxpressoide_11.9.0_2144/ide/plugins/com.nxp.mcuxpresso.tools.win32_11.9.0.202307121226/tools/bin/../lib/gcc/arm-none-eabi/12.3.1/../../../../arm-none-eabi/lib/thumb/v6-m/nofp\libcr_c.a(_writebuf.o)
                              c:/nxp/mcuxpressoide_11.9.0_2144/ide/plugins/com.nxp.mcuxpresso.tools.win32_11.9.0.202307121226/tools/bin/../lib/gcc/arm-none-eabi/12.3.1/../../../../arm-none-eabi/lib/thumb/v6-m/nofp\libcr_c.a(_deferredlazyseek.o) (_Cwritebuf)
c:/nxp/mcuxpressoide_11.9.0_2144/ide/plugins/com.nxp.mcuxpresso.tools.win32_11.9.0.202307121226/tools/bin/../lib/gcc/arm-none-eabi/12.3.1/../../../../arm-none-eabi/lib/thumb/v6-m/nofp\libcr_c.a(alloc.o)
                              ./source/ringBuffer.o (malloc)
c:/nxp/mcuxpressoide_11.9.0_2144/ide/plugins/com.nxp.mcuxpresso.tools.win32_11.9.0.202307121226/tools/bin/../lib/gcc/arm-none-eabi/12.3.1/../../../../arm-none-eabi/lib/thumb/v6-m/nofp\libcr_c.a(fputs.o)
                              c:/nxp/mcuxpressoide_11.9.0_2144/ide/plugins/com.nxp.mcuxpresso.tools.win32_11.9.0.202307121226/tools/bin/../lib/gcc/arm-none-eabi/12.3.1/../../../../arm-none-eabi/lib/thumb/v6-m/nofp\libcr_semihost_nf.a(_cr_assert.o) (fputs)
c:/nxp/mcuxpressoide_11.9.0_2144/ide/plugins/com.nxp.mcuxpresso.tools.win32_11.9.0.202307121226/tools/bin/../lib/gcc/arm-none-eabi/12.3.1/../../../../arm-none-eabi/lib/thumb/v6-m/nofp\libcr_c.a(fseek.o)
                              c:/nxp/mcuxpressoide_11.9.0_2144/ide/plugins/com.nxp.mcuxpresso.tools.win32_11.9.0.202307121226/tools/bin/../lib/gcc/arm-none-eabi/12.3.1/../../../../arm-none-eabi/lib/thumb/v6-m/nofp\libcr_c.a(_deferredlazyseek.o) (fseek)
c:/nxp/mcuxpressoide_11.9.0_2144/ide/plugins/com.nxp.mcuxpresso.tools.win32_11.9.0.202307121226/tools/bin/../lib/gcc/arm-none-eabi/12.3.1/../../../../arm-none-eabi/lib/thumb/v6-m/nofp\libcr_c.a(ftell.o)
[...]
Memory Configuration

Name             Origin             Length             Attributes
PROGRAM_FLASH    0x00000000         0x00040000         xr
SRAM             0x1fffe000         0x00008000         xrw
*default*        0x00000000         0xffffffff

Linker script and memory map

LOAD ./utilities/fsl_debug_console.o
LOAD ./utilities/fsl_str.o
LOAD ./startup/startup_mkl43z4.o
LOAD ./source/Drivers/Transceiver/transceiver_uart_rs485.o
LOAD ./source/Drivers/SSD1306/font5x7.o
LOAD ./source/Drivers/SSD1306/oled.o
LOAD ./source/Drivers/PowerMode/power_mode_switch.o
LOAD ./source/Drivers/MMA8451/mma8451.o
LOAD ./source/Drivers/Key/key.o
LOAD ./source/Drivers/I2C/SD2_I2C.o
LOAD ./source/Drivers/Board/SD2_board.o
LOAD ./source/Drivers/time.o
LOAD ./source/Drivers/uart_ringBuffer.o
LOAD ./source/App/mef_principal.o
LOAD ./source/App/mef_trama_rec.o
LOAD ./source/App/trama_process.o
LOAD ./source/main.o
LOAD ./source/mtb.o
LOAD ./source/ringBuffer.o
LOAD ./source/semihost_hardfault.o
LOAD ./drivers/fsl_clock.o
LOAD ./drivers/fsl_common.o
LOAD ./drivers/fsl_dma.o
LOAD ./drivers/fsl_dmamux.o
LOAD ./drivers/fsl_flexio.o
LOAD ./drivers/fsl_flexio_spi.o
LOAD ./drivers/fsl_gpio.o
LOAD ./drivers/fsl_i2c.o
LOAD ./drivers/fsl_i2c_dma.o
LOAD ./drivers/fsl_lpuart.o
LOAD ./drivers/fsl_lpuart_dma.o
LOAD ./drivers/fsl_pit.o
LOAD ./drivers/fsl_smc.o
LOAD ./drivers/fsl_spi.o
LOAD ./drivers/fsl_uart.o
LOAD ./device/system_MKL43Z4.o
LOAD ./component/uart/lpuart_adapter.o
LOAD ./component/serial_manager/serial_manager.o
LOAD ./component/serial_manager/serial_port_uart.o
LOAD ./component/lists/generic_list.o
LOAD ./board/board.o
LOAD ./board/clock_config.o
LOAD ./board/peripherals.o
LOAD ./board/pin_mux.o
START GROUP
LOAD c:/nxp/mcuxpressoide_11.9.0_2144/ide/plugins/com.nxp.mcuxpresso.tools.win32_11.9.0.202307121226/tools/bin/../lib/gcc/arm-none-eabi/12.3.1/../../../../arm-none-eabi/lib/thumb/v6-m/nofp\libcr_semihost_nf.a
LOAD c:/nxp/mcuxpressoide_11.9.0_2144/ide/plugins/com.nxp.mcuxpresso.tools.win32_11.9.0.202307121226/tools/bin/../lib/gcc/arm-none-eabi/12.3.1/../../../../arm-none-eabi/lib/thumb/v6-m/nofp\libcr_c.a
LOAD c:/nxp/mcuxpressoide_11.9.0_2144/ide/plugins/com.nxp.mcuxpresso.tools.win32_11.9.0.202307121226/tools/bin/../lib/gcc/arm-none-eabi/12.3.1/thumb/v6-m/nofp\libcr_eabihelpers.a
LOAD c:/nxp/mcuxpressoide_11.9.0_2144/ide/plugins/com.nxp.mcuxpresso.tools.win32_11.9.0.202307121226/tools/bin/../lib/gcc/arm-none-eabi/12.3.1/thumb/v6-m/nofp\libgcc.a
END GROUP
                0x00000000                        __base_PROGRAM_FLASH = 0x0
                0x00000000                        __base_Flash = 0x0
                0x00040000                        __top_PROGRAM_FLASH = 0x40000
                0x00040000                        __top_Flash = 0x40000
                0x1fffe000                        __base_SRAM = 0x1fffe000
                0x1fffe000                        __base_RAM = 0x1fffe000
                0x20006000                        __top_SRAM = 0x20006000
                0x20006000                        __top_RAM = 0x20006000

.text           0x00000000     0x6708
 FILL mask 0xff
                0x00000000                        __vectors_start__ = ABSOLUTE (.)
 *(SORT_BY_ALIGNMENT(.isr_vector))
 .isr_vector    0x00000000       0xc0 ./startup/startup_mkl43z4.o
                0x00000000                g_pfnVectors
                0x00000000                __Vectors
                0x000000c0                        . = ALIGN (0x4)
                0x000000c0                        __section_table_start = .
                0x000000c0                        __data_section_table = .
                0x000000c0        0x4 LONG 0x6708 LOADADDR (.data)
                0x000000c4        0x4 LONG 0x1fffe080 ADDR (.data)
                0x000000c8        0x4 LONG 0x4 SIZEOF (.data)
                0x000000cc                        __data_section_table_end = .
                0x000000cc                        __bss_section_table = .
                0x000000cc        0x4 LONG 0x1fffe084 ADDR (.bss)
                0x000000d0        0x4 LONG 0x568 SIZEOF (.bss)
                0x000000d4                        __bss_section_table_end = .
                0x000000d4                        __section_table_end = .
 *(SORT_BY_ALIGNMENT(.after_vectors*))
 .after_vectors.reset
                0x000000d4       0x4c ./startup/startup_mkl43z4.o
                0x000000d4                ResetISR
 .after_vectors.init_data
                0x00000120       0x12 ./startup/startup_mkl43z4.o
                0x00000120                data_init
 .after_vectors.init_bss
                0x00000132       0x10 ./startup/startup_mkl43z4.o
                0x00000132                bss_init
 .after_vectors
                0x00000142      0x10c ./startup/startup_mkl43z4.o
                0x00000142                NMI_Handler
                0x00000146                SVC_Handler
                0x00000148                PendSV_Handler
                0x0000014c                LPTMR0_DriverIRQHandler
                0x0000014c                PORTC_PORTD_DriverIRQHandler
                0x0000014c                Reserved42_DriverIRQHandler
                0x0000014c                Reserved43_DriverIRQHandler
                0x0000014c                PIT_DriverIRQHandler
                0x0000014c                CMP0_DriverIRQHandler
                0x0000014c                I2S0_DriverIRQHandler
                0x0000014c                ADC0_DriverIRQHandler
                0x0000014c                TPM2_DriverIRQHandler
                0x0000014c                TPM0_DriverIRQHandler
                0x0000014c                PMC_DriverIRQHandler
                0x0000014c                LCD_DriverIRQHandler
                0x0000014c                RTC_Seconds_DriverIRQHandler
                0x0000014c                LLWU_DriverIRQHandler
                0x0000014c                RTC_DriverIRQHandler
                0x0000014c                TPM1_DriverIRQHandler
                0x0000014c                PORTA_DriverIRQHandler
                0x0000014c                FTFA_DriverIRQHandler
                0x0000014c                IntDefaultHandler
                0x0000014c                USB0_DriverIRQHandler
                0x0000014c                DAC0_DriverIRQHandler
                0x0000014c                Reserved20_DriverIRQHandler
                0x0000014e                DMA0_IRQHandler
                0x00000156                DMA1_IRQHandler
                0x0000015e                DMA2_IRQHandler
                0x00000166                DMA3_IRQHandler
                0x0000016e                Reserved20_IRQHandler
                0x00000176                FTFA_IRQHandler
                0x0000017e                PMC_IRQHandler
                0x00000186                LLWU_IRQHandler
                0x0000018e                I2C0_IRQHandler
                0x00000196                I2C1_IRQHandler
                0x0000019e                SPI0_IRQHandler
                0x000001a6                SPI1_IRQHandler
                0x000001b6                LPUART1_IRQHandler
                0x000001be                UART2_FLEXIO_IRQHandler
                0x000001c6                ADC0_IRQHandler
                0x000001ce                CMP0_IRQHandler
                0x000001d6                TPM0_IRQHandler
                0x000001de                TPM1_IRQHandler
                0x000001e6                TPM2_IRQHandler
                0x000001ee                RTC_IRQHandler
                0x000001f6                RTC_Seconds_IRQHandler
                0x00000206                I2S0_IRQHandler
                0x0000020e                USB0_IRQHandler
                0x00000216                DAC0_IRQHandler
                0x0000021e                Reserved42_IRQHandler
                0x00000226                Reserved43_IRQHandler
                0x0000022e                LPTMR0_IRQHandler
                0x00000236                LCD_IRQHandler
                0x0000023e                PORTA_IRQHandler
                0x00000400                        . = 0x400
 *fill*         0x0000024e      0x1b2 ff
                0x00000400                        PROVIDE (__FLASH_CONFIG_START__ = .)
 *(SORT_BY_ALIGNMENT(.FlashConfig))
 .FlashConfig   0x00000400       0x10 ./startup/startup_mkl43z4.o
                0x00000400                Flash_Config
                0x00000410                        PROVIDE (__FLASH_CONFIG_END__ = .)
                0x00000001                        ASSERT (! ((__FLASH_CONFIG_START__ == __FLASH_CONFIG_END__)), Linker Flash Config Support Enabled, but no .FlashConfig section provided within application)
 *(SORT_BY_ALIGNMENT(.text*))
 .text.oled_init
                0x00000410       0x50 ./source/Drivers/SSD1306/oled.o
                0x00000410                oled_init
 .text.oled_putPixel
                0x00000460      0x1bc ./source/Drivers/SSD1306/oled.o
                0x00000460                oled_putPixel
 .text.oled_clearScreen
                0x0000061c       0x84 ./source/Drivers/SSD1306/oled.o
                0x0000061c                oled_clearScreen
 .text.oled_putChar
                0x000006a0      0x148 ./source/Drivers/SSD1306/oled.o
                0x000006a0                oled_putChar
 .text.APP_ShowPowerMode
                0x000007e8       0x4c ./source/Drivers/PowerMode/power_mode_switch.o
                0x000007e8                APP_ShowPowerMode
 .text.__NVIC_EnableIRQ
                0x00000834       0x34 ./source/Drivers/MMA8451/mma8451.o
 .text.__NVIC_SetPriority
                0x00000868       0xdc ./source/Drivers/MMA8451/mma8451.o
 .text.CLOCK_EnableClock
                0x00000944       0x34 ./source/Drivers/MMA8451/mma8451.o
 .text.PORT_SetPinConfig
                0x00000978       0x38 ./source/Drivers/MMA8451/mma8451.o
 .text.PORT_SetPinInterruptConfig
                0x000009b0       0x40 ./source/Drivers/MMA8451/mma8451.o
 .text.config_port_int2
                0x000009f0       0x80 ./source/Drivers/MMA8451/mma8451.o
 .text.mma8451_read_reg
                0x00000a70       0x68 ./source/Drivers/MMA8451/mma8451.o
 .text.mma8451_read_multiple_reg
                0x00000ad8       0x6c ./source/Drivers/MMA8451/mma8451.o
 .text.mma8451_write_reg
                0x00000b44       0x68 ./source/Drivers/MMA8451/mma8451.o
 .text.mma8451_clearInterruptions_config
                0x00000bac       0x5c ./source/Drivers/MMA8451/mma8451.o
                0x00000bac                mma8451_clearInterruptions_config
 .text.mma8451_getDataReadyInterruptStatus
                0x00000c08       0x30 ./source/Drivers/MMA8451/mma8451.o
                0x00000c08                mma8451_getDataReadyInterruptStatus
 .text.mma8451_getAcX
                0x00000c38       0x24 ./source/Drivers/MMA8451/mma8451.o
                0x00000c38                mma8451_getAcX
 .text.mma8451_getAcY
                0x00000c5c       0x24 ./source/Drivers/MMA8451/mma8451.o
                0x00000c5c                mma8451_getAcY
 .text.mma8451_getAcZ
                0x00000c80       0x24 ./source/Drivers/MMA8451/mma8451.o
                0x00000c80                mma8451_getAcZ
 .text.fastReadAcelerationsFromRegister
                0x00000ca4       0x44 ./source/Drivers/MMA8451/mma8451.o
                0x00000ca4                fastReadAcelerationsFromRegister
 .text.PORTC_PORTD_IRQHandler
                0x00000ce8       0x70 ./source/Drivers/MMA8451/mma8451.o
                0x00000ce8                PORTC_PORTD_IRQHandler
 .text.key_init
                0x00000d58       0x40 ./source/Drivers/Key/key.o
                0x00000d58                key_init
 .text.key_getPressEv
                0x00000d98       0x44 ./source/Drivers/Key/key.o
                0x00000d98                key_getPressEv
 .text.key_periodicTask1ms
                0x00000ddc       0x98 ./source/Drivers/Key/key.o
                0x00000ddc                key_periodicTask1ms
 .text.CLOCK_EnableClock
                0x00000e74       0x34 ./source/Drivers/I2C/SD2_I2C.o
 .text.PORT_SetPinConfig
                0x00000ea8       0x38 ./source/Drivers/I2C/SD2_I2C.o
 .text.I2C_releaseBus
                0x00000ee0      0x124 ./source/Drivers/I2C/SD2_I2C.o
 .text.I2C_configPins
                0x00001004       0x80 ./source/Drivers/I2C/SD2_I2C.o
 .text.SD2_I2C_init
                0x00001084       0x44 ./source/Drivers/I2C/SD2_I2C.o
                0x00001084                SD2_I2C_init
 .text.CLOCK_EnableClock
                0x000010c8       0x34 ./source/Drivers/Board/SD2_board.o
 .text.PORT_SetPinConfig
                0x000010fc       0x38 ./source/Drivers/Board/SD2_board.o
 .text.board_init
                0x00001134      0x220 ./source/Drivers/Board/SD2_board.o
                0x00001134                board_init
 .text.board_setLed
                0x00001354       0xd8 ./source/Drivers/Board/SD2_board.o
                0x00001354                board_setLed
 .text.board_getSw
                0x0000142c       0x50 ./source/Drivers/Board/SD2_board.o
                0x0000142c                board_getSw
 .text.board_setOledPin
                0x0000147c       0x50 ./source/Drivers/Board/SD2_board.o
                0x0000147c                board_setOledPin
 .text.board_configSPI0
                0x000014cc       0x90 ./source/Drivers/Board/SD2_board.o
                0x000014cc                board_configSPI0
 .text.board_SPI0Send
                0x0000155c       0x38 ./source/Drivers/Board/SD2_board.o
                0x0000155c                board_SPI0Send
 .text.PIT_IRQHandler
                0x00001594       0x24 ./source/Drivers/time.o
                0x00001594                PIT_IRQHandler
 .text.__NVIC_EnableIRQ
                0x000015b8       0x34 ./source/Drivers/uart_ringBuffer.o
 .text.__NVIC_DisableIRQ
                0x000015ec       0x44 ./source/Drivers/uart_ringBuffer.o
 .text.CLOCK_SetLpuart0Clock
                0x00001630       0x38 ./source/Drivers/uart_ringBuffer.o
 .text.PORT_SetPinMux
                0x00001668       0x40 ./source/Drivers/uart_ringBuffer.o
 .text.uart_ringBuffer_init
                0x000016a8       0xb0 ./source/Drivers/uart_ringBuffer.o
                0x000016a8                uart_ringBuffer_init
 .text.uart_ringBuffer_recDatos
                0x00001758       0x60 ./source/Drivers/uart_ringBuffer.o
                0x00001758                uart_ringBuffer_recDatos
 .text.uart_ringBuffer_envDatos
                0x000017b8       0x84 ./source/Drivers/uart_ringBuffer.o
                0x000017b8                uart_ringBuffer_envDatos
 .text.LPUART0_IRQHandler
                0x0000183c       0xb4 ./source/Drivers/uart_ringBuffer.o
                0x0000183c                LPUART0_IRQHandler
 .text.mef_principal_init
                0x000018f0       0x3c ./source/App/mef_principal.o
                0x000018f0                mef_principal_init
 .text.mef_principal
                0x0000192c      0x110 ./source/App/mef_principal.o
                0x0000192c                mef_principal
 .text.mef_principal_task1ms
                0x00001a3c       0x2c ./source/App/mef_principal.o
                0x00001a3c                mef_principal_task1ms
 .text.mefRecTrama_task
                0x00001a68      0x178 ./source/App/mef_trama_rec.o
                0x00001a68                mefRecTrama_task
 .text.tramaProcess
                0x00001be0      0x19c ./source/App/trama_process.o
                0x00001be0                tramaProcess
 .text.__NVIC_SetPriority
                0x00001d7c       0xdc ./source/main.o
 .text.SysTick_Config
                0x00001e58       0x48 ./source/main.o
 .text.init_clocks_and_power_mode
                0x00001ea0       0xb8 ./source/main.o
                0x00001ea0                init_clocks_and_power_mode
 .text.main     0x00001f58       0x54 ./source/main.o
                0x00001f58                main
 .text.HardFault_Handler
                0x00001fac       0x30 ./source/semihost_hardfault.o
                0x00001fac                HardFault_Handler
 .text.CLOCK_SetEr32kClock
                0x00001fdc       0x34 ./drivers/fsl_clock.o
 .text.CLOCK_GetLircClkFreq
                0x00002010       0x50 ./drivers/fsl_clock.o
 .text.CLOCK_GetOsc0ErClkFreq
                0x00002060       0x44 ./drivers/fsl_clock.o
                0x00002060                CLOCK_GetOsc0ErClkFreq
 .text.CLOCK_GetEr32kClkFreq
                0x000020a4       0x78 ./drivers/fsl_clock.o
                0x000020a4                CLOCK_GetEr32kClkFreq
 .text.CLOCK_GetFreq
                0x0000211c       0xc0 ./drivers/fsl_clock.o
                0x0000211c                CLOCK_GetFreq
 .text.CLOCK_SetSimConfig
                0x000021dc       0x2c ./drivers/fsl_clock.o
                0x000021dc                CLOCK_SetSimConfig
 .text.CLOCK_GetInternalRefClkFreq
                0x00002208       0x48 ./drivers/fsl_clock.o
                0x00002208                CLOCK_GetInternalRefClkFreq
 .text.CLOCK_GetPeriphClkFreq
                0x00002250       0x3c ./drivers/fsl_clock.o
                0x00002250                CLOCK_GetPeriphClkFreq
 .text.CLOCK_GetOutClkFreq
                0x0000228c       0x7c ./drivers/fsl_clock.o
                0x0000228c                CLOCK_GetOutClkFreq
 .text.CLOCK_SetMcgliteConfig
                0x00002308      0x110 ./drivers/fsl_clock.o
                0x00002308                CLOCK_SetMcgliteConfig
 .text.DMA_ClearChannelStatusFlags
                0x00002418       0x54 ./drivers/fsl_dma.o
 .text.DMA_HandleIRQ
                0x0000246c       0x4c ./drivers/fsl_dma.o
                0x0000246c                DMA_HandleIRQ
 .text.DMA0_DriverIRQHandler
                0x000024b8       0x18 ./drivers/fsl_dma.o
                0x000024b8                DMA0_DriverIRQHandler
 .text.DMA1_DriverIRQHandler
                0x000024d0       0x18 ./drivers/fsl_dma.o
                0x000024d0                DMA1_DriverIRQHandler
 .text.DMA2_DriverIRQHandler
                0x000024e8       0x18 ./drivers/fsl_dma.o
                0x000024e8                DMA2_DriverIRQHandler
 .text.DMA3_DriverIRQHandler
                0x00002500       0x18 ./drivers/fsl_dma.o
                0x00002500                DMA3_DriverIRQHandler
 .text.FLEXIO_CommonIRQHandler
                0x00002518       0x68 ./drivers/fsl_flexio.o
                0x00002518                FLEXIO_CommonIRQHandler
 .text.GPIO_PinInit
                0x00002580       0x68 ./drivers/fsl_gpio.o
                0x00002580                GPIO_PinInit
 .text.CLOCK_EnableClock
                0x000025e8       0x34 ./drivers/fsl_i2c.o
 .text.I2C_GetInstance
                0x0000261c       0x4c ./drivers/fsl_i2c.o
                0x0000261c                I2C_GetInstance
 .text.I2C_CheckAndClearError
                0x00002668       0x40 ./drivers/fsl_i2c.o
 .text.I2C_TransferCommonIRQHandler
                0x000026a8       0x64 ./drivers/fsl_i2c.o
 .text.I2C_MasterInit
                0x0000270c      0x108 ./drivers/fsl_i2c.o
                0x0000270c                I2C_MasterInit
 .text.I2C_MasterGetDefaultConfig
                0x00002814       0x4c ./drivers/fsl_i2c.o
                0x00002814                I2C_MasterGetDefaultConfig
 .text.I2C_MasterSetBaudRate
                0x00002860       0xf8 ./drivers/fsl_i2c.o
                0x00002860                I2C_MasterSetBaudRate
 .text.I2C_MasterStart
                0x00002958       0x84 ./drivers/fsl_i2c.o
                0x00002958                I2C_MasterStart
 .text.I2C_MasterRepeatedStart
                0x000029dc       0xcc ./drivers/fsl_i2c.o
                0x000029dc                I2C_MasterRepeatedStart
 .text.I2C_MasterWriteBlocking
                0x00002aa8       0xec ./drivers/fsl_i2c.o
                0x00002aa8                I2C_MasterWriteBlocking
 .text.I2C_MasterTransferBlocking
                0x00002b94      0x27c ./drivers/fsl_i2c.o
                0x00002b94                I2C_MasterTransferBlocking
 .text.I2C0_DriverIRQHandler
                0x00002e10       0x20 ./drivers/fsl_i2c.o
                0x00002e10                I2C0_DriverIRQHandler
 .text.I2C1_DriverIRQHandler
                0x00002e30       0x20 ./drivers/fsl_i2c.o
                0x00002e30                I2C1_DriverIRQHandler
 .text.CLOCK_EnableClock
                0x00002e50       0x34 ./drivers/fsl_lpuart.o
 .text.LPUART_GetInstance
                0x00002e84       0x4c ./drivers/fsl_lpuart.o
                0x00002e84                LPUART_GetInstance
 .text.LPUART_Init
                0x00002ed0      0x2bc ./drivers/fsl_lpuart.o
                0x00002ed0                LPUART_Init
 .text.LPUART_GetDefaultConfig
                0x0000318c       0x68 ./drivers/fsl_lpuart.o
                0x0000318c                LPUART_GetDefaultConfig
 .text.LPUART_GetEnabledInterrupts
                0x000031f4       0x30 ./drivers/fsl_lpuart.o
                0x000031f4                LPUART_GetEnabledInterrupts
 .text.LPUART0_DriverIRQHandler
                0x00003224       0x24 ./drivers/fsl_lpuart.o
                0x00003224                LPUART0_DriverIRQHandler
 .text.LPUART1_DriverIRQHandler
                0x00003248       0x24 ./drivers/fsl_lpuart.o
                0x00003248                LPUART1_DriverIRQHandler
 .text.CLOCK_EnableClock
                0x0000326c       0x34 ./drivers/fsl_spi.o
 .text.SPI_GetInstance
                0x000032a0       0x4c ./drivers/fsl_spi.o
                0x000032a0                SPI_GetInstance
 .text.SPI_SetDummyData
                0x000032ec       0x34 ./drivers/fsl_spi.o
                0x000032ec                SPI_SetDummyData
 .text.SPI_WriteNonBlocking
                0x00003320       0xa8 ./drivers/fsl_spi.o
 .text.SPI_MasterGetDefaultConfig
                0x000033c8       0x64 ./drivers/fsl_spi.o
                0x000033c8                SPI_MasterGetDefaultConfig
 .text.SPI_MasterInit
                0x0000342c      0x164 ./drivers/fsl_spi.o
                0x0000342c                SPI_MasterInit
 .text.SPI_MasterTransferBlocking
                0x00003590      0x100 ./drivers/fsl_spi.o
                0x00003590                SPI_MasterTransferBlocking
 .text.SPI_CommonIRQHandler
                0x00003690       0x54 ./drivers/fsl_spi.o
 .text.SPI0_DriverIRQHandler
                0x000036e4       0x30 ./drivers/fsl_spi.o
                0x000036e4                SPI0_DriverIRQHandler
 .text.SPI1_DriverIRQHandler
                0x00003714       0x30 ./drivers/fsl_spi.o
                0x00003714                SPI1_DriverIRQHandler
 .text.SystemInit
                0x00003744       0x40 ./device/system_MKL43Z4.o
                0x00003744                SystemInit
 .text.CLOCK_SetLpuart0Clock
                0x00003784       0x38 ./board/board.o
 .text.CLOCK_SetSimSafeDivs
                0x000037bc       0x20 ./board/clock_config.o
 .text.BOARD_BootClockRUN
                0x000037dc       0x34 ./board/clock_config.o
                0x000037dc                BOARD_BootClockRUN
 .text.__assertion_failed
                0x00003810       0x50 c:/nxp/mcuxpressoide_11.9.0_2144/ide/plugins/com.nxp.mcuxpresso.tools.win32_11.9.0.202307121226/tools/bin/../lib/gcc/arm-none-eabi/12.3.1/../../../../arm-none-eabi/lib/thumb/v6-m/nofp\libcr_semihost_nf.a(_cr_assert.o)
                0x00003810                __assertion_failed
 .text.__sys_appexit
                0x00003860        0xc c:/nxp/mcuxpressoide_11.9.0_2144/ide/plugins/com.nxp.mcuxpresso.tools.win32_11.9.0.202307121226/tools/bin/../lib/gcc/arm-none-eabi/12.3.1/../../../../arm-none-eabi/lib/thumb/v6-m/nofp\libcr_semihost_nf.a(__sys_appexit.o)
                0x00003860                __sys_appexit
                0x00003860                __exit
 .text._deferredlazyseek
                0x0000386c       0x40 c:/nxp/mcuxpressoide_11.9.0_2144/ide/plugins/com.nxp.mcuxpresso.tools.win32_11.9.0.202307121226/tools/bin/../lib/gcc/arm-none-eabi/12.3.1/../../../../arm-none-eabi/lib/thumb/v6-m/nofp\libcr_c.a(_deferredlazyseek.o)
                0x0000386c                _deferredlazyseek
 .text.__flsbuf
                0x000038ac      0x150 c:/nxp/mcuxpressoide_11.9.0_2144/ide/plugins/com.nxp.mcuxpresso.tools.win32_11.9.0.202307121226/tools/bin/../lib/gcc/arm-none-eabi/12.3.1/../../../../arm-none-eabi/lib/thumb/v6-m/nofp\libcr_c.a(_deferredlazyseek.o)
                0x000038ac                __flsbuf
 .text._fflush  0x000039fc       0x5c c:/nxp/mcuxpressoide_11.9.0_2144/ide/plugins/com.nxp.mcuxpresso.tools.win32_11.9.0.202307121226/tools/bin/../lib/gcc/arm-none-eabi/12.3.1/../../../../arm-none-eabi/lib/thumb/v6-m/nofp\libcr_c.a(_fflush.o)
                0x000039fc                _fflush
 .text._Cwritebuf
                0x00003a58       0x68 c:/nxp/mcuxpressoide_11.9.0_2144/ide/plugins/com.nxp.mcuxpresso.tools.win32_11.9.0.202307121226/tools/bin/../lib/gcc/arm-none-eabi/12.3.1/../../../../arm-none-eabi/lib/thumb/v6-m/nofp\libcr_c.a(_writebuf.o)
                0x00003a58                _Cwritebuf
 .text.malloc   0x00003ac0       0xdc c:/nxp/mcuxpressoide_11.9.0_2144/ide/plugins/com.nxp.mcuxpresso.tools.win32_11.9.0.202307121226/tools/bin/../lib/gcc/arm-none-eabi/12.3.1/../../../../arm-none-eabi/lib/thumb/v6-m/nofp\libcr_c.a(alloc.o)
                0x00003ac0                malloc
 .text._Csys_alloc
                0x00003b9c       0x20 c:/nxp/mcuxpressoide_11.9.0_2144/ide/plugins/com.nxp.mcuxpresso.tools.win32_11.9.0.202307121226/tools/bin/../lib/gcc/arm-none-eabi/12.3.1/../../../../arm-none-eabi/lib/thumb/v6-m/nofp\libcr_c.a(alloc.o)
                0x00003b9c                _Csys_alloc
 .text.fseek    0x00003bbc       0xec c:/nxp/mcuxpressoide_11.9.0_2144/ide/plugins/com.nxp.mcuxpresso.tools.win32_11.9.0.202307121226/tools/bin/../lib/gcc/arm-none-eabi/12.3.1/../../../../arm-none-eabi/lib/thumb/v6-m/nofp\libcr_c.a(fseek.o)
                0x00003bbc                fseek
 .text.ftell    0x00003ca8       0x4c c:/nxp/mcuxpressoide_11.9.0_2144/ide/plugins/com.nxp.mcuxpresso.tools.win32_11.9.0.202307121226/tools/bin/../lib/gcc/arm-none-eabi/12.3.1/../../../../arm-none-eabi/lib/thumb/v6-m/nofp\libcr_c.a(ftell.o)
                0x00003ca8                ftell
 .text._initio  0x00003cf4       0x7c c:/nxp/mcuxpressoide_11.9.0_2144/ide/plugins/com.nxp.mcuxpresso.tools.win32_11.9.0.202307121226/tools/bin/../lib/gcc/arm-none-eabi/12.3.1/../../../../arm-none-eabi/lib/thumb/v6-m/nofp\libcr_c.a(initio.o)
                0x00003cf4                _initio
 .text.__vfprintf
                0x00003d70      0xd88 c:/nxp/mcuxpressoide_11.9.0_2144/ide/plugins/com.nxp.mcuxpresso.tools.win32_11.9.0.202307121226/tools/bin/../lib/gcc/arm-none-eabi/12.3.1/../../../../arm-none-eabi/lib/thumb/v6-m/nofp\libcr_c.a(printf.o)
                0x00003d70                __vfprintf
 .text._sprintf
                0x00004af8       0x68 c:/nxp/mcuxpressoide_11.9.0_2144/ide/plugins/com.nxp.mcuxpresso.tools.win32_11.9.0.202307121226/tools/bin/../lib/gcc/arm-none-eabi/12.3.1/../../../../arm-none-eabi/lib/thumb/v6-m/nofp\libcr_c.a(printf.o)
                0x00004af8                _sprintf
 .text._snprintf
                0x00004b60       0x7c c:/nxp/mcuxpressoide_11.9.0_2144/ide/plugins/com.nxp.mcuxpresso.tools.win32_11.9.0.202307121226/tools/bin/../lib/gcc/arm-none-eabi/12.3.1/../../../../arm-none-eabi/lib/thumb/v6-m/nofp\libcr_c.a(printf.o)
                0x00004b60                _snprintf
 .text._vsnprintf
                0x00004bdc       0x70 c:/nxp/mcuxpressoide_11.9.0_2144/ide/plugins/com.nxp.mcuxpresso.tools.win32_11.9.0.202307121226/tools/bin/../lib/gcc/arm-none-eabi/12.3.1/../../../../arm-none-eabi/lib/thumb/v6-m/nofp\libcr_c.a(printf.o)
                0x00004bdc                _vsnprintf
 .text._printf  0x00004c4c       0x50 c:/nxp/mcuxpressoide_11.9.0_2144/ide/plugins/com.nxp.mcuxpresso.tools.win32_11.9.0.202307121226/tools/bin/../lib/gcc/arm-none-eabi/12.3.1/../../../../arm-none-eabi/lib/thumb/v6-m/nofp\libcr_c.a(printf.o)
                0x00004c4c                _printf
 .text.setvbuf  0x00004c9c       0x4c c:/nxp/mcuxpressoide_11.9.0_2144/ide/plugins/com.nxp.mcuxpresso.tools.win32_11.9.0.202307121226/tools/bin/../lib/gcc/arm-none-eabi/12.3.1/../../../../arm-none-eabi/lib/thumb/v6-m/nofp\libcr_c.a(setvbuf.o)
                0x00004c9c                setvbuf
 .text.strlen   0x00004ce8       0x5c c:/nxp/mcuxpressoide_11.9.0_2144/ide/plugins/com.nxp.mcuxpresso.tools.win32_11.9.0.202307121226/tools/bin/../lib/gcc/arm-none-eabi/12.3.1/../../../../arm-none-eabi/lib/thumb/v6-m/nofp\libcr_c.a(strlen.o)
                0x00004ce8                strlen
 .text._sbrk    0x00004d44       0x44 c:/nxp/mcuxpressoide_11.9.0_2144/ide/plugins/com.nxp.mcuxpresso.tools.win32_11.9.0.202307121226/tools/bin/../lib/gcc/arm-none-eabi/12.3.1/../../../../arm-none-eabi/lib/thumb/v6-m/nofp\libcr_c.a(_cr_sbrk.o)
                0x00004d44                _sbrk
 .text._fdopen  0x00004d88       0x74 c:/nxp/mcuxpressoide_11.9.0_2144/ide/plugins/com.nxp.mcuxpresso.tools.win32_11.9.0.202307121226/tools/bin/../lib/gcc/arm-none-eabi/12.3.1/../../../../arm-none-eabi/lib/thumb/v6-m/nofp\libcr_c.a(_fdopen.o)
                0x00004d88                _fdopen
 .text.fclose   0x00004dfc       0x5c c:/nxp/mcuxpressoide_11.9.0_2144/ide/plugins/com.nxp.mcuxpresso.tools.win32_11.9.0.202307121226/tools/bin/../lib/gcc/arm-none-eabi/12.3.1/../../../../arm-none-eabi/lib/thumb/v6-m/nofp\libcr_c.a(fclose.o)
                0x00004dfc                fclose
 .text.fflush   0x00004e58       0x40 c:/nxp/mcuxpressoide_11.9.0_2144/ide/plugins/com.nxp.mcuxpresso.tools.win32_11.9.0.202307121226/tools/bin/../lib/gcc/arm-none-eabi/12.3.1/../../../../arm-none-eabi/lib/thumb/v6-m/nofp\libcr_c.a(fflush.o)
                0x00004e58                fflush
 .text.__check_heap_overflow
                0x00004e98       0x18 c:/nxp/mcuxpressoide_11.9.0_2144/ide/plugins/com.nxp.mcuxpresso.tools.win32_11.9.0.202307121226/tools/bin/../lib/gcc/arm-none-eabi/12.3.1/../../../../arm-none-eabi/lib/thumb/v6-m/nofp\libcr_c.a(_cr_check_heap.o)
                0x00004e98                __check_heap_overflow
 .text._do_fflush
                0x00004eb0       0x48 c:/nxp/mcuxpressoide_11.9.0_2144/ide/plugins/com.nxp.mcuxpresso.tools.win32_11.9.0.202307121226/tools/bin/../lib/gcc/arm-none-eabi/12.3.1/../../../../arm-none-eabi/lib/thumb/v6-m/nofp\libcr_c.a(_do_fflush.o)
                0x00004eb0                _do_fflush
 .text.writeCommand
                0x00004ef8       0x26 ./source/Drivers/SSD1306/oled.o
 .text.writeData
                0x00004f1e       0x26 ./source/Drivers/SSD1306/oled.o
 .text.writeDataLen
                0x00004f44       0x5e ./source/Drivers/SSD1306/oled.o
 .text.runInitSequence
                0x00004fa2       0xa6 ./source/Drivers/SSD1306/oled.o
 .text.oled_setContrast
                0x00005048       0x24 ./source/Drivers/SSD1306/oled.o
                0x00005048                oled_setContrast
 .text.oled_putString
                0x0000506c       0x68 ./source/Drivers/SSD1306/oled.o
                0x0000506c                oled_putString
 .text.PORT_ClearPinsInterruptFlags
                0x000050d4       0x1a ./source/Drivers/MMA8451/mma8451.o
 .text.mma8451_dataReady_config
                0x000050ee      0x12a ./source/Drivers/MMA8451/mma8451.o
                0x000050ee                mma8451_dataReady_config
 .text.GPIO_PinWrite
                0x00005218       0x38 ./source/Drivers/I2C/SD2_I2C.o
 .text.i2c_release_bus_delay
                0x00005250       0x28 ./source/Drivers/I2C/SD2_I2C.o
 .text.GPIO_PinWrite
                0x00005278       0x38 ./source/Drivers/Board/SD2_board.o
 .text.GPIO_PortSet
                0x000052b0       0x18 ./source/Drivers/Board/SD2_board.o
 .text.GPIO_PortClear
                0x000052c8       0x18 ./source/Drivers/Board/SD2_board.o
 .text.GPIO_PortToggle
                0x000052e0       0x18 ./source/Drivers/Board/SD2_board.o
 .text.GPIO_PinRead
                0x000052f8       0x20 ./source/Drivers/Board/SD2_board.o
 .text.PIT_ClearStatusFlags
                0x00005318       0x2e ./source/Drivers/time.o
 .text.EnableIRQ
                0x00005346       0x30 ./source/Drivers/uart_ringBuffer.o
 .text.LPUART_WriteByte
                0x00005376       0x1e ./source/Drivers/uart_ringBuffer.o
 .text.LPUART_ReadByte
                0x00005394       0x16 ./source/Drivers/uart_ringBuffer.o
 .text.accionLed
                0x000053aa       0x44 ./source/App/trama_process.o
 .text.accionSwitch
                0x000053ee       0x38 ./source/App/trama_process.o
 .text.SMC_SetPowerModeProtection
                0x00005426       0x1e ./source/main.o
 .text.SMC_GetPowerModeState
                0x00005444       0x16 ./source/main.o
 .text.SysTick_Handler
                0x0000545a       0x12 ./source/main.o
                0x0000545a                SysTick_Handler
 .text.ringBuffer_init
                0x0000546c       0x60 ./source/ringBuffer.o
                0x0000546c                ringBuffer_init
 .text.ringBuffer_putData
                0x000054cc       0x90 ./source/ringBuffer.o
                0x000054cc                ringBuffer_putData
 .text.ringBuffer_getData
                0x0000555c       0x6c ./source/ringBuffer.o
                0x0000555c                ringBuffer_getData
 .text.ringBuffer_isFull
                0x000055c8       0x24 ./source/ringBuffer.o
                0x000055c8                ringBuffer_isFull
 .text.ringBuffer_isEmpty
                0x000055ec       0x1e ./source/ringBuffer.o
                0x000055ec                ringBuffer_isEmpty
 .text.UART2_FLEXIO_DriverIRQHandler
                0x0000560a        0xe ./drivers/fsl_flexio.o
                0x0000560a                UART2_FLEXIO_DriverIRQHandler
 .text.GPIO_PinWrite
                0x00005618       0x38 ./drivers/fsl_gpio.o
 .text.I2C_MasterClearStatusFlags
                0x00005650       0x56 ./drivers/fsl_i2c.o
 .text.I2C_MasterStop
                0x000056a6       0x36 ./drivers/fsl_i2c.o
                0x000056a6                I2C_MasterStop
 .text.I2C_MasterGetStatusFlags
                0x000056dc       0x4a ./drivers/fsl_i2c.o
                0x000056dc                I2C_MasterGetStatusFlags
 .text.I2C_MasterReadBlocking
                0x00005726       0xea ./drivers/fsl_i2c.o
                0x00005726                I2C_MasterReadBlocking
 .text.LPUART_EnableInterrupts
                0x00005810       0x3a ./drivers/fsl_lpuart.o
                0x00005810                LPUART_EnableInterrupts
 .text.LPUART_DisableInterrupts
                0x0000584a       0x3e ./drivers/fsl_lpuart.o
                0x0000584a                LPUART_DisableInterrupts
 .text.LPUART_GetStatusFlags
                0x00005888       0x18 ./drivers/fsl_lpuart.o
                0x00005888                LPUART_GetStatusFlags
 .text.SPI_ReadNonBlocking
                0x000058a0       0x88 ./drivers/fsl_spi.o
 .text.SPI_MasterSetBaudRate
                0x00005928       0xc0 ./drivers/fsl_spi.o
                0x00005928                SPI_MasterSetBaudRate
 .text.SPI_ReadData
                0x000059e8       0x3a ./drivers/fsl_spi.o
                0x000059e8                SPI_ReadData
 .text.SystemInitHook
                0x00005a22        0xa ./device/system_MKL43Z4.o
                0x00005a22                SystemInitHook
 .text.DbgConsole_Init
                0x00005a2c       0x26 ./board/board.o
 .text.BOARD_InitDebugConsole
                0x00005a52       0x2c ./board/board.o
                0x00005a52                BOARD_InitDebugConsole
 .text.BOARD_InitBootClocks
                0x00005a7e        0xe ./board/clock_config.o
                0x00005a7e                BOARD_InitBootClocks
 .text.__main   0x00005a8c        0xc c:/nxp/mcuxpressoide_11.9.0_2144/ide/plugins/com.nxp.mcuxpresso.tools.win32_11.9.0.202307121226/tools/bin/../lib/gcc/arm-none-eabi/12.3.1/../../../../arm-none-eabi/lib/thumb/v6-m/nofp\libcr_semihost_nf.a(_cr__main.o)
                0x00005a8c                __CR_SEMIHOST
                0x00005a8c                __main
 .text.memset   0x00005a98        0x8 c:/nxp/mcuxpressoide_11.9.0_2144/ide/plugins/com.nxp.mcuxpresso.tools.win32_11.9.0.202307121226/tools/bin/../lib/gcc/arm-none-eabi/12.3.1/../../../../arm-none-eabi/lib/thumb/v6-m/nofp\libcr_c.a(memset.o)
                0x00005a98                memset
 .text.free     0x00005aa0       0x2c c:/nxp/mcuxpressoide_11.9.0_2144/ide/plugins/com.nxp.mcuxpresso.tools.win32_11.9.0.202307121226/tools/bin/../lib/gcc/arm-none-eabi/12.3.1/../../../../arm-none-eabi/lib/thumb/v6-m/nofp\libcr_c.a(alloc.o)
                0x00005aa0                free
 .text.fputs    0x00005acc       0x2e c:/nxp/mcuxpressoide_11.9.0_2144/ide/plugins/com.nxp.mcuxpresso.tools.win32_11.9.0.202307121226/tools/bin/../lib/gcc/arm-none-eabi/12.3.1/../../../../arm-none-eabi/lib/thumb/v6-m/nofp\libcr_c.a(fputs.o)
                0x00005acc                fputs
 .text.no_fp_display
                0x00005afa        0x4 c:/nxp/mcuxpressoide_11.9.0_2144/ide/plugins/com.nxp.mcuxpresso.tools.win32_11.9.0.202307121226/tools/bin/../lib/gcc/arm-none-eabi/12.3.1/../../../../arm-none-eabi/lib/thumb/v6-m/nofp\libcr_c.a(printf.o)
 .text.remove   0x00005afe       0x12 c:/nxp/mcuxpressoide_11.9.0_2144/ide/plugins/com.nxp.mcuxpresso.tools.win32_11.9.0.202307121226/tools/bin/../lib/gcc/arm-none-eabi/12.3.1/../../../../arm-none-eabi/lib/thumb/v6-m/nofp\libcr_c.a(remove.o)
                0x00005afe                remove
 .text.__aeabi_division_idivmod
                0x00005b10       0x78 c:/nxp/mcuxpressoide_11.9.0_2144/ide/plugins/com.nxp.mcuxpresso.tools.win32_11.9.0.202307121226/tools/bin/../lib/gcc/arm-none-eabi/12.3.1/thumb/v6-m/nofp\libcr_eabihelpers.a(division_32.o)
                0x00005b10                __aeabi_idivmod
                0x00005b10                __aeabi_idiv
                0x00005b16                __aeabi_uidivmod
                0x00005b16                __aeabi_uidiv
 .text.__aeabi_division_idiv0
                0x00005b88        0x2 c:/nxp/mcuxpressoide_11.9.0_2144/ide/plugins/com.nxp.mcuxpresso.tools.win32_11.9.0.202307121226/tools/bin/../lib/gcc/arm-none-eabi/12.3.1/thumb/v6-m/nofp\libcr_eabihelpers.a(division_idiv0.o)
                0x00005b88                __aeabi_idiv0
 .text.__aeabi_llong_lmul
                0x00005b8a       0x2e c:/nxp/mcuxpressoide_11.9.0_2144/ide/plugins/com.nxp.mcuxpresso.tools.win32_11.9.0.202307121226/tools/bin/../lib/gcc/arm-none-eabi/12.3.1/thumb/v6-m/nofp\libcr_eabihelpers.a(llong.o)
                0x00005b8a                __aeabi_lmul
 .text.__aeabi_memset_lowlevel
                0x00005bb8       0x2a c:/nxp/mcuxpressoide_11.9.0_2144/ide/plugins/com.nxp.mcuxpresso.tools.win32_11.9.0.202307121226/tools/bin/../lib/gcc/arm-none-eabi/12.3.1/thumb/v6-m/nofp\libcr_eabihelpers.a(memcpy.o)
                0x00005bb8                __aeabi_lowlevel_memset
 .text.__gnu_thumb1_case_uqi
                0x00005be2       0x10 c:/nxp/mcuxpressoide_11.9.0_2144/ide/plugins/com.nxp.mcuxpresso.tools.win32_11.9.0.202307121226/tools/bin/../lib/gcc/arm-none-eabi/12.3.1/thumb/v6-m/nofp\libcr_eabihelpers.a(thumb1_switch_helpers.o)
                0x00005be2                __gnu_thumb1_case_uqi
 .text.__gnu_thumb1_case_shi
                0x00005bf2       0x10 c:/nxp/mcuxpressoide_11.9.0_2144/ide/plugins/com.nxp.mcuxpresso.tools.win32_11.9.0.202307121226/tools/bin/../lib/gcc/arm-none-eabi/12.3.1/thumb/v6-m/nofp\libcr_eabihelpers.a(thumb1_switch_helpers.o)
                0x00005bf2                __gnu_thumb1_case_shi
 .text.__gnu_thumb1_case_uhi
                0x00005c02       0x10 c:/nxp/mcuxpressoide_11.9.0_2144/ide/plugins/com.nxp.mcuxpresso.tools.win32_11.9.0.202307121226/tools/bin/../lib/gcc/arm-none-eabi/12.3.1/thumb/v6-m/nofp\libcr_eabihelpers.a(thumb1_switch_helpers.o)
                0x00005c02                __gnu_thumb1_case_uhi
 .text.__sys_close
                0x00005c12        0xc c:/nxp/mcuxpressoide_11.9.0_2144/ide/plugins/com.nxp.mcuxpresso.tools.win32_11.9.0.202307121226/tools/bin/../lib/gcc/arm-none-eabi/12.3.1/../../../../arm-none-eabi/lib/thumb/v6-m/nofp\libcr_semihost_nf.a(__sys_close.o)
                0x00005c12                __sys_close
 .text.__sys_flen
                0x00005c1e        0xc c:/nxp/mcuxpressoide_11.9.0_2144/ide/plugins/com.nxp.mcuxpresso.tools.win32_11.9.0.202307121226/tools/bin/../lib/gcc/arm-none-eabi/12.3.1/../../../../arm-none-eabi/lib/thumb/v6-m/nofp\libcr_semihost_nf.a(__sys_flen.o)
                0x00005c1e                __sys_flen
 .text.__sys_istty
                0x00005c2a        0xc c:/nxp/mcuxpressoide_11.9.0_2144/ide/plugins/com.nxp.mcuxpresso.tools.win32_11.9.0.202307121226/tools/bin/../lib/gcc/arm-none-eabi/12.3.1/../../../../arm-none-eabi/lib/thumb/v6-m/nofp\libcr_semihost_nf.a(__sys_istty.o)
                0x00005c2a                __sys_istty
 .text.__sys_remove
                0x00005c36        0xc c:/nxp/mcuxpressoide_11.9.0_2144/ide/plugins/com.nxp.mcuxpresso.tools.win32_11.9.0.202307121226/tools/bin/../lib/gcc/arm-none-eabi/12.3.1/../../../../arm-none-eabi/lib/thumb/v6-m/nofp\libcr_semihost_nf.a(__sys_remove.o)
                0x00005c36                __sys_remove
 .text.__sys_seek
                0x00005c42        0xc c:/nxp/mcuxpressoide_11.9.0_2144/ide/plugins/com.nxp.mcuxpresso.tools.win32_11.9.0.202307121226/tools/bin/../lib/gcc/arm-none-eabi/12.3.1/../../../../arm-none-eabi/lib/thumb/v6-m/nofp\libcr_semihost_nf.a(__sys_seek.o)
                0x00005c42                __sys_seek
 .text.__sys_tmpnam
                0x00005c4e        0xc c:/nxp/mcuxpressoide_11.9.0_2144/ide/plugins/com.nxp.mcuxpresso.tools.win32_11.9.0.202307121226/tools/bin/../lib/gcc/arm-none-eabi/12.3.1/../../../../arm-none-eabi/lib/thumb/v6-m/nofp\libcr_semihost_nf.a(__sys_tmpnam.o)
                0x00005c4e                __sys_tmpnam
 .text.__sys_write
                0x00005c5a        0xc c:/nxp/mcuxpressoide_11.9.0_2144/ide/plugins/com.nxp.mcuxpresso.tools.win32_11.9.0.202307121226/tools/bin/../lib/gcc/arm-none-eabi/12.3.1/../../../../arm-none-eabi/lib/thumb/v6-m/nofp\libcr_semihost_nf.a(__sys_write.o)
                0x00005c5a                __sys_write
 *(SORT_BY_ALIGNMENT(.rodata) SORT_BY_ALIGNMENT(.rodata.*) SORT_BY_ALIGNMENT(.constdata) SORT_BY_ALIGNMENT(.constdata.*))
 *fill*         0x00005c66        0x2 ff
 .rodata.font5x7
                0x00005c68      0x300 ./source/Drivers/SSD1306/font5x7.o
                0x00005c68                font5x7
 .rodata.font_mask
                0x00005f68        0x8 ./source/Drivers/SSD1306/oled.o
 .rodata.APP_ShowPowerMode.str1.4
                0x00005f70       0x47 ./source/Drivers/PowerMode/power_mode_switch.o
 *fill*         0x00005fb7        0x1 ff
 .rodata.PORT_SetPinConfig.str1.4
                0x00005fb8       0x73 ./source/Drivers/MMA8451/mma8451.o
 .rodata.PORT_SetPinConfig.str1.4
                0x0000602b       0x73 ./source/Drivers/I2C/SD2_I2C.o
 .rodata.PORT_SetPinConfig.str1.4
                0x0000602b       0x73 ./source/Drivers/Board/SD2_board.o
 *fill*         0x0000602b        0x1 ff
 .rodata.board_gpioLeds
                0x0000602c       0x18 ./source/Drivers/Board/SD2_board.o
 .rodata.board_gpioSw
                0x00006044       0x18 ./source/Drivers/Board/SD2_board.o
 .rodata.board_gpioOled
                0x0000605c       0x18 ./source/Drivers/Board/SD2_board.o
 .rodata        0x00006074        0x2 ./source/Drivers/Board/SD2_board.o
 *fill*         0x00006076        0x2 ff
 .rodata.mef_principal_init.str1.4
                0x00006078        0xe ./source/App/mef_principal.o
 *fill*         0x00006086        0x2 ff
 .rodata.mef_principal.str1.4
                0x00006088       0x37 ./source/App/mef_principal.o
 *fill*         0x000060bf        0x1 ff
 .rodata.tramaProcess.str1.4
                0x000060c0       0x63 ./source/App/trama_process.o
 *fill*         0x00006123        0x1 ff
 .rodata.init_clocks_and_power_mode.str1.4
                0x00006124      0x111 ./source/main.o
 *fill*         0x00006235        0x3 ff
 .rodata.CLOCK_GetOsc0ErClkFreq.str1.4
                0x00006238       0x1e ./drivers/fsl_clock.o
 *fill*         0x00006256        0x2 ff
 .rodata.CLOCK_GetEr32kClkFreq.str1.4
                0x00006258       0x1f ./drivers/fsl_clock.o
 *fill*         0x00006277        0x1 ff
 .rodata.CLOCK_GetFreq
                0x00006278       0x50 ./drivers/fsl_clock.o
 .rodata.CLOCK_GetOutClkFreq.str1.4
                0x000062c8       0x1e ./drivers/fsl_clock.o
 *fill*         0x000062e6        0x2 ff
 .rodata.CLOCK_SetMcgliteConfig.str1.4
                0x000062e8       0x1f ./drivers/fsl_clock.o
 *fill*         0x00006307        0x1 ff
 .rodata.lircFreqs.0
                0x00006308        0x8 ./drivers/fsl_clock.o
 .rodata.DMA_ClearChannelStatusFlags.str1.4
                0x00006310       0x46 ./drivers/fsl_dma.o
 *fill*         0x00006356        0x2 ff
 .rodata.DMA_HandleIRQ.str1.4
                0x00006358       0x1f ./drivers/fsl_dma.o
 *fill*         0x00006377        0x1 ff
 .rodata.GPIO_PinInit.str1.4
                0x00006378       0x20 ./drivers/fsl_gpio.o
 .rodata.s_i2cDividerTable
                0x00006398       0x80 ./drivers/fsl_i2c.o
 .rodata.s_i2cClocks
                0x00006418        0x8 ./drivers/fsl_i2c.o
 .rodata.s_i2cBases
                0x00006420        0x8 ./drivers/fsl_i2c.o
 .rodata.I2C_GetInstance.str1.4
                0x00006428       0x32 ./drivers/fsl_i2c.o
 *fill*         0x0000645a        0x2 ff
 .rodata.I2C_MasterInit.str1.4
                0x0000645c       0x4a ./drivers/fsl_i2c.o
 *fill*         0x000064a6        0x2 ff
 .rodata.I2C_MasterGetDefaultConfig.str1.4
                0x000064a8       0x25 ./drivers/fsl_i2c.o
 *fill*         0x000064cd        0x3 ff
 .rodata.I2C_MasterTransferBlocking.str1.4
                0x000064d0       0x1e ./drivers/fsl_i2c.o
 *fill*         0x000064ee        0x2 ff
 .rodata.s_lpuartBases
                0x000064f0        0x8 ./drivers/fsl_lpuart.o
 .rodata.s_lpuartClock
                0x000064f8        0x8 ./drivers/fsl_lpuart.o
 .rodata.LPUART_GetInstance.str1.4
                0x00006500       0x38 ./drivers/fsl_lpuart.o
 .rodata.LPUART_Init.str1.4
                0x00006538       0x51 ./drivers/fsl_lpuart.o
 *fill*         0x00006589        0x3 ff
 .rodata.LPUART_GetDefaultConfig.str1.4
                0x0000658c       0x22 ./drivers/fsl_lpuart.o
 *fill*         0x000065ae        0x2 ff
 .rodata.s_spiBases
                0x000065b0        0x8 ./drivers/fsl_spi.o
 .rodata.s_spiClock
                0x000065b8        0x8 ./drivers/fsl_spi.o
 .rodata.SPI_GetInstance.str1.4
                0x000065c0       0x32 ./drivers/fsl_spi.o
 *fill*         0x000065f2        0x2 ff
 .rodata.SPI_MasterInit.str1.4
                0x000065f4       0x38 ./drivers/fsl_spi.o
 .rodata.SPI_MasterTransferBlocking.str1.4
                0x0000662c       0x1d ./drivers/fsl_spi.o
 *fill*         0x00006649        0x3 ff
 .rodata.SPI0_DriverIRQHandler.str1.4
                0x0000664c       0x20 ./drivers/fsl_spi.o
 .rodata.SPI1_DriverIRQHandler.str1.4
                0x0000666c       0x20 ./drivers/fsl_spi.o
 .rodata.mcgliteConfig_BOARD_BootClockRUN
                0x0000668c        0x6 ./board/clock_config.o
                0x0000668c                mcgliteConfig_BOARD_BootClockRUN
 *fill*         0x00006692        0x2 ff
 .rodata.simConfig_BOARD_BootClockRUN
                0x00006694        0x8 ./board/clock_config.o
                0x00006694                simConfig_BOARD_BootClockRUN
 .rodata.__num_Ciob_streams
                0x0000669c        0x4 c:/nxp/mcuxpressoide_11.9.0_2144/ide/plugins/com.nxp.mcuxpresso.tools.win32_11.9.0.202307121226/tools/bin/../lib/gcc/arm-none-eabi/12.3.1/../../../../arm-none-eabi/lib/thumb/v6-m/nofp\libcr_semihost_nf.a(__ciob.o)
                0x0000669c                __num_Ciob_streams
 .rodata.__assertion_failed.str1.1
                0x000066a0       0x15 c:/nxp/mcuxpressoide_11.9.0_2144/ide/plugins/com.nxp.mcuxpresso.tools.win32_11.9.0.202307121226/tools/bin/../lib/gcc/arm-none-eabi/12.3.1/../../../../arm-none-eabi/lib/thumb/v6-m/nofp\libcr_semihost_nf.a(_cr_assert.o)
 .rodata._Csys_alloc.str1.1
                0x000066b5       0x18 c:/nxp/mcuxpressoide_11.9.0_2144/ide/plugins/com.nxp.mcuxpresso.tools.win32_11.9.0.202307121226/tools/bin/../lib/gcc/arm-none-eabi/12.3.1/../../../../arm-none-eabi/lib/thumb/v6-m/nofp\libcr_c.a(alloc.o)
 .rodata._initio.str1.1
                0x000066cd        0x4 c:/nxp/mcuxpressoide_11.9.0_2144/ide/plugins/com.nxp.mcuxpresso.tools.win32_11.9.0.202307121226/tools/bin/../lib/gcc/arm-none-eabi/12.3.1/../../../../arm-none-eabi/lib/thumb/v6-m/nofp\libcr_c.a(initio.o)
 .rodata.__vfprintf.str1.1
                0x000066d1       0x35 c:/nxp/mcuxpressoide_11.9.0_2144/ide/plugins/com.nxp.mcuxpresso.tools.win32_11.9.0.202307121226/tools/bin/../lib/gcc/arm-none-eabi/12.3.1/../../../../arm-none-eabi/lib/thumb/v6-m/nofp\libcr_c.a(printf.o)
                                 0x38 (size before relaxing)
                0x00006708                        . = ALIGN (0x4)
 *fill*         0x00006706        0x2 ff

.glue_7         0x00006708        0x0
 .glue_7        0x00006708        0x0 linker stubs

.glue_7t        0x00006708        0x0
 .glue_7t       0x00006708        0x0 linker stubs

.vfp11_veneer   0x00006708        0x0
 .vfp11_veneer  0x00006708        0x0 linker stubs

.v4_bx          0x00006708        0x0
 .v4_bx         0x00006708        0x0 linker stubs

.iplt           0x00006708        0x0
 .iplt          0x00006708        0x0 ./startup/startup_mkl43z4.o

.rel.dyn        0x00006708        0x0
 .rel.iplt      0x00006708        0x0 ./startup/startup_mkl43z4.o

.ARM.extab
 *(SORT_BY_ALIGNMENT(.ARM.extab*) SORT_BY_ALIGNMENT(.gnu.linkonce.armextab.*))

.ARM.exidx      0x00006708        0x0
                0x00006708                        __exidx_start = .
 *(SORT_BY_ALIGNMENT(.ARM.exidx*) SORT_BY_ALIGNMENT(.gnu.linkonce.armexidx.*))
                0x00006708                        __exidx_end = .
                0x00006708                        _etext = .

.m_usb_data
 *(SORT_BY_ALIGNMENT(m_usb_bdt))

.mtb_buffer_default
                0x1fffe000       0x80
 *(SORT_BY_ALIGNMENT(.mtb*))
 .mtb.$RAM1     0x1fffe000       0x80 ./source/mtb.o
                0x1fffe000                __mtb_buffer__

.uninit_RESERVED
                0x1fffe080        0x0
                0x1fffe080                        _start_uninit_RESERVED = .
 *(SORT_BY_ALIGNMENT(.bss.$RESERVED*))
                0x1fffe080                        . = ALIGN (0x4)
                0x1fffe080                        _end_uninit_RESERVED = .

.data           0x1fffe080        0x4 load address 0x00006708
 FILL mask 0xff
                0x1fffe080                        _data = .
                [!provide]                        PROVIDE (__start_data_RAM = .)
                [!provide]                        PROVIDE (__start_data_SRAM = .)
 *(SORT_BY_ALIGNMENT(vtable))
 *(SORT_BY_ALIGNMENT(.ramfunc*))
 *(SORT_BY_ALIGNMENT(CodeQuickAccess))
 *(SORT_BY_ALIGNMENT(DataQuickAccess))
 *(SORT_BY_ALIGNMENT(RamFunction))
 *(SORT_BY_ALIGNMENT(.data*))
 .data.SystemCoreClock
                0x1fffe080        0x4 ./device/system_MKL43Z4.o
                0x1fffe080                SystemCoreClock
                0x1fffe084                        . = ALIGN (0x4)
                0x1fffe084                        _edata = .
                [!provide]                        PROVIDE (__end_data_RAM = .)
                [!provide]                        PROVIDE (__end_data_SRAM = .)

.igot.plt       0x1fffe084        0x0 load address 0x0000670c
 .igot.plt      0x1fffe084        0x0 ./startup/startup_mkl43z4.o

.bss            0x1fffe084      0x568
                0x1fffe084                        _bss = .
                [!provide]                        PROVIDE (__start_bss_RAM = .)
                [!provide]                        PROVIDE (__start_bss_SRAM = .)
 *(SORT_BY_ALIGNMENT(.bss*))
 .bss.shadowFB  0x1fffe084      0x400 ./source/Drivers/SSD1306/oled.o
 .bss.read      0x1fffe484        0x6 ./source/Drivers/MMA8451/mma8451.o
 *fill*         0x1fffe48a        0x2 
 .bss.estSW     0x1fffe48c        0x2 ./source/Drivers/Key/key.o
 *fill*         0x1fffe48e        0x2 
 .bss.eventSW   0x1fffe490        0x2 ./source/Drivers/Key/key.o
 *fill*         0x1fffe492        0x2 
 .bss.pRingBufferRx
                0x1fffe494        0x4 ./source/Drivers/uart_ringBuffer.o
 .bss.pRingBufferTx
                0x1fffe498        0x4 ./source/Drivers/uart_ringBuffer.o
 .bss.timer     0x1fffe49c        0x4 ./source/App/mef_principal.o
 .bss.bufferRec
                0x1fffe4a0       0x20 ./source/App/mef_trama_rec.o
 .bss.g_xtal0Freq
                0x1fffe4c0        0x4 ./drivers/fsl_clock.o
                0x1fffe4c0                g_xtal0Freq
 .bss.g_xtal32Freq
                0x1fffe4c4        0x4 ./drivers/fsl_clock.o
                0x1fffe4c4                g_xtal32Freq
 .bss.s_DMAHandle
                0x1fffe4c8       0x10 ./drivers/fsl_dma.o
 .bss.s_flexioHandle
                0x1fffe4d8        0x8 ./drivers/fsl_flexio.o
 .bss.s_flexioType
                0x1fffe4e0        0x8 ./drivers/fsl_flexio.o
 .bss.s_flexioIsr
                0x1fffe4e8        0x8 ./drivers/fsl_flexio.o
 .bss.s_i2cHandle
                0x1fffe4f0        0x8 ./drivers/fsl_i2c.o
 .bss.s_i2cMasterIsr
                0x1fffe4f8        0x4 ./drivers/fsl_i2c.o
 .bss.s_i2cSlaveIsr
                0x1fffe4fc        0x4 ./drivers/fsl_i2c.o
 .bss.s_lpuartHandle
                0x1fffe500        0x8 ./drivers/fsl_lpuart.o
 .bss.s_lpuartIsr
                0x1fffe508        0x4 ./drivers/fsl_lpuart.o
 .bss.s_spiHandle
                0x1fffe50c        0x8 ./drivers/fsl_spi.o
 .bss.s_spiMasterIsr
                0x1fffe514        0x4 ./drivers/fsl_spi.o
 .bss.s_spiSlaveIsr
                0x1fffe518        0x4 ./drivers/fsl_spi.o
 .bss.g_spiDummyData
                0x1fffe51c        0x2 ./drivers/fsl_spi.o
                0x1fffe51c                g_spiDummyData
 *fill*         0x1fffe51e        0x2 
 .bss.__Ciob    0x1fffe520       0xb4 c:/nxp/mcuxpressoide_11.9.0_2144/ide/plugins/com.nxp.mcuxpresso.tools.win32_11.9.0.202307121226/tools/bin/../lib/gcc/arm-none-eabi/12.3.1/../../../../arm-none-eabi/lib/thumb/v6-m/nofp\libcr_semihost_nf.a(__ciob.o)
                0x1fffe520                __Ciob
 .bss.__end_of_heap
                0x1fffe5d4        0x4 c:/nxp/mcuxpressoide_11.9.0_2144/ide/plugins/com.nxp.mcuxpresso.tools.win32_11.9.0.202307121226/tools/bin/../lib/gcc/arm-none-eabi/12.3.1/../../../../arm-none-eabi/lib/thumb/v6-m/nofp\libcr_c.a(__init_alloc.o)
                0x1fffe5d4                __end_of_heap
 .bss.__heaps   0x1fffe5d8        0x4 c:/nxp/mcuxpressoide_11.9.0_2144/ide/plugins/com.nxp.mcuxpresso.tools.win32_11.9.0.202307121226/tools/bin/../lib/gcc/arm-none-eabi/12.3.1/../../../../arm-none-eabi/lib/thumb/v6-m/nofp\libcr_c.a(__init_alloc.o)
                0x1fffe5d8                __heaps
 .bss.errno     0x1fffe5dc        0x4 c:/nxp/mcuxpressoide_11.9.0_2144/ide/plugins/com.nxp.mcuxpresso.tools.win32_11.9.0.202307121226/tools/bin/../lib/gcc/arm-none-eabi/12.3.1/../../../../arm-none-eabi/lib/thumb/v6-m/nofp\libcr_c.a(errno.o)
                0x1fffe5dc                errno
 .bss.x         0x1fffe5e0        0x2 ./source/App/mef_principal.o
                0x1fffe5e0                x
 .bss.y         0x1fffe5e2        0x2 ./source/App/mef_principal.o
                0x1fffe5e2                y
 .bss.z         0x1fffe5e4        0x2 ./source/App/mef_principal.o
                0x1fffe5e4                z
 .bss.isInterruptionByFreeFall
                0x1fffe5e6        0x1 ./source/Drivers/MMA8451/mma8451.o
 .bss.isInterruptionByDR
                0x1fffe5e7        0x1 ./source/Drivers/MMA8451/mma8451.o
 .bss.overflowFlag
                0x1fffe5e8        0x1 ./source/Drivers/time.o
 .bss.estado    0x1fffe5e9        0x1 ./source/App/mef_principal.o
 .bss.estado.1  0x1fffe5ea        0x1 ./source/App/mef_trama_rec.o
 .bss.indexRec.0
                0x1fffe5eb        0x1 ./source/App/mef_trama_rec.o
 *(SORT_BY_ALIGNMENT(COMMON))
                0x1fffe5ec                        . = ALIGN (0x4)
                0x1fffe5ec                        _ebss = .
                [!provide]                        PROVIDE (__end_bss_RAM = .)
                [!provide]                        PROVIDE (__end_bss_SRAM = .)
                [!provide]                        PROVIDE (end = .)

.noinit         0x1fffe5ec        0x0
                0x1fffe5ec                        _noinit = .
                [!provide]                        PROVIDE (__start_noinit_RAM = .)
                [!provide]                        PROVIDE (__start_noinit_SRAM = .)
 *(SORT_BY_ALIGNMENT(.noinit*))
                0x1fffe5ec                        . = ALIGN (0x4)
                0x1fffe5ec                        _end_noinit = .
                [!provide]                        PROVIDE (__end_noinit_RAM = .)
                [!provide]                        PROVIDE (__end_noinit_SRAM = .)
                0x00000800                        _HeapSize = 0x800

.heap           0x1fffe5ec      0x800
                0x1fffe5ec                        _pvHeapStart = .
                0x1fffedec                        . = (. + _HeapSize)
 *fill*         0x1fffe5ec      0x800 
                0x1fffedec                        . = ALIGN (0x4)
                0x1fffedec                        _pvHeapLimit = .
                0x00000800                        _StackSize = 0x800

.heap2stackfill
                0x1fffedec      0x800
                0x1ffff5ec                        . = (. + _StackSize)
 *fill*         0x1fffedec      0x800 

.stack          0x20005800        0x0
                0x20005800                        _vStackBase = .
                0x20005800                        . = ALIGN (0x4)
                0x20006000                        _vStackTop = (. + _StackSize)
                0x00000000                        _image_start = LOADADDR (.text)
                0x0000670c                        _image_end = (LOADADDR (.data) + SIZEOF (.data))
                0x0000670c                        _image_size = (_image_end - _image_start)
OUTPUT(TP3_V1_BELLINI_SAITTA.axf elf32-littlearm)
LOAD linker stubs

.debug_info     0x00000000    0x153c7
 .debug_info    0x00000000      0x67f ./startup/startup_mkl43z4.o
 .debug_info    0x0000067f       0x62 ./source/Drivers/SSD1306/font5x7.o
 .debug_info    0x000006e1      0x8b5 ./source/Drivers/SSD1306/oled.o
 .debug_info    0x00000f96      0x894 ./source/Drivers/PowerMode/power_mode_switch.o
 .debug_info    0x0000182a     0x1749 ./source/Drivers/MMA8451/mma8451.o
 .debug_info    0x00002f73      0x1d2 ./source/Drivers/Key/key.o
 .debug_info    0x00003145      0x88f ./source/Drivers/I2C/SD2_I2C.o
 .debug_info    0x000039d4     0x1049 ./source/Drivers/Board/SD2_board.o
 .debug_info    0x00004a1d      0xa58 ./source/Drivers/time.o
 .debug_info    0x00005475      0xf94 ./source/Drivers/uart_ringBuffer.o
 .debug_info    0x00006409      0x51a ./source/App/mef_principal.o
 .debug_info    0x00006923      0x183 ./source/App/mef_trama_rec.o
 .debug_info    0x00006aa6      0x320 ./source/App/trama_process.o
 .debug_info    0x00006dc6      0x74c ./source/main.o
 .debug_info    0x00007512       0x53 ./source/mtb.o
 .debug_info    0x00007565      0x2ac ./source/ringBuffer.o
 .debug_info    0x00007811       0x3c ./source/semihost_hardfault.o
 .debug_info    0x0000784d     0x1327 ./drivers/fsl_clock.o
 .debug_info    0x00008b74     0x106b ./drivers/fsl_dma.o
 .debug_info    0x00009bdf     0x1175 ./drivers/fsl_flexio.o
 .debug_info    0x0000ad54      0x887 ./drivers/fsl_gpio.o
 .debug_info    0x0000b5db     0x1c8e ./drivers/fsl_i2c.o
 .debug_info    0x0000d269     0x17bf ./drivers/fsl_lpuart.o
 .debug_info    0x0000ea28     0x1832 ./drivers/fsl_spi.o
 .debug_info    0x0001025a      0x45d ./device/system_MKL43Z4.o
 .debug_info    0x000106b7      0x473 ./board/board.o
 .debug_info    0x00010b2a      0x9f3 ./board/clock_config.o
 .debug_info    0x0001151d       0x85 c:/nxp/mcuxpressoide_11.9.0_2144/ide/plugins/com.nxp.mcuxpresso.tools.win32_11.9.0.202307121226/tools/bin/../lib/gcc/arm-none-eabi/12.3.1/../../../../arm-none-eabi/lib/thumb/v6-m/nofp\libcr_semihost_nf.a(_cr__main.o)
 .debug_info    0x000115a2      0x240 c:/nxp/mcuxpressoide_11.9.0_2144/ide/plugins/com.nxp.mcuxpresso.tools.win32_11.9.0.202307121226/tools/bin/../lib/gcc/arm-none-eabi/12.3.1/../../../../arm-none-eabi/lib/thumb/v6-m/nofp\libcr_semihost_nf.a(_cr_assert.o)
 .debug_info    0x000117e2      0x18b c:/nxp/mcuxpressoide_11.9.0_2144/ide/plugins/com.nxp.mcuxpresso.tools.win32_11.9.0.202307121226/tools/bin/../lib/gcc/arm-none-eabi/12.3.1/../../../../arm-none-eabi/lib/thumb/v6-m/nofp\libcr_semihost_nf.a(__ciob.o)
 .debug_info    0x0001196d       0xe3 c:/nxp/mcuxpressoide_11.9.0_2144/ide/plugins/com.nxp.mcuxpresso.tools.win32_11.9.0.202307121226/tools/bin/../lib/gcc/arm-none-eabi/12.3.1/../../../../arm-none-eabi/lib/thumb/v6-m/nofp\libcr_c.a(memset.o)
 .debug_info    0x00011a50      0x35d c:/nxp/mcuxpressoide_11.9.0_2144/ide/plugins/com.nxp.mcuxpresso.tools.win32_11.9.0.202307121226/tools/bin/../lib/gcc/arm-none-eabi/12.3.1/../../../../arm-none-eabi/lib/thumb/v6-m/nofp\libcr_c.a(_deferredlazyseek.o)
 .debug_info    0x00011dad      0x1e3 c:/nxp/mcuxpressoide_11.9.0_2144/ide/plugins/com.nxp.mcuxpresso.tools.win32_11.9.0.202307121226/tools/bin/../lib/gcc/arm-none-eabi/12.3.1/../../../../arm-none-eabi/lib/thumb/v6-m/nofp\libcr_c.a(_fflush.o)
 .debug_info    0x00011f90      0x283 c:/nxp/mcuxpressoide_11.9.0_2144/ide/plugins/com.nxp.mcuxpresso.tools.win32_11.9.0.202307121226/tools/bin/../lib/gcc/arm-none-eabi/12.3.1/../../../../arm-none-eabi/lib/thumb/v6-m/nofp\libcr_c.a(_writebuf.o)
 .debug_info    0x00012213      0x50c c:/nxp/mcuxpressoide_11.9.0_2144/ide/plugins/com.nxp.mcuxpresso.tools.win32_11.9.0.202307121226/tools/bin/../lib/gcc/arm-none-eabi/12.3.1/../../../../arm-none-eabi/lib/thumb/v6-m/nofp\libcr_c.a(alloc.o)
 .debug_info    0x0001271f      0x1e0 c:/nxp/mcuxpressoide_11.9.0_2144/ide/plugins/com.nxp.mcuxpresso.tools.win32_11.9.0.202307121226/tools/bin/../lib/gcc/arm-none-eabi/12.3.1/../../../../arm-none-eabi/lib/thumb/v6-m/nofp\libcr_c.a(fputs.o)
 .debug_info    0x000128ff      0x278 c:/nxp/mcuxpressoide_11.9.0_2144/ide/plugins/com.nxp.mcuxpresso.tools.win32_11.9.0.202307121226/tools/bin/../lib/gcc/arm-none-eabi/12.3.1/../../../../arm-none-eabi/lib/thumb/v6-m/nofp\libcr_c.a(fseek.o)
 .debug_info    0x00012b77      0x190 c:/nxp/mcuxpressoide_11.9.0_2144/ide/plugins/com.nxp.mcuxpresso.tools.win32_11.9.0.202307121226/tools/bin/../lib/gcc/arm-none-eabi/12.3.1/../../../../arm-none-eabi/lib/thumb/v6-m/nofp\libcr_c.a(ftell.o)
 .debug_info    0x00012d07      0x353 c:/nxp/mcuxpressoide_11.9.0_2144/ide/plugins/com.nxp.mcuxpresso.tools.win32_11.9.0.202307121226/tools/bin/../lib/gcc/arm-none-eabi/12.3.1/../../../../arm-none-eabi/lib/thumb/v6-m/nofp\libcr_c.a(initio.o)
 .debug_info    0x0001305a     0x12b0 c:/nxp/mcuxpressoide_11.9.0_2144/ide/plugins/com.nxp.mcuxpresso.tools.win32_11.9.0.202307121226/tools/bin/../lib/gcc/arm-none-eabi/12.3.1/../../../../arm-none-eabi/lib/thumb/v6-m/nofp\libcr_c.a(printf.o)
 .debug_info    0x0001430a      0x1f6 c:/nxp/mcuxpressoide_11.9.0_2144/ide/plugins/com.nxp.mcuxpresso.tools.win32_11.9.0.202307121226/tools/bin/../lib/gcc/arm-none-eabi/12.3.1/../../../../arm-none-eabi/lib/thumb/v6-m/nofp\libcr_c.a(setvbuf.o)
 .debug_info    0x00014500       0xd6 c:/nxp/mcuxpressoide_11.9.0_2144/ide/plugins/com.nxp.mcuxpresso.tools.win32_11.9.0.202307121226/tools/bin/../lib/gcc/arm-none-eabi/12.3.1/../../../../arm-none-eabi/lib/thumb/v6-m/nofp\libcr_c.a(strlen.o)
 .debug_info    0x000145d6       0xd4 c:/nxp/mcuxpressoide_11.9.0_2144/ide/plugins/com.nxp.mcuxpresso.tools.win32_11.9.0.202307121226/tools/bin/../lib/gcc/arm-none-eabi/12.3.1/../../../../arm-none-eabi/lib/thumb/v6-m/nofp\libcr_c.a(__init_alloc.o)
 .debug_info    0x000146aa      0x100 c:/nxp/mcuxpressoide_11.9.0_2144/ide/plugins/com.nxp.mcuxpresso.tools.win32_11.9.0.202307121226/tools/bin/../lib/gcc/arm-none-eabi/12.3.1/../../../../arm-none-eabi/lib/thumb/v6-m/nofp\libcr_c.a(_cr_sbrk.o)
 .debug_info    0x000147aa      0x244 c:/nxp/mcuxpressoide_11.9.0_2144/ide/plugins/com.nxp.mcuxpresso.tools.win32_11.9.0.202307121226/tools/bin/../lib/gcc/arm-none-eabi/12.3.1/../../../../arm-none-eabi/lib/thumb/v6-m/nofp\libcr_c.a(_fdopen.o)
 .debug_info    0x000149ee       0x44 c:/nxp/mcuxpressoide_11.9.0_2144/ide/plugins/com.nxp.mcuxpresso.tools.win32_11.9.0.202307121226/tools/bin/../lib/gcc/arm-none-eabi/12.3.1/../../../../arm-none-eabi/lib/thumb/v6-m/nofp\libcr_c.a(errno.o)
 .debug_info    0x00014a32      0x31e c:/nxp/mcuxpressoide_11.9.0_2144/ide/plugins/com.nxp.mcuxpresso.tools.win32_11.9.0.202307121226/tools/bin/../lib/gcc/arm-none-eabi/12.3.1/../../../../arm-none-eabi/lib/thumb/v6-m/nofp\libcr_c.a(fclose.o)
 .debug_info    0x00014d50      0x203 c:/nxp/mcuxpressoide_11.9.0_2144/ide/plugins/com.nxp.mcuxpresso.tools.win32_11.9.0.202307121226/tools/bin/../lib/gcc/arm-none-eabi/12.3.1/../../../../arm-none-eabi/lib/thumb/v6-m/nofp\libcr_c.a(fflush.o)
 .debug_info    0x00014f53      0x1c9 c:/nxp/mcuxpressoide_11.9.0_2144/ide/plugins/com.nxp.mcuxpresso.tools.win32_11.9.0.202307121226/tools/bin/../lib/gcc/arm-none-eabi/12.3.1/../../../../arm-none-eabi/lib/thumb/v6-m/nofp\libcr_c.a(remove.o)
 .debug_info    0x0001511c       0x71 c:/nxp/mcuxpressoide_11.9.0_2144/ide/plugins/com.nxp.mcuxpresso.tools.win32_11.9.0.202307121226/tools/bin/../lib/gcc/arm-none-eabi/12.3.1/../../../../arm-none-eabi/lib/thumb/v6-m/nofp\libcr_c.a(_cr_check_heap.o)
 .debug_info    0x0001518d      0x23a c:/nxp/mcuxpressoide_11.9.0_2144/ide/plugins/com.nxp.mcuxpresso.tools.win32_11.9.0.202307121226/tools/bin/../lib/gcc/arm-none-eabi/12.3.1/../../../../arm-none-eabi/lib/thumb/v6-m/nofp\libcr_c.a(_do_fflush.o)

.debug_abbrev   0x00000000     0x50c2
 .debug_abbrev  0x00000000      0x1a7 ./startup/startup_mkl43z4.o
 .debug_abbrev  0x000001a7       0x4a ./source/Drivers/SSD1306/font5x7.o
 .debug_abbrev  0x000001f1      0x1df ./source/Drivers/SSD1306/oled.o
 .debug_abbrev  0x000003d0      0x226 ./source/Drivers/PowerMode/power_mode_switch.o
 .debug_abbrev  0x000005f6      0x397 ./source/Drivers/MMA8451/mma8451.o
 .debug_abbrev  0x0000098d      0x12b ./source/Drivers/Key/key.o
 .debug_abbrev  0x00000ab8      0x25f ./source/Drivers/I2C/SD2_I2C.o
 .debug_abbrev  0x00000d17      0x2e6 ./source/Drivers/Board/SD2_board.o
 .debug_abbrev  0x00000ffd      0x2cd ./source/Drivers/time.o
 .debug_abbrev  0x000012ca      0x2a1 ./source/Drivers/uart_ringBuffer.o
 .debug_abbrev  0x0000156b      0x138 ./source/App/mef_principal.o
 .debug_abbrev  0x000016a3       0xd1 ./source/App/mef_trama_rec.o
 .debug_abbrev  0x00001774      0x177 ./source/App/trama_process.o
 .debug_abbrev  0x000018eb      0x274 ./source/main.o
 .debug_abbrev  0x00001b5f       0x46 ./source/mtb.o
 .debug_abbrev  0x00001ba5      0x128 ./source/ringBuffer.o
 .debug_abbrev  0x00001ccd       0x31 ./source/semihost_hardfault.o
 .debug_abbrev  0x00001cfe      0x2cf ./drivers/fsl_clock.o
 .debug_abbrev  0x00001fcd      0x2fe ./drivers/fsl_dma.o
 .debug_abbrev  0x000022cb      0x2e3 ./drivers/fsl_flexio.o
 .debug_abbrev  0x000025ae      0x22c ./drivers/fsl_gpio.o
 .debug_abbrev  0x000027da      0x389 ./drivers/fsl_i2c.o
 .debug_abbrev  0x00002b63      0x32d ./drivers/fsl_lpuart.o
 .debug_abbrev  0x00002e90      0x39d ./drivers/fsl_spi.o
 .debug_abbrev  0x0000322d      0x148 ./device/system_MKL43Z4.o
 .debug_abbrev  0x00003375      0x177 ./board/board.o
 .debug_abbrev  0x000034ec      0x1cf ./board/clock_config.o
 .debug_abbrev  0x000036bb       0x62 c:/nxp/mcuxpressoide_11.9.0_2144/ide/plugins/com.nxp.mcuxpresso.tools.win32_11.9.0.202307121226/tools/bin/../lib/gcc/arm-none-eabi/12.3.1/../../../../arm-none-eabi/lib/thumb/v6-m/nofp\libcr_semihost_nf.a(_cr__main.o)
 .debug_abbrev  0x0000371d      0x12c c:/nxp/mcuxpressoide_11.9.0_2144/ide/plugins/com.nxp.mcuxpresso.tools.win32_11.9.0.202307121226/tools/bin/../lib/gcc/arm-none-eabi/12.3.1/../../../../arm-none-eabi/lib/thumb/v6-m/nofp\libcr_semihost_nf.a(_cr_assert.o)
 .debug_abbrev  0x00003849       0xb5 c:/nxp/mcuxpressoide_11.9.0_2144/ide/plugins/com.nxp.mcuxpresso.tools.win32_11.9.0.202307121226/tools/bin/../lib/gcc/arm-none-eabi/12.3.1/../../../../arm-none-eabi/lib/thumb/v6-m/nofp\libcr_semihost_nf.a(__ciob.o)
 .debug_abbrev  0x000038fe       0xa5 c:/nxp/mcuxpressoide_11.9.0_2144/ide/plugins/com.nxp.mcuxpresso.tools.win32_11.9.0.202307121226/tools/bin/../lib/gcc/arm-none-eabi/12.3.1/../../../../arm-none-eabi/lib/thumb/v6-m/nofp\libcr_c.a(memset.o)
 .debug_abbrev  0x000039a3      0x147 c:/nxp/mcuxpressoide_11.9.0_2144/ide/plugins/com.nxp.mcuxpresso.tools.win32_11.9.0.202307121226/tools/bin/../lib/gcc/arm-none-eabi/12.3.1/../../../../arm-none-eabi/lib/thumb/v6-m/nofp\libcr_c.a(_deferredlazyseek.o)
 .debug_abbrev  0x00003aea       0xf1 c:/nxp/mcuxpressoide_11.9.0_2144/ide/plugins/com.nxp.mcuxpresso.tools.win32_11.9.0.202307121226/tools/bin/../lib/gcc/arm-none-eabi/12.3.1/../../../../arm-none-eabi/lib/thumb/v6-m/nofp\libcr_c.a(_fflush.o)
 .debug_abbrev  0x00003bdb      0x126 c:/nxp/mcuxpressoide_11.9.0_2144/ide/plugins/com.nxp.mcuxpresso.tools.win32_11.9.0.202307121226/tools/bin/../lib/gcc/arm-none-eabi/12.3.1/../../../../arm-none-eabi/lib/thumb/v6-m/nofp\libcr_c.a(_writebuf.o)
 .debug_abbrev  0x00003d01      0x27b c:/nxp/mcuxpressoide_11.9.0_2144/ide/plugins/com.nxp.mcuxpresso.tools.win32_11.9.0.202307121226/tools/bin/../lib/gcc/arm-none-eabi/12.3.1/../../../../arm-none-eabi/lib/thumb/v6-m/nofp\libcr_c.a(alloc.o)
 .debug_abbrev  0x00003f7c      0x10c c:/nxp/mcuxpressoide_11.9.0_2144/ide/plugins/com.nxp.mcuxpresso.tools.win32_11.9.0.202307121226/tools/bin/../lib/gcc/arm-none-eabi/12.3.1/../../../../arm-none-eabi/lib/thumb/v6-m/nofp\libcr_c.a(fputs.o)
 .debug_abbrev  0x00004088      0x11b c:/nxp/mcuxpressoide_11.9.0_2144/ide/plugins/com.nxp.mcuxpresso.tools.win32_11.9.0.202307121226/tools/bin/../lib/gcc/arm-none-eabi/12.3.1/../../../../arm-none-eabi/lib/thumb/v6-m/nofp\libcr_c.a(fseek.o)
 .debug_abbrev  0x000041a3       0xc2 c:/nxp/mcuxpressoide_11.9.0_2144/ide/plugins/com.nxp.mcuxpresso.tools.win32_11.9.0.202307121226/tools/bin/../lib/gcc/arm-none-eabi/12.3.1/../../../../arm-none-eabi/lib/thumb/v6-m/nofp\libcr_c.a(ftell.o)
 .debug_abbrev  0x00004265      0x14b c:/nxp/mcuxpressoide_11.9.0_2144/ide/plugins/com.nxp.mcuxpresso.tools.win32_11.9.0.202307121226/tools/bin/../lib/gcc/arm-none-eabi/12.3.1/../../../../arm-none-eabi/lib/thumb/v6-m/nofp\libcr_c.a(initio.o)
 .debug_abbrev  0x000043b0      0x3af c:/nxp/mcuxpressoide_11.9.0_2144/ide/plugins/com.nxp.mcuxpresso.tools.win32_11.9.0.202307121226/tools/bin/../lib/gcc/arm-none-eabi/12.3.1/../../../../arm-none-eabi/lib/thumb/v6-m/nofp\libcr_c.a(printf.o)
 .debug_abbrev  0x0000475f       0xe1 c:/nxp/mcuxpressoide_11.9.0_2144/ide/plugins/com.nxp.mcuxpresso.tools.win32_11.9.0.202307121226/tools/bin/../lib/gcc/arm-none-eabi/12.3.1/../../../../arm-none-eabi/lib/thumb/v6-m/nofp\libcr_c.a(setvbuf.o)
 .debug_abbrev  0x00004840       0xa5 c:/nxp/mcuxpressoide_11.9.0_2144/ide/plugins/com.nxp.mcuxpresso.tools.win32_11.9.0.202307121226/tools/bin/../lib/gcc/arm-none-eabi/12.3.1/../../../../arm-none-eabi/lib/thumb/v6-m/nofp\libcr_c.a(strlen.o)
 .debug_abbrev  0x000048e5       0xaf c:/nxp/mcuxpressoide_11.9.0_2144/ide/plugins/com.nxp.mcuxpresso.tools.win32_11.9.0.202307121226/tools/bin/../lib/gcc/arm-none-eabi/12.3.1/../../../../arm-none-eabi/lib/thumb/v6-m/nofp\libcr_c.a(__init_alloc.o)
 .debug_abbrev  0x00004994       0xd3 c:/nxp/mcuxpressoide_11.9.0_2144/ide/plugins/com.nxp.mcuxpresso.tools.win32_11.9.0.202307121226/tools/bin/../lib/gcc/arm-none-eabi/12.3.1/../../../../arm-none-eabi/lib/thumb/v6-m/nofp\libcr_c.a(_cr_sbrk.o)
 .debug_abbrev  0x00004a67      0x119 c:/nxp/mcuxpressoide_11.9.0_2144/ide/plugins/com.nxp.mcuxpresso.tools.win32_11.9.0.202307121226/tools/bin/../lib/gcc/arm-none-eabi/12.3.1/../../../../arm-none-eabi/lib/thumb/v6-m/nofp\libcr_c.a(_fdopen.o)
 .debug_abbrev  0x00004b80       0x44 c:/nxp/mcuxpressoide_11.9.0_2144/ide/plugins/com.nxp.mcuxpresso.tools.win32_11.9.0.202307121226/tools/bin/../lib/gcc/arm-none-eabi/12.3.1/../../../../arm-none-eabi/lib/thumb/v6-m/nofp\libcr_c.a(errno.o)
 .debug_abbrev  0x00004bc4      0x158 c:/nxp/mcuxpressoide_11.9.0_2144/ide/plugins/com.nxp.mcuxpresso.tools.win32_11.9.0.202307121226/tools/bin/../lib/gcc/arm-none-eabi/12.3.1/../../../../arm-none-eabi/lib/thumb/v6-m/nofp\libcr_c.a(fclose.o)
 .debug_abbrev  0x00004d1c      0x122 c:/nxp/mcuxpressoide_11.9.0_2144/ide/plugins/com.nxp.mcuxpresso.tools.win32_11.9.0.202307121226/tools/bin/../lib/gcc/arm-none-eabi/12.3.1/../../../../arm-none-eabi/lib/thumb/v6-m/nofp\libcr_c.a(fflush.o)
 .debug_abbrev  0x00004e3e       0xed c:/nxp/mcuxpressoide_11.9.0_2144/ide/plugins/com.nxp.mcuxpresso.tools.win32_11.9.0.202307121226/tools/bin/../lib/gcc/arm-none-eabi/12.3.1/../../../../arm-none-eabi/lib/thumb/v6-m/nofp\libcr_c.a(remove.o)
 .debug_abbrev  0x00004f2b       0x6b c:/nxp/mcuxpressoide_11.9.0_2144/ide/plugins/com.nxp.mcuxpresso.tools.win32_11.9.0.202307121226/tools/bin/../lib/gcc/arm-none-eabi/12.3.1/../../../../arm-none-eabi/lib/thumb/v6-m/nofp\libcr_c.a(_cr_check_heap.o)
 .debug_abbrev  0x00004f96      0x12c c:/nxp/mcuxpressoide_11.9.0_2144/ide/plugins/com.nxp.mcuxpresso.tools.win32_11.9.0.202307121226/tools/bin/../lib/gcc/arm-none-eabi/12.3.1/../../../../arm-none-eabi/lib/thumb/v6-m/nofp\libcr_c.a(_do_fflush.o)

.debug_loc      0x00000000     0x3960
 .debug_loc     0x00000000      0x1cc ./startup/startup_mkl43z4.o
 .debug_loc     0x000001cc       0x3f c:/nxp/mcuxpressoide_11.9.0_2144/ide/plugins/com.nxp.mcuxpresso.tools.win32_11.9.0.202307121226/tools/bin/../lib/gcc/arm-none-eabi/12.3.1/../../../../arm-none-eabi/lib/thumb/v6-m/nofp\libcr_semihost_nf.a(_cr_assert.o)
 .debug_loc     0x0000020b       0x6f c:/nxp/mcuxpressoide_11.9.0_2144/ide/plugins/com.nxp.mcuxpresso.tools.win32_11.9.0.202307121226/tools/bin/../lib/gcc/arm-none-eabi/12.3.1/../../../../arm-none-eabi/lib/thumb/v6-m/nofp\libcr_c.a(memset.o)
 .debug_loc     0x0000027a      0x1aa c:/nxp/mcuxpressoide_11.9.0_2144/ide/plugins/com.nxp.mcuxpresso.tools.win32_11.9.0.202307121226/tools/bin/../lib/gcc/arm-none-eabi/12.3.1/../../../../arm-none-eabi/lib/thumb/v6-m/nofp\libcr_c.a(_deferredlazyseek.o)
 .debug_loc     0x00000424      0x124 c:/nxp/mcuxpressoide_11.9.0_2144/ide/plugins/com.nxp.mcuxpresso.tools.win32_11.9.0.202307121226/tools/bin/../lib/gcc/arm-none-eabi/12.3.1/../../../../arm-none-eabi/lib/thumb/v6-m/nofp\libcr_c.a(_fflush.o)
 .debug_loc     0x00000548       0xe7 c:/nxp/mcuxpressoide_11.9.0_2144/ide/plugins/com.nxp.mcuxpresso.tools.win32_11.9.0.202307121226/tools/bin/../lib/gcc/arm-none-eabi/12.3.1/../../../../arm-none-eabi/lib/thumb/v6-m/nofp\libcr_c.a(_writebuf.o)
 .debug_loc     0x0000062f      0x762 c:/nxp/mcuxpressoide_11.9.0_2144/ide/plugins/com.nxp.mcuxpresso.tools.win32_11.9.0.202307121226/tools/bin/../lib/gcc/arm-none-eabi/12.3.1/../../../../arm-none-eabi/lib/thumb/v6-m/nofp\libcr_c.a(alloc.o)
 .debug_loc     0x00000d91       0xa1 c:/nxp/mcuxpressoide_11.9.0_2144/ide/plugins/com.nxp.mcuxpresso.tools.win32_11.9.0.202307121226/tools/bin/../lib/gcc/arm-none-eabi/12.3.1/../../../../arm-none-eabi/lib/thumb/v6-m/nofp\libcr_c.a(fputs.o)
 .debug_loc     0x00000e32      0x1a8 c:/nxp/mcuxpressoide_11.9.0_2144/ide/plugins/com.nxp.mcuxpresso.tools.win32_11.9.0.202307121226/tools/bin/../lib/gcc/arm-none-eabi/12.3.1/../../../../arm-none-eabi/lib/thumb/v6-m/nofp\libcr_c.a(fseek.o)
 .debug_loc     0x00000fda       0x8d c:/nxp/mcuxpressoide_11.9.0_2144/ide/plugins/com.nxp.mcuxpresso.tools.win32_11.9.0.202307121226/tools/bin/../lib/gcc/arm-none-eabi/12.3.1/../../../../arm-none-eabi/lib/thumb/v6-m/nofp\libcr_c.a(ftell.o)
 .debug_loc     0x00001067       0x5a c:/nxp/mcuxpressoide_11.9.0_2144/ide/plugins/com.nxp.mcuxpresso.tools.win32_11.9.0.202307121226/tools/bin/../lib/gcc/arm-none-eabi/12.3.1/../../../../arm-none-eabi/lib/thumb/v6-m/nofp\libcr_c.a(initio.o)
 .debug_loc     0x000010c1     0x21c7 c:/nxp/mcuxpressoide_11.9.0_2144/ide/plugins/com.nxp.mcuxpresso.tools.win32_11.9.0.202307121226/tools/bin/../lib/gcc/arm-none-eabi/12.3.1/../../../../arm-none-eabi/lib/thumb/v6-m/nofp\libcr_c.a(printf.o)
 .debug_loc     0x00003288      0x13d c:/nxp/mcuxpressoide_11.9.0_2144/ide/plugins/com.nxp.mcuxpresso.tools.win32_11.9.0.202307121226/tools/bin/../lib/gcc/arm-none-eabi/12.3.1/../../../../arm-none-eabi/lib/thumb/v6-m/nofp\libcr_c.a(setvbuf.o)
 .debug_loc     0x000033c5      0x108 c:/nxp/mcuxpressoide_11.9.0_2144/ide/plugins/com.nxp.mcuxpresso.tools.win32_11.9.0.202307121226/tools/bin/../lib/gcc/arm-none-eabi/12.3.1/../../../../arm-none-eabi/lib/thumb/v6-m/nofp\libcr_c.a(strlen.o)
 .debug_loc     0x000034cd       0x69 c:/nxp/mcuxpressoide_11.9.0_2144/ide/plugins/com.nxp.mcuxpresso.tools.win32_11.9.0.202307121226/tools/bin/../lib/gcc/arm-none-eabi/12.3.1/../../../../arm-none-eabi/lib/thumb/v6-m/nofp\libcr_c.a(_cr_sbrk.o)
 .debug_loc     0x00003536      0x15a c:/nxp/mcuxpressoide_11.9.0_2144/ide/plugins/com.nxp.mcuxpresso.tools.win32_11.9.0.202307121226/tools/bin/../lib/gcc/arm-none-eabi/12.3.1/../../../../arm-none-eabi/lib/thumb/v6-m/nofp\libcr_c.a(_fdopen.o)
 .debug_loc     0x00003690       0xb2 c:/nxp/mcuxpressoide_11.9.0_2144/ide/plugins/com.nxp.mcuxpresso.tools.win32_11.9.0.202307121226/tools/bin/../lib/gcc/arm-none-eabi/12.3.1/../../../../arm-none-eabi/lib/thumb/v6-m/nofp\libcr_c.a(fclose.o)
 .debug_loc     0x00003742       0x9f c:/nxp/mcuxpressoide_11.9.0_2144/ide/plugins/com.nxp.mcuxpresso.tools.win32_11.9.0.202307121226/tools/bin/../lib/gcc/arm-none-eabi/12.3.1/../../../../arm-none-eabi/lib/thumb/v6-m/nofp\libcr_c.a(fflush.o)
 .debug_loc     0x000037e1       0xda c:/nxp/mcuxpressoide_11.9.0_2144/ide/plugins/com.nxp.mcuxpresso.tools.win32_11.9.0.202307121226/tools/bin/../lib/gcc/arm-none-eabi/12.3.1/../../../../arm-none-eabi/lib/thumb/v6-m/nofp\libcr_c.a(remove.o)
 .debug_loc     0x000038bb       0x22 c:/nxp/mcuxpressoide_11.9.0_2144/ide/plugins/com.nxp.mcuxpresso.tools.win32_11.9.0.202307121226/tools/bin/../lib/gcc/arm-none-eabi/12.3.1/../../../../arm-none-eabi/lib/thumb/v6-m/nofp\libcr_c.a(_cr_check_heap.o)
 .debug_loc     0x000038dd       0x83 c:/nxp/mcuxpressoide_11.9.0_2144/ide/plugins/com.nxp.mcuxpresso.tools.win32_11.9.0.202307121226/tools/bin/../lib/gcc/arm-none-eabi/12.3.1/../../../../arm-none-eabi/lib/thumb/v6-m/nofp\libcr_c.a(_do_fflush.o)

.debug_aranges  0x00000000     0x1138
 .debug_aranges
                0x00000000      0x160 ./startup/startup_mkl43z4.o
 .debug_aranges
                0x00000160       0x18 ./source/Drivers/SSD1306/font5x7.o
 .debug_aranges
                0x00000178       0x98 ./source/Drivers/SSD1306/oled.o
 .debug_aranges
                0x00000210       0x50 ./source/Drivers/PowerMode/power_mode_switch.o
 .debug_aranges
                0x00000260       0xc0 ./source/Drivers/MMA8451/mma8451.o
 .debug_aranges
                0x00000320       0x38 ./source/Drivers/Key/key.o
 .debug_aranges
                0x00000358       0x50 ./source/Drivers/I2C/SD2_I2C.o
 .debug_aranges
                0x000003a8       0x88 ./source/Drivers/Board/SD2_board.o
 .debug_aranges
                0x00000430       0x88 ./source/Drivers/time.o
 .debug_aranges
                0x000004b8       0x70 ./source/Drivers/uart_ringBuffer.o
 .debug_aranges
                0x00000528       0x30 ./source/App/mef_principal.o
 .debug_aranges
                0x00000558       0x20 ./source/App/mef_trama_rec.o
 .debug_aranges
                0x00000578       0x30 ./source/App/trama_process.o
 .debug_aranges
                0x000005a8       0x50 ./source/main.o
 .debug_aranges
                0x000005f8       0x18 ./source/mtb.o
 .debug_aranges
                0x00000610       0x48 ./source/ringBuffer.o
 .debug_aranges
                0x00000658       0x20 ./source/semihost_hardfault.o
 .debug_aranges
                0x00000678       0xd0 ./drivers/fsl_clock.o
 .debug_aranges
                0x00000748       0xd0 ./drivers/fsl_dma.o
 .debug_aranges
                0x00000818       0xb8 ./drivers/fsl_flexio.o
 .debug_aranges
                0x000008d0       0x68 ./drivers/fsl_gpio.o
 .debug_aranges
                0x00000938      0x178 ./drivers/fsl_i2c.o
 .debug_aranges
                0x00000ab0      0x120 ./drivers/fsl_lpuart.o
 .debug_aranges
                0x00000bd0      0x148 ./drivers/fsl_spi.o
 .debug_aranges
                0x00000d18       0x30 ./device/system_MKL43Z4.o
 .debug_aranges
                0x00000d48       0x30 ./board/board.o
 .debug_aranges
                0x00000d78       0x48 ./board/clock_config.o
 .debug_aranges
                0x00000dc0       0x20 c:/nxp/mcuxpressoide_11.9.0_2144/ide/plugins/com.nxp.mcuxpresso.tools.win32_11.9.0.202307121226/tools/bin/../lib/gcc/arm-none-eabi/12.3.1/../../../../arm-none-eabi/lib/thumb/v6-m/nofp\libcr_semihost_nf.a(_cr__main.o)
 .debug_aranges
                0x00000de0       0x20 c:/nxp/mcuxpressoide_11.9.0_2144/ide/plugins/com.nxp.mcuxpresso.tools.win32_11.9.0.202307121226/tools/bin/../lib/gcc/arm-none-eabi/12.3.1/../../../../arm-none-eabi/lib/thumb/v6-m/nofp\libcr_semihost_nf.a(_cr_assert.o)
 .debug_aranges
                0x00000e00       0x18 c:/nxp/mcuxpressoide_11.9.0_2144/ide/plugins/com.nxp.mcuxpresso.tools.win32_11.9.0.202307121226/tools/bin/../lib/gcc/arm-none-eabi/12.3.1/../../../../arm-none-eabi/lib/thumb/v6-m/nofp\libcr_semihost_nf.a(__ciob.o)
 .debug_aranges
                0x00000e18       0x20 c:/nxp/mcuxpressoide_11.9.0_2144/ide/plugins/com.nxp.mcuxpresso.tools.win32_11.9.0.202307121226/tools/bin/../lib/gcc/arm-none-eabi/12.3.1/../../../../arm-none-eabi/lib/thumb/v6-m/nofp\libcr_c.a(memset.o)
 .debug_aranges
                0x00000e38       0x28 c:/nxp/mcuxpressoide_11.9.0_2144/ide/plugins/com.nxp.mcuxpresso.tools.win32_11.9.0.202307121226/tools/bin/../lib/gcc/arm-none-eabi/12.3.1/../../../../arm-none-eabi/lib/thumb/v6-m/nofp\libcr_c.a(_deferredlazyseek.o)
 .debug_aranges
                0x00000e60       0x20 c:/nxp/mcuxpressoide_11.9.0_2144/ide/plugins/com.nxp.mcuxpresso.tools.win32_11.9.0.202307121226/tools/bin/../lib/gcc/arm-none-eabi/12.3.1/../../../../arm-none-eabi/lib/thumb/v6-m/nofp\libcr_c.a(_fflush.o)
 .debug_aranges
                0x00000e80       0x20 c:/nxp/mcuxpressoide_11.9.0_2144/ide/plugins/com.nxp.mcuxpresso.tools.win32_11.9.0.202307121226/tools/bin/../lib/gcc/arm-none-eabi/12.3.1/../../../../arm-none-eabi/lib/thumb/v6-m/nofp\libcr_c.a(_writebuf.o)
 .debug_aranges
                0x00000ea0       0x40 c:/nxp/mcuxpressoide_11.9.0_2144/ide/plugins/com.nxp.mcuxpresso.tools.win32_11.9.0.202307121226/tools/bin/../lib/gcc/arm-none-eabi/12.3.1/../../../../arm-none-eabi/lib/thumb/v6-m/nofp\libcr_c.a(alloc.o)
 .debug_aranges
                0x00000ee0       0x20 c:/nxp/mcuxpressoide_11.9.0_2144/ide/plugins/com.nxp.mcuxpresso.tools.win32_11.9.0.202307121226/tools/bin/../lib/gcc/arm-none-eabi/12.3.1/../../../../arm-none-eabi/lib/thumb/v6-m/nofp\libcr_c.a(fputs.o)
 .debug_aranges
                0x00000f00       0x20 c:/nxp/mcuxpressoide_11.9.0_2144/ide/plugins/com.nxp.mcuxpresso.tools.win32_11.9.0.202307121226/tools/bin/../lib/gcc/arm-none-eabi/12.3.1/../../../../arm-none-eabi/lib/thumb/v6-m/nofp\libcr_c.a(fseek.o)
 .debug_aranges
                0x00000f20       0x20 c:/nxp/mcuxpressoide_11.9.0_2144/ide/plugins/com.nxp.mcuxpresso.tools.win32_11.9.0.202307121226/tools/bin/../lib/gcc/arm-none-eabi/12.3.1/../../../../arm-none-eabi/lib/thumb/v6-m/nofp\libcr_c.a(ftell.o)
 .debug_aranges
                0x00000f40       0x28 c:/nxp/mcuxpressoide_11.9.0_2144/ide/plugins/com.nxp.mcuxpresso.tools.win32_11.9.0.202307121226/tools/bin/../lib/gcc/arm-none-eabi/12.3.1/../../../../arm-none-eabi/lib/thumb/v6-m/nofp\libcr_c.a(initio.o)
 .debug_aranges
                0x00000f68       0x70 c:/nxp/mcuxpressoide_11.9.0_2144/ide/plugins/com.nxp.mcuxpresso.tools.win32_11.9.0.202307121226/tools/bin/../lib/gcc/arm-none-eabi/12.3.1/../../../../arm-none-eabi/lib/thumb/v6-m/nofp\libcr_c.a(printf.o)
 .debug_aranges
                0x00000fd8       0x20 c:/nxp/mcuxpressoide_11.9.0_2144/ide/plugins/com.nxp.mcuxpresso.tools.win32_11.9.0.202307121226/tools/bin/../lib/gcc/arm-none-eabi/12.3.1/../../../../arm-none-eabi/lib/thumb/v6-m/nofp\libcr_c.a(setvbuf.o)
 .debug_aranges
                0x00000ff8       0x20 c:/nxp/mcuxpressoide_11.9.0_2144/ide/plugins/com.nxp.mcuxpresso.tools.win32_11.9.0.202307121226/tools/bin/../lib/gcc/arm-none-eabi/12.3.1/../../../../arm-none-eabi/lib/thumb/v6-m/nofp\libcr_c.a(strlen.o)
 .debug_aranges
                0x00001018       0x20 c:/nxp/mcuxpressoide_11.9.0_2144/ide/plugins/com.nxp.mcuxpresso.tools.win32_11.9.0.202307121226/tools/bin/../lib/gcc/arm-none-eabi/12.3.1/../../../../arm-none-eabi/lib/thumb/v6-m/nofp\libcr_c.a(__init_alloc.o)
 .debug_aranges
                0x00001038       0x20 c:/nxp/mcuxpressoide_11.9.0_2144/ide/plugins/com.nxp.mcuxpresso.tools.win32_11.9.0.202307121226/tools/bin/../lib/gcc/arm-none-eabi/12.3.1/../../../../arm-none-eabi/lib/thumb/v6-m/nofp\libcr_c.a(_cr_sbrk.o)
 .debug_aranges
                0x00001058       0x20 c:/nxp/mcuxpressoide_11.9.0_2144/ide/plugins/com.nxp.mcuxpresso.tools.win32_11.9.0.202307121226/tools/bin/../lib/gcc/arm-none-eabi/12.3.1/../../../../arm-none-eabi/lib/thumb/v6-m/nofp\libcr_c.a(_fdopen.o)
 .debug_aranges
                0x00001078       0x18 c:/nxp/mcuxpressoide_11.9.0_2144/ide/plugins/com.nxp.mcuxpresso.tools.win32_11.9.0.202307121226/tools/bin/../lib/gcc/arm-none-eabi/12.3.1/../../../../arm-none-eabi/lib/thumb/v6-m/nofp\libcr_c.a(errno.o)
 .debug_aranges
                0x00001090       0x20 c:/nxp/mcuxpressoide_11.9.0_2144/ide/plugins/com.nxp.mcuxpresso.tools.win32_11.9.0.202307121226/tools/bin/../lib/gcc/arm-none-eabi/12.3.1/../../../../arm-none-eabi/lib/thumb/v6-m/nofp\libcr_c.a(fclose.o)
 .debug_aranges
                0x000010b0       0x20 c:/nxp/mcuxpressoide_11.9.0_2144/ide/plugins/com.nxp.mcuxpresso.tools.win32_11.9.0.202307121226/tools/bin/../lib/gcc/arm-none-eabi/12.3.1/../../../../arm-none-eabi/lib/thumb/v6-m/nofp\libcr_c.a(fflush.o)
 .debug_aranges
                0x000010d0       0x28 c:/nxp/mcuxpressoide_11.9.0_2144/ide/plugins/com.nxp.mcuxpresso.tools.win32_11.9.0.202307121226/tools/bin/../lib/gcc/arm-none-eabi/12.3.1/../../../../arm-none-eabi/lib/thumb/v6-m/nofp\libcr_c.a(remove.o)
 .debug_aranges
                0x000010f8       0x20 c:/nxp/mcuxpressoide_11.9.0_2144/ide/plugins/com.nxp.mcuxpresso.tools.win32_11.9.0.202307121226/tools/bin/../lib/gcc/arm-none-eabi/12.3.1/../../../../arm-none-eabi/lib/thumb/v6-m/nofp\libcr_c.a(_cr_check_heap.o)
 .debug_aranges
                0x00001118       0x20 c:/nxp/mcuxpressoide_11.9.0_2144/ide/plugins/com.nxp.mcuxpresso.tools.win32_11.9.0.202307121226/tools/bin/../lib/gcc/arm-none-eabi/12.3.1/../../../../arm-none-eabi/lib/thumb/v6-m/nofp\libcr_c.a(_do_fflush.o)

.debug_ranges   0x00000000     0x1100
 .debug_ranges  0x00000000      0x150 ./startup/startup_mkl43z4.o
 .debug_ranges  0x00000150       0x88 ./source/Drivers/SSD1306/oled.o
 .debug_ranges  0x000001d8       0x40 ./source/Drivers/PowerMode/power_mode_switch.o
 .debug_ranges  0x00000218       0xb0 ./source/Drivers/MMA8451/mma8451.o
 .debug_ranges  0x000002c8       0x28 ./source/Drivers/Key/key.o
 .debug_ranges  0x000002f0       0x40 ./source/Drivers/I2C/SD2_I2C.o
 .debug_ranges  0x00000330       0x78 ./source/Drivers/Board/SD2_board.o
 .debug_ranges  0x000003a8       0x78 ./source/Drivers/time.o
 .debug_ranges  0x00000420       0x60 ./source/Drivers/uart_ringBuffer.o
 .debug_ranges  0x00000480       0x20 ./source/App/mef_principal.o
 .debug_ranges  0x000004a0       0x10 ./source/App/mef_trama_rec.o
 .debug_ranges  0x000004b0       0x20 ./source/App/trama_process.o
 .debug_ranges  0x000004d0       0x40 ./source/main.o
 .debug_ranges  0x00000510       0x38 ./source/ringBuffer.o
 .debug_ranges  0x00000548       0x10 ./source/semihost_hardfault.o
 .debug_ranges  0x00000558       0xc0 ./drivers/fsl_clock.o
 .debug_ranges  0x00000618       0xc0 ./drivers/fsl_dma.o
 .debug_ranges  0x000006d8       0xa8 ./drivers/fsl_flexio.o
 .debug_ranges  0x00000780       0x58 ./drivers/fsl_gpio.o
 .debug_ranges  0x000007d8      0x168 ./drivers/fsl_i2c.o
 .debug_ranges  0x00000940      0x110 ./drivers/fsl_lpuart.o
 .debug_ranges  0x00000a50      0x138 ./drivers/fsl_spi.o
 .debug_ranges  0x00000b88       0x20 ./device/system_MKL43Z4.o
 .debug_ranges  0x00000ba8       0x20 ./board/board.o
 .debug_ranges  0x00000bc8       0x38 ./board/clock_config.o
 .debug_ranges  0x00000c00       0x10 c:/nxp/mcuxpressoide_11.9.0_2144/ide/plugins/com.nxp.mcuxpresso.tools.win32_11.9.0.202307121226/tools/bin/../lib/gcc/arm-none-eabi/12.3.1/../../../../arm-none-eabi/lib/thumb/v6-m/nofp\libcr_semihost_nf.a(_cr__main.o)
 .debug_ranges  0x00000c10       0x10 c:/nxp/mcuxpressoide_11.9.0_2144/ide/plugins/com.nxp.mcuxpresso.tools.win32_11.9.0.202307121226/tools/bin/../lib/gcc/arm-none-eabi/12.3.1/../../../../arm-none-eabi/lib/thumb/v6-m/nofp\libcr_semihost_nf.a(_cr_assert.o)
 .debug_ranges  0x00000c20       0x10 c:/nxp/mcuxpressoide_11.9.0_2144/ide/plugins/com.nxp.mcuxpresso.tools.win32_11.9.0.202307121226/tools/bin/../lib/gcc/arm-none-eabi/12.3.1/../../../../arm-none-eabi/lib/thumb/v6-m/nofp\libcr_c.a(memset.o)
 .debug_ranges  0x00000c30       0x50 c:/nxp/mcuxpressoide_11.9.0_2144/ide/plugins/com.nxp.mcuxpresso.tools.win32_11.9.0.202307121226/tools/bin/../lib/gcc/arm-none-eabi/12.3.1/../../../../arm-none-eabi/lib/thumb/v6-m/nofp\libcr_c.a(_deferredlazyseek.o)
 .debug_ranges  0x00000c80       0x10 c:/nxp/mcuxpressoide_11.9.0_2144/ide/plugins/com.nxp.mcuxpresso.tools.win32_11.9.0.202307121226/tools/bin/../lib/gcc/arm-none-eabi/12.3.1/../../../../arm-none-eabi/lib/thumb/v6-m/nofp\libcr_c.a(_fflush.o)
 .debug_ranges  0x00000c90       0x10 c:/nxp/mcuxpressoide_11.9.0_2144/ide/plugins/com.nxp.mcuxpresso.tools.win32_11.9.0.202307121226/tools/bin/../lib/gcc/arm-none-eabi/12.3.1/../../../../arm-none-eabi/lib/thumb/v6-m/nofp\libcr_c.a(_writebuf.o)
 .debug_ranges  0x00000ca0       0x50 c:/nxp/mcuxpressoide_11.9.0_2144/ide/plugins/com.nxp.mcuxpresso.tools.win32_11.9.0.202307121226/tools/bin/../lib/gcc/arm-none-eabi/12.3.1/../../../../arm-none-eabi/lib/thumb/v6-m/nofp\libcr_c.a(alloc.o)
 .debug_ranges  0x00000cf0       0x10 c:/nxp/mcuxpressoide_11.9.0_2144/ide/plugins/com.nxp.mcuxpresso.tools.win32_11.9.0.202307121226/tools/bin/../lib/gcc/arm-none-eabi/12.3.1/../../../../arm-none-eabi/lib/thumb/v6-m/nofp\libcr_c.a(fputs.o)
 .debug_ranges  0x00000d00       0x10 c:/nxp/mcuxpressoide_11.9.0_2144/ide/plugins/com.nxp.mcuxpresso.tools.win32_11.9.0.202307121226/tools/bin/../lib/gcc/arm-none-eabi/12.3.1/../../../../arm-none-eabi/lib/thumb/v6-m/nofp\libcr_c.a(fseek.o)
 .debug_ranges  0x00000d10       0x10 c:/nxp/mcuxpressoide_11.9.0_2144/ide/plugins/com.nxp.mcuxpresso.tools.win32_11.9.0.202307121226/tools/bin/../lib/gcc/arm-none-eabi/12.3.1/../../../../arm-none-eabi/lib/thumb/v6-m/nofp\libcr_c.a(ftell.o)
 .debug_ranges  0x00000d20       0x38 c:/nxp/mcuxpressoide_11.9.0_2144/ide/plugins/com.nxp.mcuxpresso.tools.win32_11.9.0.202307121226/tools/bin/../lib/gcc/arm-none-eabi/12.3.1/../../../../arm-none-eabi/lib/thumb/v6-m/nofp\libcr_c.a(initio.o)
 .debug_ranges  0x00000d58      0x2b8 c:/nxp/mcuxpressoide_11.9.0_2144/ide/plugins/com.nxp.mcuxpresso.tools.win32_11.9.0.202307121226/tools/bin/../lib/gcc/arm-none-eabi/12.3.1/../../../../arm-none-eabi/lib/thumb/v6-m/nofp\libcr_c.a(printf.o)
 .debug_ranges  0x00001010       0x10 c:/nxp/mcuxpressoide_11.9.0_2144/ide/plugins/com.nxp.mcuxpresso.tools.win32_11.9.0.202307121226/tools/bin/../lib/gcc/arm-none-eabi/12.3.1/../../../../arm-none-eabi/lib/thumb/v6-m/nofp\libcr_c.a(setvbuf.o)
 .debug_ranges  0x00001020       0x28 c:/nxp/mcuxpressoide_11.9.0_2144/ide/plugins/com.nxp.mcuxpresso.tools.win32_11.9.0.202307121226/tools/bin/../lib/gcc/arm-none-eabi/12.3.1/../../../../arm-none-eabi/lib/thumb/v6-m/nofp\libcr_c.a(strlen.o)
 .debug_ranges  0x00001048       0x10 c:/nxp/mcuxpressoide_11.9.0_2144/ide/plugins/com.nxp.mcuxpresso.tools.win32_11.9.0.202307121226/tools/bin/../lib/gcc/arm-none-eabi/12.3.1/../../../../arm-none-eabi/lib/thumb/v6-m/nofp\libcr_c.a(__init_alloc.o)
 .debug_ranges  0x00001058       0x10 c:/nxp/mcuxpressoide_11.9.0_2144/ide/plugins/com.nxp.mcuxpresso.tools.win32_11.9.0.202307121226/tools/bin/../lib/gcc/arm-none-eabi/12.3.1/../../../../arm-none-eabi/lib/thumb/v6-m/nofp\libcr_c.a(_cr_sbrk.o)
 .debug_ranges  0x00001068       0x10 c:/nxp/mcuxpressoide_11.9.0_2144/ide/plugins/com.nxp.mcuxpresso.tools.win32_11.9.0.202307121226/tools/bin/../lib/gcc/arm-none-eabi/12.3.1/../../../../arm-none-eabi/lib/thumb/v6-m/nofp\libcr_c.a(_fdopen.o)
 .debug_ranges  0x00001078       0x10 c:/nxp/mcuxpressoide_11.9.0_2144/ide/plugins/com.nxp.mcuxpresso.tools.win32_11.9.0.202307121226/tools/bin/../lib/gcc/arm-none-eabi/12.3.1/../../../../arm-none-eabi/lib/thumb/v6-m/nofp\libcr_c.a(fclose.o)
 .debug_ranges  0x00001088       0x28 c:/nxp/mcuxpressoide_11.9.0_2144/ide/plugins/com.nxp.mcuxpresso.tools.win32_11.9.0.202307121226/tools/bin/../lib/gcc/arm-none-eabi/12.3.1/../../../../arm-none-eabi/lib/thumb/v6-m/nofp\libcr_c.a(fflush.o)
 .debug_ranges  0x000010b0       0x18 c:/nxp/mcuxpressoide_11.9.0_2144/ide/plugins/com.nxp.mcuxpresso.tools.win32_11.9.0.202307121226/tools/bin/../lib/gcc/arm-none-eabi/12.3.1/../../../../arm-none-eabi/lib/thumb/v6-m/nofp\libcr_c.a(remove.o)
 .debug_ranges  0x000010c8       0x10 c:/nxp/mcuxpressoide_11.9.0_2144/ide/plugins/com.nxp.mcuxpresso.tools.win32_11.9.0.202307121226/tools/bin/../lib/gcc/arm-none-eabi/12.3.1/../../../../arm-none-eabi/lib/thumb/v6-m/nofp\libcr_c.a(_cr_check_heap.o)
 .debug_ranges  0x000010d8       0x28 c:/nxp/mcuxpressoide_11.9.0_2144/ide/plugins/com.nxp.mcuxpresso.tools.win32_11.9.0.202307121226/tools/bin/../lib/gcc/arm-none-eabi/12.3.1/../../../../arm-none-eabi/lib/thumb/v6-m/nofp\libcr_c.a(_do_fflush.o)

.debug_macro    0x00000000     0x2960
 .debug_macro   0x00000000       0x29 ./startup/startup_mkl43z4.o
 .debug_macro   0x00000029       0x1a ./source/Drivers/SSD1306/font5x7.o
 .debug_macro   0x00000043      0x696 ./source/Drivers/SSD1306/font5x7.o
 .debug_macro   0x000006d9       0xef ./source/Drivers/SSD1306/oled.o
 .debug_macro   0x000007c8       0x10 ./source/Drivers/SSD1306/oled.o