C:\Users\valen\Documents\MCUXpressoIDE_11.9.0_2144\workspace\TP2_V1\CMSIS/core_cm0plus.h:741:22:__NVIC_EnableIRQ	16	static
../drivers/fsl_clock.h:438:20:CLOCK_EnableClock	24	static
../drivers/fsl_common.h:484:28:EnableIRQ	16	static
../drivers/fsl_flexio.h:486:20:FLEXIO_EnableShifterStatusInterrupts	16	static
../drivers/fsl_flexio.h:499:20:FLEXIO_DisableShifterStatusInterrupts	16	static
../drivers/fsl_flexio.h:569:24:FLEXIO_GetShifterStatusFlags	16	static
../drivers/fsl_flexio.h:582:20:FLEXIO_ClearShifterStatusFlags	16	static
../drivers/fsl_flexio.h:652:20:FLEXIO_EnableShifterStatusDMA	24	static
../drivers/fsl_flexio_spi.h:482:20:FLEXIO_SPI_WriteData	16	static
../drivers/fsl_flexio_spi.h:504:24:FLEXIO_SPI_ReadData	16	static
../drivers/fsl_flexio_spi.h:667:20:FLEXIO_SPI_SlaveTransferAbort	16	static
../drivers/fsl_flexio_spi.c:63:17:FLEXIO_SPI_GetInstance	16	static
../drivers/fsl_flexio_spi.c:68:13:FLEXIO_SPI_TransferSendTransaction	24	static
../drivers/fsl_flexio_spi.c:110:13:FLEXIO_SPI_TransferReceiveTransaction	32	static
../drivers/fsl_flexio_spi.c:183:6:FLEXIO_SPI_MasterInit	88	static
../drivers/fsl_flexio_spi.c:310:6:FLEXIO_SPI_MasterDeinit	16	static
../drivers/fsl_flexio_spi.c:334:6:FLEXIO_SPI_MasterGetDefaultConfig	16	static
../drivers/fsl_flexio_spi.c:390:6:FLEXIO_SPI_SlaveInit	80	static
../drivers/fsl_flexio_spi.c:497:6:FLEXIO_SPI_SlaveDeinit	16	static
../drivers/fsl_flexio_spi.c:512:6:FLEXIO_SPI_SlaveGetDefaultConfig	16	static
../drivers/fsl_flexio_spi.c:539:6:FLEXIO_SPI_EnableInterrupts	16	static
../drivers/fsl_flexio_spi.c:561:6:FLEXIO_SPI_DisableInterrupts	16	static
../drivers/fsl_flexio_spi.c:581:6:FLEXIO_SPI_EnableDMA	24	static
../drivers/fsl_flexio_spi.c:603:10:FLEXIO_SPI_GetStatusFlags	24	static
../drivers/fsl_flexio_spi.c:624:6:FLEXIO_SPI_ClearStatusFlags	16	static
../drivers/fsl_flexio_spi.c:643:6:FLEXIO_SPI_MasterSetBaudRate	40	static
../drivers/fsl_flexio_spi.c:672:10:FLEXIO_SPI_WriteBlocking	24	static
../drivers/fsl_flexio_spi.c:721:10:FLEXIO_SPI_ReadBlocking	24	static
../drivers/fsl_flexio_spi.c:767:10:FLEXIO_SPI_MasterTransferBlocking	40	static
../drivers/fsl_flexio_spi.c:925:10:FLEXIO_SPI_MasterTransferCreateHandle	40	static
../drivers/fsl_flexio_spi.c:961:10:FLEXIO_SPI_MasterTransferNonBlocking	32	static
../drivers/fsl_flexio_spi.c:1078:10:FLEXIO_SPI_MasterTransferGetCount	24	static
../drivers/fsl_flexio_spi.c:1106:6:FLEXIO_SPI_MasterTransferAbort	16	static
../drivers/fsl_flexio_spi.c:1127:6:FLEXIO_SPI_MasterTransferHandleIRQ	40	static
../drivers/fsl_flexio_spi.c:1176:10:FLEXIO_SPI_SlaveTransferCreateHandle	40	static
../drivers/fsl_flexio_spi.c:1212:10:FLEXIO_SPI_SlaveTransferNonBlocking	32	static
../drivers/fsl_flexio_spi.c:1289:6:FLEXIO_SPI_SlaveTransferHandleIRQ	40	static
