C:\Users\ivans\Documents\MCUXpressoIDE_11.8.1_1197\workspace\Trabajo_Practico_3\CMSIS/core_cm0plus.h:741:22:__NVIC_EnableIRQ	16	static
../drivers/fsl_clock.h:438:20:CLOCK_EnableClock	24	static
../drivers/fsl_common.h:484:28:EnableIRQ	16	static
../drivers/fsl_flexio.h:486:20:FLEXIO_EnableShifterStatusInterrupts	16	static
../drivers/fsl_flexio.h:499:20:FLEXIO_DisableShifterStatusInterrupts	16	static
../drivers/fsl_flexio.h:569:24:FLEXIO_GetShifterStatusFlags	16	static
../drivers/fsl_flexio.h:582:20:FLEXIO_ClearShifterStatusFlags	16	static
../drivers/fsl_flexio.h:593:24:FLEXIO_GetShifterErrorFlags	16	static
../drivers/fsl_flexio.h:606:20:FLEXIO_ClearShifterErrorFlags	16	static
../drivers/fsl_flexio_uart.h:346:20:FLEXIO_UART_WriteByte	16	static
../drivers/fsl_flexio_uart.h:360:20:FLEXIO_UART_ReadByte	16	static
../drivers/fsl_flexio_uart.c:54:17:FLEXIO_UART_GetInstance	16	static
../drivers/fsl_flexio_uart.c:59:15:FLEXIO_UART_TransferGetRxRingBufferLength	24	static
../drivers/fsl_flexio_uart.c:77:13:FLEXIO_UART_TransferIsRxRingBufferFull	24	static
../drivers/fsl_flexio_uart.c:124:10:FLEXIO_UART_Init	96	static
../drivers/fsl_flexio_uart.c:244:6:FLEXIO_UART_Deinit	16	static
../drivers/fsl_flexio_uart.c:274:6:FLEXIO_UART_GetDefaultConfig	16	static
../drivers/fsl_flexio_uart.c:299:6:FLEXIO_UART_EnableInterrupts	16	static
../drivers/fsl_flexio_uart.c:319:6:FLEXIO_UART_DisableInterrupts	16	static
../drivers/fsl_flexio_uart.c:338:10:FLEXIO_UART_GetStatusFlags	24	static
../drivers/fsl_flexio_uart.c:363:6:FLEXIO_UART_ClearStatusFlags	16	static
../drivers/fsl_flexio_uart.c:390:10:FLEXIO_UART_WriteBlocking	24	static
../drivers/fsl_flexio_uart.c:433:10:FLEXIO_UART_ReadBlocking	24	static
../drivers/fsl_flexio_uart.c:485:10:FLEXIO_UART_TransferCreateHandle	40	static
../drivers/fsl_flexio_uart.c:529:6:FLEXIO_UART_TransferStartRingBuffer	24	static
../drivers/fsl_flexio_uart.c:557:6:FLEXIO_UART_TransferStopRingBuffer	16	static
../drivers/fsl_flexio_uart.c:589:10:FLEXIO_UART_TransferSendNonBlocking	32	static
../drivers/fsl_flexio_uart.c:631:6:FLEXIO_UART_TransferAbortSend	16	static
../drivers/fsl_flexio_uart.c:651:10:FLEXIO_UART_TransferGetSendCount	24	static
../drivers/fsl_flexio_uart.c:691:10:FLEXIO_UART_TransferReceiveNonBlocking	56	static
../drivers/fsl_flexio_uart.c:816:6:FLEXIO_UART_TransferAbortReceive	16	static
../drivers/fsl_flexio_uart.c:840:10:FLEXIO_UART_TransferGetReceiveCount	24	static
../drivers/fsl_flexio_uart.c:863:6:FLEXIO_UART_TransferHandleIRQ	48	static
