../drivers/fsl_dma.h:232:20:DMA_SetSourceAddress	24	static
../drivers/fsl_dma.h:246:20:DMA_SetDestinationAddress	24	static
../drivers/fsl_dma.h:260:20:DMA_SetTransferSize	24	static
../drivers/fsl_dma.h:418:24:DMA_GetRemainingBytes	16	static
../drivers/fsl_dma.h:535:20:DMA_StartTransfer	16	static
../drivers/fsl_sai.h:1165:20:SAI_TxEnableDMA	24	static
../drivers/fsl_sai.h:1186:20:SAI_RxEnableDMA	24	static
../drivers/fsl_sai.h:1207:24:SAI_TxGetDataRegisterAddress	16	static
../drivers/fsl_sai.h:1221:24:SAI_RxGetDataRegisterAddress	16	static
../drivers/fsl_sai_dma.c:68:17:SAI_GetInstance	24	static
../drivers/fsl_sai_dma.c:86:13:SAI_TxDMACallback	32	static
../drivers/fsl_sai_dma.c:108:13:SAI_RxDMACallback	32	static
../drivers/fsl_sai_dma.c:143:6:SAI_TransferTxCreateHandleDMA	32	static
../drivers/fsl_sai_dma.c:186:6:SAI_TransferRxCreateHandleDMA	32	static
../drivers/fsl_sai_dma.c:231:6:SAI_TransferTxSetFormatDMA	48	static
../drivers/fsl_sai_dma.c:289:6:SAI_TransferRxSetFormatDMA	48	static
../drivers/fsl_sai_dma.c:338:6:SAI_TransferRxSetConfigDMA	48	static
../drivers/fsl_sai_dma.c:384:6:SAI_TransferTxSetConfigDMA	48	static
../drivers/fsl_sai_dma.c:435:10:SAI_TransferSendDMA	24	static
../drivers/fsl_sai_dma.c:491:10:SAI_TransferReceiveDMA	24	static
../drivers/fsl_sai_dma.c:541:6:SAI_TransferAbortSendDMA	16	static
../drivers/fsl_sai_dma.c:573:6:SAI_TransferAbortReceiveDMA	16	static
../drivers/fsl_sai_dma.c:608:10:SAI_TransferGetSendCountDMA	40	static
../drivers/fsl_sai_dma.c:636:10:SAI_TransferGetReceiveCountDMA	40	static
