C:\Users\ivans\Documents\MCUXpressoIDE_11.8.1_1197\workspace\Trabajo_Practico_3\CMSIS/core_cm0plus.h:741:22:__NVIC_EnableIRQ	16	static
../drivers/fsl_clock.h:438:20:CLOCK_EnableClock	24	static
../drivers/fsl_clock.h:449:20:CLOCK_DisableClock	24	static
../drivers/fsl_common.h:484:28:EnableIRQ	16	static
../drivers/fsl_sai.h:890:20:SAI_TxClearStatusFlags	16	static
../drivers/fsl_sai.h:915:20:SAI_RxClearStatusFlags	16	static
../drivers/fsl_sai.h:1040:20:SAI_TxSetFIFOErrorContinue	16	static
../drivers/fsl_sai.h:1061:20:SAI_RxSetFIFOErrorContinue	16	static
../drivers/fsl_sai.h:1093:20:SAI_TxEnableInterrupts	16	static
../drivers/fsl_sai.h:1110:20:SAI_RxEnableInterrupts	16	static
../drivers/fsl_sai.h:1127:20:SAI_TxDisableInterrupts	16	static
../drivers/fsl_sai.h:1144:20:SAI_RxDisableInterrupts	16	static
../drivers/fsl_sai.c:165:13:SAI_RxGetEnabledInterruptStatus	32	static
../drivers/fsl_sai.c:172:13:SAI_TxGetEnabledInterruptStatus	32	static
../drivers/fsl_sai.c:259:17:SAI_GetInstance	24	static
../drivers/fsl_sai.c:277:13:SAI_WriteNonBlocking	48	static
../drivers/fsl_sai.c:310:13:SAI_ReadNonBlocking	40	static
../drivers/fsl_sai.c:340:13:SAI_GetCommonConfig	24	static
../drivers/fsl_sai.c:409:6:SAI_TxInit	24	static
../drivers/fsl_sai.c:533:6:SAI_RxInit	24	static
../drivers/fsl_sai.c:648:6:SAI_Init	16	static
../drivers/fsl_sai.c:676:6:SAI_Deinit	16	static
../drivers/fsl_sai.c:702:6:SAI_TxGetDefaultConfig	16	static
../drivers/fsl_sai.c:736:6:SAI_RxGetDefaultConfig	16	static
../drivers/fsl_sai.c:760:6:SAI_TxReset	16	static
../drivers/fsl_sai.c:783:6:SAI_RxReset	16	static
../drivers/fsl_sai.c:805:6:SAI_TxEnable	16	static
../drivers/fsl_sai.c:835:6:SAI_RxEnable	16	static
../drivers/fsl_sai.c:870:6:SAI_TxSoftwareReset	16	static
../drivers/fsl_sai.c:889:6:SAI_RxSoftwareReset	16	static
../drivers/fsl_sai.c:904:6:SAI_TxSetChannelFIFOMask	16	static
../drivers/fsl_sai.c:917:6:SAI_RxSetChannelFIFOMask	16	static
../drivers/fsl_sai.c:929:6:SAI_TxSetDataOrder	24	static
../drivers/fsl_sai.c:943:6:SAI_RxSetDataOrder	24	static
../drivers/fsl_sai.c:957:6:SAI_TxSetBitClockPolarity	24	static
../drivers/fsl_sai.c:971:6:SAI_RxSetBitClockPolarity	24	static
../drivers/fsl_sai.c:985:6:SAI_TxSetFrameSyncPolarity	24	static
../drivers/fsl_sai.c:999:6:SAI_RxSetFrameSyncPolarity	24	static
../drivers/fsl_sai.c:1014:6:SAI_TxSetFIFOPacking	24	static
../drivers/fsl_sai.c:1029:6:SAI_RxSetFIFOPacking	24	static
../drivers/fsl_sai.c:1048:6:SAI_TxSetBitClockRate	40	static
../drivers/fsl_sai.c:1095:6:SAI_RxSetBitClockRate	40	static
../drivers/fsl_sai.c:1140:6:SAI_TxSetBitclockConfig	32	static
../drivers/fsl_sai.c:1167:6:SAI_RxSetBitclockConfig	32	static
../drivers/fsl_sai.c:1195:6:SAI_SetMasterClockConfig	24	static
../drivers/fsl_sai.c:1230:6:SAI_TxSetFifoConfig	24	static
../drivers/fsl_sai.c:1272:6:SAI_RxSetFifoConfig	24	static
../drivers/fsl_sai.c:1310:6:SAI_TxSetFrameSyncConfig	32	static
../drivers/fsl_sai.c:1344:6:SAI_RxSetFrameSyncConfig	32	static
../drivers/fsl_sai.c:1377:6:SAI_TxSetSerialDataConfig	24	static
../drivers/fsl_sai.c:1411:6:SAI_RxSetSerialDataConfig	24	static
../drivers/fsl_sai.c:1433:6:SAI_TxSetConfig	24	static
../drivers/fsl_sai.c:1535:6:SAI_TransferTxSetConfig	24	static
../drivers/fsl_sai.c:1562:6:SAI_RxSetConfig	24	static
../drivers/fsl_sai.c:1665:6:SAI_TransferRxSetConfig	24	static
../drivers/fsl_sai.c:1693:6:SAI_GetClassicI2SConfig	32	static
../drivers/fsl_sai.c:1709:6:SAI_GetLeftJustifiedConfig	32	static
../drivers/fsl_sai.c:1731:6:SAI_GetRightJustifiedConfig	32	static
../drivers/fsl_sai.c:1753:6:SAI_GetDSPConfig	24	static
../drivers/fsl_sai.c:1786:6:SAI_GetTDMConfig	24	static
../drivers/fsl_sai.c:1829:6:SAI_TxSetFormat	40	static
../drivers/fsl_sai.c:1972:6:SAI_RxSetFormat	40	static
../drivers/fsl_sai.c:2113:6:SAI_WriteBlocking	56	static
../drivers/fsl_sai.c:2151:6:SAI_WriteMultiChannelBlocking	72	static
../drivers/fsl_sai.c:2205:6:SAI_ReadMultiChannelBlocking	72	static
../drivers/fsl_sai.c:2251:6:SAI_ReadBlocking	56	static
../drivers/fsl_sai.c:2283:6:SAI_TransferTxCreateHandle	24	static
../drivers/fsl_sai.c:2314:6:SAI_TransferRxCreateHandle	24	static
../drivers/fsl_sai.c:2350:10:SAI_TransferTxSetFormat	24	static
../drivers/fsl_sai.c:2400:10:SAI_TransferRxSetFormat	24	static
../drivers/fsl_sai.c:2449:10:SAI_TransferSendNonBlocking	24	static
../drivers/fsl_sai.c:2498:10:SAI_TransferReceiveNonBlocking	24	static
../drivers/fsl_sai.c:2541:10:SAI_TransferGetSendCount	32	static
../drivers/fsl_sai.c:2569:10:SAI_TransferGetReceiveCount	32	static
../drivers/fsl_sai.c:2597:6:SAI_TransferAbortSend	16	static
../drivers/fsl_sai.c:2627:6:SAI_TransferAbortReceive	16	static
../drivers/fsl_sai.c:2657:6:SAI_TransferTerminateSend	16	static
../drivers/fsl_sai.c:2681:6:SAI_TransferTerminateReceive	16	static
../drivers/fsl_sai.c:2702:6:SAI_TransferTxHandleIRQ	56	static
../drivers/fsl_sai.c:2779:6:SAI_TransferRxHandleIRQ	56	static
../drivers/fsl_sai.c:2850:6:I2S0_DriverIRQHandler	8	static
../drivers/fsl_sai.c:2875:6:I2S0_Tx_DriverIRQHandler	8	static
../drivers/fsl_sai.c:2882:6:I2S0_Rx_DriverIRQHandler	8	static
