C:\Users\ivans\Documents\MCUXpressoIDE_11.8.1_1197\workspace\Trabajo_Practico_3\CMSIS/core_cm0plus.h:741:22:__NVIC_EnableIRQ	16	static
C:\Users\ivans\Documents\MCUXpressoIDE_11.8.1_1197\workspace\Trabajo_Practico_3\CMSIS/core_cm0plus.h:832:22:__NVIC_ClearPendingIRQ	16	static
../drivers/fsl_clock.h:438:20:CLOCK_EnableClock	24	static
../drivers/fsl_common.h:484:28:EnableIRQ	16	static
../drivers/fsl_flexio.h:486:20:FLEXIO_EnableShifterStatusInterrupts	16	static
../drivers/fsl_flexio.h:499:20:FLEXIO_DisableShifterStatusInterrupts	16	static
../drivers/fsl_flexio.h:569:24:FLEXIO_GetShifterStatusFlags	16	static
../drivers/fsl_flexio.h:582:20:FLEXIO_ClearShifterStatusFlags	16	static
../drivers/fsl_flexio.h:593:24:FLEXIO_GetShifterErrorFlags	16	static
../drivers/fsl_flexio.h:606:20:FLEXIO_ClearShifterErrorFlags	16	static
../drivers/fsl_flexio.h:617:24:FLEXIO_GetTimerStatusFlags	16	static
../drivers/fsl_flexio.h:630:20:FLEXIO_ClearTimerStatusFlags	16	static
../drivers/fsl_flexio_i2c_master.h:349:20:FLEXIO_I2C_MasterWriteByte	16	static
../drivers/fsl_flexio_i2c_master.h:363:23:FLEXIO_I2C_MasterReadByte	16	static
../drivers/fsl_flexio_i2c_master.c:75:17:FLEXIO_I2C_GetInstance	16	static
../drivers/fsl_flexio_i2c_master.c:80:17:FLEXIO_I2C_MasterTransferInitStateMachine	40	static
../drivers/fsl_flexio_i2c_master.c:151:17:FLEXIO_I2C_MasterTransferRunStateMachine	32	static
../drivers/fsl_flexio_i2c_master.c:443:13:FLEXIO_I2C_MasterTransferComplete	32	static
../drivers/fsl_flexio_i2c_master.c:511:10:FLEXIO_I2C_MasterInit	104	static
../drivers/fsl_flexio_i2c_master.c:646:6:FLEXIO_I2C_MasterDeinit	16	static
../drivers/fsl_flexio_i2c_master.c:681:6:FLEXIO_I2C_MasterGetDefaultConfig	16	static
../drivers/fsl_flexio_i2c_master.c:704:10:FLEXIO_I2C_MasterGetStatusFlags	24	static
../drivers/fsl_flexio_i2c_master.c:730:6:FLEXIO_I2C_MasterClearStatusFlags	16	static
../drivers/fsl_flexio_i2c_master.c:756:6:FLEXIO_I2C_MasterEnableInterrupts	16	static
../drivers/fsl_flexio_i2c_master.c:774:6:FLEXIO_I2C_MasterDisableInterrupts	16	static
../drivers/fsl_flexio_i2c_master.c:793:6:FLEXIO_I2C_MasterSetBaudRate	40	static
../drivers/fsl_flexio_i2c_master.c:818:10:FLEXIO_I2C_MasterSetTransferCount	24	static
../drivers/fsl_flexio_i2c_master.c:853:6:FLEXIO_I2C_MasterStart	24	static
../drivers/fsl_flexio_i2c_master.c:867:6:FLEXIO_I2C_MasterRepeatedStart	16	static
../drivers/fsl_flexio_i2c_master.c:878:6:FLEXIO_I2C_MasterStop	16	static
../drivers/fsl_flexio_i2c_master.c:890:6:FLEXIO_I2C_MasterAbortStop	24	static
../drivers/fsl_flexio_i2c_master.c:914:6:FLEXIO_I2C_MasterEnableAck	24	static
../drivers/fsl_flexio_i2c_master.c:943:10:FLEXIO_I2C_MasterWriteBlocking	32	static
../drivers/fsl_flexio_i2c_master.c:994:10:FLEXIO_I2C_MasterReadBlocking	32	static
../drivers/fsl_flexio_i2c_master.c:1036:10:FLEXIO_I2C_MasterTransferBlocking	80	static
../drivers/fsl_flexio_i2c_master.c:1110:10:FLEXIO_I2C_MasterTransferCreateHandle	40	static
../drivers/fsl_flexio_i2c_master.c:1148:10:FLEXIO_I2C_MasterTransferNonBlocking	32	static
../drivers/fsl_flexio_i2c_master.c:1196:6:FLEXIO_I2C_MasterTransferAbort	16	static
../drivers/fsl_flexio_i2c_master.c:1218:10:FLEXIO_I2C_MasterTransferGetCount	24	static
../drivers/fsl_flexio_i2c_master.c:1243:6:FLEXIO_I2C_MasterTransferHandleIRQ	32	static
