../drivers/fsl_lpuart.h:482:24:LPUART_GetDataRegisterAddress	16	static
../drivers/fsl_lpuart.h:495:20:LPUART_EnableTxDMA	16	static
../drivers/fsl_lpuart.h:515:20:LPUART_EnableRxDMA	16	static
../drivers/fsl_dma.h:351:20:DMA_DisableInterrupts	16	static
../drivers/fsl_dma.h:418:24:DMA_GetRemainingBytes	16	static
../drivers/fsl_dma.h:448:20:DMA_ClearChannelStatusFlags	24	static
../drivers/fsl_dma.h:535:20:DMA_StartTransfer	16	static
../drivers/fsl_lpuart_dma.c:111:13:LPUART_TransferSendDMACallback	32	static
../drivers/fsl_lpuart_dma.c:139:13:LPUART_TransferReceiveDMACallback	32	static
../drivers/fsl_lpuart_dma.c:171:6:LPUART_TransferCreateHandleDMA	32	static
../drivers/fsl_lpuart_dma.c:237:10:LPUART_TransferSendDMA	72	static
../drivers/fsl_lpuart_dma.c:289:10:LPUART_TransferReceiveDMA	72	static
../drivers/fsl_lpuart_dma.c:336:6:LPUART_TransferAbortSendDMA	16	static
../drivers/fsl_lpuart_dma.c:362:6:LPUART_TransferAbortReceiveDMA	16	static
../drivers/fsl_lpuart_dma.c:393:10:LPUART_TransferGetSendCountDMA	32	static
../drivers/fsl_lpuart_dma.c:421:10:LPUART_TransferGetReceiveCountDMA	32	static
