../drivers/fsl_flexio.h:652:20:FLEXIO_EnableShifterStatusDMA	24	static
../drivers/fsl_flexio_uart.h:271:24:FLEXIO_UART_GetTxDataRegisterAddress	16	static
../drivers/fsl_flexio_uart.h:284:24:FLEXIO_UART_GetRxDataRegisterAddress	16	static
../drivers/fsl_flexio_uart.h:297:20:FLEXIO_UART_EnableTxDMA	16	static
../drivers/fsl_flexio_uart.h:310:20:FLEXIO_UART_EnableRxDMA	16	static
../drivers/fsl_dma.h:232:20:DMA_SetSourceAddress	24	static
../drivers/fsl_dma.h:246:20:DMA_SetDestinationAddress	24	static
../drivers/fsl_dma.h:260:20:DMA_SetTransferSize	24	static
../drivers/fsl_dma.h:338:20:DMA_EnableInterrupts	16	static
../drivers/fsl_dma.h:351:20:DMA_DisableInterrupts	16	static
../drivers/fsl_dma.h:370:20:DMA_EnableChannelRequest	16	static
../drivers/fsl_dma.h:418:24:DMA_GetRemainingBytes	16	static
../drivers/fsl_dma.h:448:20:DMA_ClearChannelStatusFlags	24	static
../drivers/fsl_dma.h:550:20:DMA_StopTransfer	16	static
../drivers/fsl_flexio_uart_dma.c:76:13:FLEXIO_UART_TransferSendDMACallback	32	static
../drivers/fsl_flexio_uart_dma.c:95:13:FLEXIO_UART_TransferReceiveDMACallback	32	static
../drivers/fsl_flexio_uart_dma.c:126:10:FLEXIO_UART_TransferCreateHandleDMA	56	static
../drivers/fsl_flexio_uart_dma.c:212:10:FLEXIO_UART_TransferSendDMA	32	static
../drivers/fsl_flexio_uart_dma.c:265:10:FLEXIO_UART_TransferReceiveDMA	32	static
../drivers/fsl_flexio_uart_dma.c:314:6:FLEXIO_UART_TransferAbortSendDMA	16	static
../drivers/fsl_flexio_uart_dma.c:339:6:FLEXIO_UART_TransferAbortReceiveDMA	16	static
../drivers/fsl_flexio_uart_dma.c:367:10:FLEXIO_UART_TransferGetSendCountDMA	32	static
../drivers/fsl_flexio_uart_dma.c:394:10:FLEXIO_UART_TransferGetReceiveCountDMA	32	static
