C:\Users\ivans\Documents\MCUXpressoIDE_11.8.1_1197\workspace\Trabajo_Practico_3\CMSIS/core_cm0plus.h:741:22:__NVIC_EnableIRQ	16	static
../drivers/fsl_clock.h:438:20:CLOCK_EnableClock	24	static
../drivers/fsl_common.h:484:28:EnableIRQ	16	static
../drivers/fsl_flexio.h:486:20:FLEXIO_EnableShifterStatusInterrupts	16	static
../drivers/fsl_flexio.h:499:20:FLEXIO_DisableShifterStatusInterrupts	16	static
../drivers/fsl_flexio.h:569:24:FLEXIO_GetShifterStatusFlags	16	static
../drivers/fsl_flexio.h:593:24:FLEXIO_GetShifterErrorFlags	16	static
../drivers/fsl_flexio.h:606:20:FLEXIO_ClearShifterErrorFlags	16	static
../drivers/fsl_flexio_i2s.h:212:20:FLEXIO_I2S_Enable	16	static
../drivers/fsl_flexio_i2s.c:57:17:FLEXIO_I2S_GetInstance	16	static
../drivers/fsl_flexio_i2s.c:62:13:FLEXIO_I2S_WriteNonBlocking	48	static
../drivers/fsl_flexio_i2s.c:83:13:FLEXIO_I2S_ReadNonBlocking	40	static
../drivers/fsl_flexio_i2s.c:115:6:FLEXIO_I2S_Init	72	static
../drivers/fsl_flexio_i2s.c:257:6:FLEXIO_I2S_GetDefaultConfig	16	static
../drivers/fsl_flexio_i2s.c:280:6:FLEXIO_I2S_Deinit	16	static
../drivers/fsl_flexio_i2s.c:302:6:FLEXIO_I2S_EnableInterrupts	16	static
../drivers/fsl_flexio_i2s.c:320:10:FLEXIO_I2S_GetStatusFlags	24	static
../drivers/fsl_flexio_i2s.c:338:6:FLEXIO_I2S_DisableInterrupts	16	static
../drivers/fsl_flexio_i2s.c:360:6:FLEXIO_I2S_MasterSetFormat	32	static
../drivers/fsl_flexio_i2s.c:387:6:FLEXIO_I2S_SlaveSetFormat	16	static
../drivers/fsl_flexio_i2s.c:408:10:FLEXIO_I2S_WriteBlocking	40	static
../drivers/fsl_flexio_i2s.c:470:10:FLEXIO_I2S_ReadBlocking	40	static
../drivers/fsl_flexio_i2s.c:515:6:FLEXIO_I2S_TransferTxCreateHandle	40	static
../drivers/fsl_flexio_i2s.c:553:6:FLEXIO_I2S_TransferRxCreateHandle	40	static
../drivers/fsl_flexio_i2s.c:590:6:FLEXIO_I2S_TransferSetFormat	24	static
../drivers/fsl_flexio_i2s.c:626:10:FLEXIO_I2S_TransferSendNonBlocking	24	static
../drivers/fsl_flexio_i2s.c:673:10:FLEXIO_I2S_TransferReceiveNonBlocking	24	static
../drivers/fsl_flexio_i2s.c:717:6:FLEXIO_I2S_TransferAbortSend	16	static
../drivers/fsl_flexio_i2s.c:740:6:FLEXIO_I2S_TransferAbortReceive	16	static
../drivers/fsl_flexio_i2s.c:763:10:FLEXIO_I2S_TransferGetSendCount	32	static
../drivers/fsl_flexio_i2s.c:791:10:FLEXIO_I2S_TransferGetReceiveCount	32	static
../drivers/fsl_flexio_i2s.c:816:6:FLEXIO_I2S_TransferTxHandleIRQ	40	static
../drivers/fsl_flexio_i2s.c:866:6:FLEXIO_I2S_TransferRxHandleIRQ	40	static
