../drivers/fsl_flexio.h:652:20:FLEXIO_EnableShifterStatusDMA	24	static
../drivers/fsl_flexio_i2s.h:212:20:FLEXIO_I2S_Enable	16	static
../drivers/fsl_flexio_i2s.h:275:20:FLEXIO_I2S_TxEnableDMA	16	static
../drivers/fsl_flexio_i2s.h:286:20:FLEXIO_I2S_RxEnableDMA	16	static
../drivers/fsl_flexio_i2s.h:299:24:FLEXIO_I2S_TxGetDataRegisterAddress	16	static
../drivers/fsl_flexio_i2s.h:312:24:FLEXIO_I2S_RxGetDataRegisterAddress	16	static
../drivers/fsl_dma.h:418:24:DMA_GetRemainingBytes	16	static
../drivers/fsl_dma.h:535:20:DMA_StartTransfer	16	static
../drivers/fsl_flexio_i2s_dma.c:59:13:FLEXIO_I2S_TxDMACallback	32	static
../drivers/fsl_flexio_i2s_dma.c:79:13:FLEXIO_I2S_RxDMACallback	32	static
../drivers/fsl_flexio_i2s_dma.c:112:6:FLEXIO_I2S_TransferTxCreateHandleDMA	24	static
../drivers/fsl_flexio_i2s_dma.c:151:6:FLEXIO_I2S_TransferRxCreateHandleDMA	24	static
../drivers/fsl_flexio_i2s_dma.c:190:6:FLEXIO_I2S_TransferSetFormatDMA	24	static
../drivers/fsl_flexio_i2s_dma.c:225:10:FLEXIO_I2S_TransferSendDMA	80	static
../drivers/fsl_flexio_i2s_dma.c:283:10:FLEXIO_I2S_TransferReceiveDMA	80	static
../drivers/fsl_flexio_i2s_dma.c:336:6:FLEXIO_I2S_TransferAbortSendDMA	16	static
../drivers/fsl_flexio_i2s_dma.c:356:6:FLEXIO_I2S_TransferAbortReceiveDMA	16	static
../drivers/fsl_flexio_i2s_dma.c:379:10:FLEXIO_I2S_TransferGetSendCountDMA	40	static
../drivers/fsl_flexio_i2s_dma.c:407:10:FLEXIO_I2S_TransferGetReceiveCountDMA	40	static
