../drivers/fsl_ftfx_flash.c:165:10:FLASH_Init	32	static
../drivers/fsl_ftfx_flash.c:233:10:FLASH_Erase	40	static
../drivers/fsl_ftfx_flash.c:254:10:FLASH_EraseAll	16	static
../drivers/fsl_ftfx_flash.c:263:10:FLASH_EraseAllUnsecure	16	static
../drivers/fsl_ftfx_flash.c:275:10:FLASH_Program	40	static
../drivers/fsl_ftfx_flash.c:296:10:FLASH_ProgramOnce	24	static
../drivers/fsl_ftfx_flash.c:332:10:FLASH_ReadResource	40	static
../drivers/fsl_ftfx_flash.c:342:10:FLASH_ReadOnce	24	static
../drivers/fsl_ftfx_flash.c:354:10:FLASH_VerifyErase	40	static
../drivers/fsl_ftfx_flash.c:375:10:FLASH_VerifyEraseAll	16	static
../drivers/fsl_ftfx_flash.c:387:10:FLASH_VerifyProgram	56	static
../drivers/fsl_ftfx_flash.c:415:10:FLASH_GetSecurityState	16	static
../drivers/fsl_ftfx_flash.c:423:10:FLASH_SecurityBypass	16	static
../drivers/fsl_ftfx_flash.c:547:10:FLASH_IsProtected	224	static
../drivers/fsl_ftfx_flash.c:884:10:FLASH_PflashSetProtection	16	static
../drivers/fsl_ftfx_flash.c:968:10:FLASH_PflashGetProtection	16	static
../drivers/fsl_ftfx_flash.c:1025:10:FLASH_GetProperty	32	static
../drivers/fsl_ftfx_flash.c:1115:13:flash_init_features	16	static
../drivers/fsl_ftfx_flash.c:1153:13:flash_opsonfig_Init	64	static
../drivers/fsl_ftfx_flash.c:1259:13:flash_protection_init	24	static
../drivers/fsl_ftfx_flash.c:1319:17:flash_calculate_mem_size	32	static
../drivers/fsl_ftfx_flash.c:1345:17:flash_calculate_prot_segment_size	24	static
../drivers/fsl_ftfx_flash.c:1367:17:flash_check_range_to_get_index	40	static
../drivers/fsl_ftfx_flash.c:1396:13:flash_convert_start_address	16	static
