C:\Users\valen\Documents\MCUXpressoIDE_11.9.0_2144\workspace\TP3_V1_BELLINI_SAITTA\CMSIS/core_cm0plus.h:741:22:__NVIC_EnableIRQ	16	static
C:\Users\valen\Documents\MCUXpressoIDE_11.9.0_2144\workspace\TP3_V1_BELLINI_SAITTA\drivers/fsl_clock.h:470:20:CLOCK_SetLpuart0Clock	16	static
C:\Users\valen\Documents\MCUXpressoIDE_11.9.0_2144\workspace\TP3_V1_BELLINI_SAITTA\drivers/fsl_common.h:484:28:EnableIRQ	16	static
C:\Users\valen\Documents\MCUXpressoIDE_11.9.0_2144\workspace\TP3_V1_BELLINI_SAITTA\drivers/fsl_lpuart.h:606:23:LPUART_ReadByte	16	static
C:\Users\valen\Documents\MCUXpressoIDE_11.9.0_2144\workspace\TP3_V1_BELLINI_SAITTA\drivers/fsl_port.h:243:20:PORT_SetPinConfig	32	static
C:\Users\valen\Documents\MCUXpressoIDE_11.9.0_2144\workspace\TP3_V1_BELLINI_SAITTA\drivers/fsl_port.h:346:20:PORT_SetPinMux	24	static
C:\Users\valen\Documents\MCUXpressoIDE_11.9.0_2144\workspace\TP3_V1_BELLINI_SAITTA\drivers/fsl_gpio.h:162:20:GPIO_PinWrite	32	static
C:\Users\valen\Documents\MCUXpressoIDE_11.9.0_2144\workspace\TP3_V1_BELLINI_SAITTA\drivers/fsl_dmamux.h:75:20:DMAMUX_EnableChannel	16	static
C:\Users\valen\Documents\MCUXpressoIDE_11.9.0_2144\workspace\TP3_V1_BELLINI_SAITTA\drivers/fsl_dmamux.h:105:20:DMAMUX_SetSource	24	static
../source/Drivers/Transceiver/transceiver_RS485_UART.c:77:13:LPUART_UserCallback	24	static
../source/Drivers/Transceiver/transceiver_RS485_UART.c:86:6:transceiver_habilitarTx	8	static
../source/Drivers/Transceiver/transceiver_RS485_UART.c:91:6:transceiver_habilitarRx	8	static
../source/Drivers/Transceiver/transceiver_RS485_UART.c:97:6:init_transceiver_GPIO	24	static
../source/Drivers/Transceiver/transceiver_RS485_UART.c:127:6:checkUartErrors	16	static
../source/Drivers/Transceiver/transceiver_RS485_UART.c:146:6:transceiver_init	32	static
../source/Drivers/Transceiver/transceiver_RS485_UART.c:225:9:uart_ringBuffer_recDatos	24	static
../source/Drivers/Transceiver/transceiver_RS485_UART.c:253:9:uart_drv_envDatos_DMA	24	static
../source/Drivers/Transceiver/transceiver_RS485_UART.c:334:7:LPUART0_IRQHandler	24	static
