C:\Users\valen\Documents\MCUXpressoIDE_11.9.0_2144\workspace\TP2_V1\drivers/fsl_clock.h:438:20:CLOCK_EnableClock	24	static
C:\Users\valen\Documents\MCUXpressoIDE_11.9.0_2144\workspace\TP2_V1\drivers/fsl_port.h:243:20:PORT_SetPinConfig	32	static
C:\Users\valen\Documents\MCUXpressoIDE_11.9.0_2144\workspace\TP2_V1\drivers/fsl_gpio.h:162:20:GPIO_PinWrite	32	static
C:\Users\valen\Documents\MCUXpressoIDE_11.9.0_2144\workspace\TP2_V1\drivers/fsl_gpio.h:182:20:GPIO_PortSet	16	static
C:\Users\valen\Documents\MCUXpressoIDE_11.9.0_2144\workspace\TP2_V1\drivers/fsl_gpio.h:193:20:GPIO_PortClear	16	static
C:\Users\valen\Documents\MCUXpressoIDE_11.9.0_2144\workspace\TP2_V1\drivers/fsl_gpio.h:204:20:GPIO_PortToggle	16	static
C:\Users\valen\Documents\MCUXpressoIDE_11.9.0_2144\workspace\TP2_V1\drivers/fsl_gpio.h:223:24:GPIO_PinRead	16	static
../source/Drivers/Board/SD2_board.c:82:6:board_init	40	static
../source/Drivers/Board/SD2_board.c:168:6:board_setLed	16	static
../source/Drivers/Board/SD2_board.c:189:6:board_getSw	16	static
../source/Drivers/Board/SD2_board.c:194:6:board_getLed	16	static
../source/Drivers/Board/SD2_board.c:199:6:board_setOledPin	16	static
../source/Drivers/Board/SD2_board.c:204:6:board_configSPI1	40	static
../source/Drivers/Board/SD2_board.c:248:6:board_SPI1Send	32	static
