C:\Users\valen\Documents\MCUXpressoIDE_11.9.0_2144\workspace\TP2_V1\CMSIS/core_cm0plus.h:741:22:__NVIC_EnableIRQ	16	static
C:\Users\valen\Documents\MCUXpressoIDE_11.9.0_2144\workspace\TP2_V1\drivers/fsl_clock.h:438:20:CLOCK_EnableClock	24	static
C:\Users\valen\Documents\MCUXpressoIDE_11.9.0_2144\workspace\TP2_V1\drivers/fsl_clock.h:490:20:CLOCK_SetTpmClock	16	static
C:\Users\valen\Documents\MCUXpressoIDE_11.9.0_2144\workspace\TP2_V1\drivers/fsl_port.h:243:20:PORT_SetPinConfig	32	static
C:\Users\valen\Documents\MCUXpressoIDE_11.9.0_2144\workspace\TP2_V1\drivers/fsl_gpio.h:182:20:GPIO_PortSet	16	static
C:\Users\valen\Documents\MCUXpressoIDE_11.9.0_2144\workspace\TP2_V1\drivers/fsl_gpio.h:193:20:GPIO_PortClear	16	static
C:\Users\valen\Documents\MCUXpressoIDE_11.9.0_2144\workspace\TP2_V1\drivers/fsl_gpio.h:204:20:GPIO_PortToggle	16	static
C:\Users\valen\Documents\MCUXpressoIDE_11.9.0_2144\workspace\TP2_V1\drivers/fsl_gpio.h:223:24:GPIO_PinRead	16	static
../source/Drivers/Board/SD2_board.c:66:6:board_init	32	static
../source/Drivers/Board/SD2_board.c:127:6:adc_init	8	static
../source/Drivers/Board/SD2_board.c:143:6:redPWM_init	16	static
../source/Drivers/Board/SD2_board.c:171:6:greenPWM_init	8	static
../source/Drivers/Board/SD2_board.c:199:6:board_setLed	16	static
../source/Drivers/Board/SD2_board.c:220:6:board_getSw	16	static
../source/Drivers/Board/SD2_board.c:225:6:board_getLed	16	static
