../drivers/fsl_spi.c:223:16:SPI_GetWatermark	8	static
../drivers/fsl_spi.c:1456:13:SPI_CommonIRQHandler	8	static
../drivers/fsl_spi.c:119:10:SPI_GetInstance	0	static
../drivers/fsl_spi.c:149:13:SPI_WriteNonBlocking	24	static
../drivers/fsl_spi.c:252:13:SPI_SendInitialTransfer	16	static
../drivers/fsl_spi.c:279:13:SPI_SendTransfer	24	static
../drivers/fsl_spi.c:143:6:SPI_SetDummyData	8	static
../drivers/fsl_spi.c:402:6:SPI_MasterGetDefaultConfig	8	static
../drivers/fsl_spi.c:506:6:SPI_SlaveGetDefaultConfig	8	static
../drivers/fsl_spi.c:548:6:SPI_SlaveInit	24	static
../drivers/fsl_spi.c:600:6:SPI_Deinit	8	static
../drivers/fsl_spi.c:617:10:SPI_GetStatusFlags	0	static
../drivers/fsl_spi.c:640:6:SPI_EnableInterrupts	0	static
../drivers/fsl_spi.c:690:6:SPI_DisableInterrupts	0	static
../drivers/fsl_spi.c:735:6:SPI_MasterSetBaudRate	48	static
../drivers/fsl_spi.c:445:6:SPI_MasterInit	32	static
../drivers/fsl_spi.c:807:10:SPI_WriteBlocking	32	static
../drivers/fsl_spi.c:855:6:SPI_EnableFIFO	0	static
../drivers/fsl_spi.c:877:6:SPI_WriteData	0	static
../drivers/fsl_spi.c:893:10:SPI_ReadData	0	static
../drivers/fsl_spi.c:189:13:SPI_ReadNonBlocking	32	static
../drivers/fsl_spi.c:342:13:SPI_ReceiveTransfer	24	static
../drivers/fsl_spi.c:914:10:SPI_MasterTransferBlocking	24	static
../drivers/fsl_spi.c:1008:6:SPI_MasterTransferCreateHandle	32	static
../drivers/fsl_spi.c:1052:10:SPI_MasterTransferNonBlocking	24	static
../drivers/fsl_spi.c:1154:10:SPI_MasterTransferGetCount	0	static
../drivers/fsl_spi.c:1186:6:SPI_MasterTransferAbort	8	static
../drivers/fsl_spi.c:1220:6:SPI_MasterTransferHandleIRQ	16	static
../drivers/fsl_spi.c:1418:6:SPI_SlaveTransferHandleIRQ	16	static
../drivers/fsl_spi.c:1274:6:SPI_SlaveTransferCreateHandle	8	static
../drivers/fsl_spi.c:1301:10:SPI_SlaveTransferNonBlocking	32	static
../drivers/fsl_spi.c:1493:6:SPI0_DriverIRQHandler	8	static
../drivers/fsl_spi.c:1501:6:SPI1_DriverIRQHandler	8	static
