C:\Users\valen\Documents\MCUXpressoIDE_11.9.0_2144\workspace\TP3_V1_BELLINI_SAITTA\drivers/fsl_clock.h:438:20:CLOCK_EnableClock	24	static
C:\Users\valen\Documents\MCUXpressoIDE_11.9.0_2144\workspace\TP3_V1_BELLINI_SAITTA\drivers/fsl_port.h:243:20:PORT_SetPinConfig	32	static
C:\Users\valen\Documents\MCUXpressoIDE_11.9.0_2144\workspace\TP3_V1_BELLINI_SAITTA\drivers/fsl_gpio.h:162:20:GPIO_PinWrite	32	static
C:\Users\valen\Documents\MCUXpressoIDE_11.9.0_2144\workspace\TP3_V1_BELLINI_SAITTA\drivers/fsl_gpio.h:182:20:GPIO_PortSet	16	static
C:\Users\valen\Documents\MCUXpressoIDE_11.9.0_2144\workspace\TP3_V1_BELLINI_SAITTA\drivers/fsl_gpio.h:193:20:GPIO_PortClear	16	static
C:\Users\valen\Documents\MCUXpressoIDE_11.9.0_2144\workspace\TP3_V1_BELLINI_SAITTA\drivers/fsl_gpio.h:204:20:GPIO_PortToggle	16	static
C:\Users\valen\Documents\MCUXpressoIDE_11.9.0_2144\workspace\TP3_V1_BELLINI_SAITTA\drivers/fsl_gpio.h:223:24:GPIO_PinRead	16	static
../source/Drivers/Board/SD2_board.c:83:6:board_init	40	static
../source/Drivers/Board/SD2_board.c:169:6:board_setLed	16	static
../source/Drivers/Board/SD2_board.c:190:6:board_getSw	16	static
../source/Drivers/Board/SD2_board.c:195:6:board_getLed	16	static
../source/Drivers/Board/SD2_board.c:200:6:board_setOledPin	16	static
../source/Drivers/Board/SD2_board.c:205:6:board_configSPI0	40	static
../source/Drivers/Board/SD2_board.c:249:6:board_SPI0Send	32	static
