Archive member included to satisfy reference by file (symbol)

c:/nxp/mcuxpressoide_11.9.0_2144/ide/plugins/com.nxp.mcuxpresso.tools.win32_11.9.0.202307121226/tools/bin/../lib/gcc/arm-none-eabi/12.3.1/../../../../arm-none-eabi/lib/thumb/v6-m/nofp\libcr_semihost_nf.a(_cr__main.o)
                              ./startup/startup_mkl43z4.o (__main)
c:/nxp/mcuxpressoide_11.9.0_2144/ide/plugins/com.nxp.mcuxpresso.tools.win32_11.9.0.202307121226/tools/bin/../lib/gcc/arm-none-eabi/12.3.1/../../../../arm-none-eabi/lib/thumb/v6-m/nofp\libcr_semihost_nf.a(_cr_assert.o)
                              ./utilities/fsl_debug_console.o (__assertion_failed)
c:/nxp/mcuxpressoide_11.9.0_2144/ide/plugins/com.nxp.mcuxpresso.tools.win32_11.9.0.202307121226/tools/bin/../lib/gcc/arm-none-eabi/12.3.1/../../../../arm-none-eabi/lib/thumb/v6-m/nofp\libcr_semihost_nf.a(__ciob.o)
                              c:/nxp/mcuxpressoide_11.9.0_2144/ide/plugins/com.nxp.mcuxpresso.tools.win32_11.9.0.202307121226/tools/bin/../lib/gcc/arm-none-eabi/12.3.1/../../../../arm-none-eabi/lib/thumb/v6-m/nofp\libcr_semihost_nf.a(_cr_assert.o) (__Ciob)
c:/nxp/mcuxpressoide_11.9.0_2144/ide/plugins/com.nxp.mcuxpresso.tools.win32_11.9.0.202307121226/tools/bin/../lib/gcc/arm-none-eabi/12.3.1/../../../../arm-none-eabi/lib/thumb/v6-m/nofp\libcr_semihost_nf.a(__sys_appexit.o)
                              c:/nxp/mcuxpressoide_11.9.0_2144/ide/plugins/com.nxp.mcuxpresso.tools.win32_11.9.0.202307121226/tools/bin/../lib/gcc/arm-none-eabi/12.3.1/../../../../arm-none-eabi/lib/thumb/v6-m/nofp\libcr_semihost_nf.a(_cr_assert.o) (__sys_appexit)
c:/nxp/mcuxpressoide_11.9.0_2144/ide/plugins/com.nxp.mcuxpresso.tools.win32_11.9.0.202307121226/tools/bin/../lib/gcc/arm-none-eabi/12.3.1/../../../../arm-none-eabi/lib/thumb/v6-m/nofp\libcr_c.a(memcpy.o)
                              ./utilities/fsl_str.o (memcpy)
c:/nxp/mcuxpressoide_11.9.0_2144/ide/plugins/com.nxp.mcuxpresso.tools.win32_11.9.0.202307121226/tools/bin/../lib/gcc/arm-none-eabi/12.3.1/../../../../arm-none-eabi/lib/thumb/v6-m/nofp\libcr_c.a(memset.o)
                              ./source/Drivers/SSD1306/oled.o (memset)
c:/nxp/mcuxpressoide_11.9.0_2144/ide/plugins/com.nxp.mcuxpresso.tools.win32_11.9.0.202307121226/tools/bin/../lib/gcc/arm-none-eabi/12.3.1/../../../../arm-none-eabi/lib/thumb/v6-m/nofp\libcr_c.a(_deferredlazyseek.o)
                              c:/nxp/mcuxpressoide_11.9.0_2144/ide/plugins/com.nxp.mcuxpresso.tools.win32_11.9.0.202307121226/tools/bin/../lib/gcc/arm-none-eabi/12.3.1/../../../../arm-none-eabi/lib/thumb/v6-m/nofp\libcr_semihost_nf.a(_cr_assert.o) (__flsbuf)
c:/nxp/mcuxpressoide_11.9.0_2144/ide/plugins/com.nxp.mcuxpresso.tools.win32_11.9.0.202307121226/tools/bin/../lib/gcc/arm-none-eabi/12.3.1/../../../../arm-none-eabi/lib/thumb/v6-m/nofp\libcr_c.a(_fflush.o)
                              c:/nxp/mcuxpressoide_11.9.0_2144/ide/plugins/com.nxp.mcuxpresso.tools.win32_11.9.0.202307121226/tools/bin/../lib/gcc/arm-none-eabi/12.3.1/../../../../arm-none-eabi/lib/thumb/v6-m/nofp\libcr_c.a(_deferredlazyseek.o) (_fflush)
c:/nxp/mcuxpressoide_11.9.0_2144/ide/plugins/com.nxp.mcuxpresso.tools.win32_11.9.0.202307121226/tools/bin/../lib/gcc/arm-none-eabi/12.3.1/../../../../arm-none-eabi/lib/thumb/v6-m/nofp\libcr_c.a(_writebuf.o)
                              c:/nxp/mcuxpressoide_11.9.0_2144/ide/plugins/com.nxp.mcuxpresso.tools.win32_11.9.0.202307121226/tools/bin/../lib/gcc/arm-none-eabi/12.3.1/../../../../arm-none-eabi/lib/thumb/v6-m/nofp\libcr_c.a(_deferredlazyseek.o) (_Cwritebuf)
c:/nxp/mcuxpressoide_11.9.0_2144/ide/plugins/com.nxp.mcuxpresso.tools.win32_11.9.0.202307121226/tools/bin/../lib/gcc/arm-none-eabi/12.3.1/../../../../arm-none-eabi/lib/thumb/v6-m/nofp\libcr_c.a(alloc.o)
                              ./drivers/fsl_common.o (malloc)
c:/nxp/mcuxpressoide_11.9.0_2144/ide/plugins/com.nxp.mcuxpresso.tools.win32_11.9.0.202307121226/tools/bin/../lib/gcc/arm-none-eabi/12.3.1/../../../../arm-none-eabi/lib/thumb/v6-m/nofp\libcr_c.a(fputs.o)
                              c:/nxp/mcuxpressoide_11.9.0_2144/ide/plugins/com.nxp.mcuxpresso.tools.win32_11.9.0.202307121226/tools/bin/../lib/gcc/arm-none-eabi/12.3.1/../../../../arm-none-eabi/lib/thumb/v6-m/nofp\libcr_semihost_nf.a(_cr_assert.o) (fputs)
c:/nxp/mcuxpressoide_11.9.0_2144/ide/plugins/com.nxp.mcuxpresso.tools.win32_11.9.0.202307121226/tools/bin/../lib/gcc/arm-none-eabi/12.3.1/../../../../arm-none-eabi/lib/thumb/v6-m/nofp\libcr_c.a(fseek.o)
                              c:/nxp/mcuxpressoide_11.9.0_2144/ide/plugins/com.nxp.mcuxpresso.tools.win32_11.9.0.202307121226/tools/bin/../lib/gcc/arm-none-eabi/12.3.1/../../../../arm-none-eabi/lib/thumb/v6-m/nofp\libcr_c.a(_deferredlazyseek.o) (fseek)
c:/nxp/mcuxpressoide_11.9.0_2144/ide/plugins/com.nxp.mcuxpresso.tools.win32_11.9.0.202307121226/tools/bin/../lib/gcc/arm-none-eabi/12.3.1/../../../../arm-none-eabi/lib/thumb/v6-m/nofp\libcr_c.a(ftell.o)
[...]
Memory Configuration

Name             Origin             Length             Attributes
PROGRAM_FLASH    0x00000000         0x00040000         xr
SRAM             0x1fffe000         0x00008000         xrw
*default*        0x00000000         0xffffffff

Linker script and memory map

LOAD ./utilities/fsl_debug_console.o
LOAD ./utilities/fsl_str.o
LOAD ./startup/startup_mkl43z4.o
LOAD ./source/Drivers/SSD1306/font5x7.o
LOAD ./source/Drivers/SSD1306/oled.o
LOAD ./source/Drivers/PowerMode/power_mode_switch.o
LOAD ./source/Drivers/MMA8451/mma8451.o
LOAD ./source/Drivers/Key/key.o
LOAD ./source/Drivers/I2C/SD2_I2C.o
LOAD ./source/Drivers/Board/SD2_board.o
LOAD ./source/Drivers/time.o
LOAD ./source/App/mef.o
LOAD ./source/main.o
LOAD ./source/mtb.o
LOAD ./source/semihost_hardfault.o
LOAD ./drivers/fsl_clock.o
LOAD ./drivers/fsl_common.o
LOAD ./drivers/fsl_flexio.o
LOAD ./drivers/fsl_flexio_spi.o
LOAD ./drivers/fsl_gpio.o
LOAD ./drivers/fsl_i2c.o
LOAD ./drivers/fsl_lpuart.o
LOAD ./drivers/fsl_pit.o
LOAD ./drivers/fsl_smc.o
LOAD ./drivers/fsl_spi.o
LOAD ./device/system_MKL43Z4.o
LOAD ./component/uart/lpuart_adapter.o
LOAD ./component/serial_manager/serial_manager.o
LOAD ./component/serial_manager/serial_port_uart.o
LOAD ./component/lists/generic_list.o
LOAD ./board/board.o
LOAD ./board/clock_config.o
LOAD ./board/peripherals.o
LOAD ./board/pin_mux.o
START GROUP
LOAD c:/nxp/mcuxpressoide_11.9.0_2144/ide/plugins/com.nxp.mcuxpresso.tools.win32_11.9.0.202307121226/tools/bin/../lib/gcc/arm-none-eabi/12.3.1/../../../../arm-none-eabi/lib/thumb/v6-m/nofp\libcr_semihost_nf.a
LOAD c:/nxp/mcuxpressoide_11.9.0_2144/ide/plugins/com.nxp.mcuxpresso.tools.win32_11.9.0.202307121226/tools/bin/../lib/gcc/arm-none-eabi/12.3.1/../../../../arm-none-eabi/lib/thumb/v6-m/nofp\libcr_c.a
LOAD c:/nxp/mcuxpressoide_11.9.0_2144/ide/plugins/com.nxp.mcuxpresso.tools.win32_11.9.0.202307121226/tools/bin/../lib/gcc/arm-none-eabi/12.3.1/thumb/v6-m/nofp\libcr_eabihelpers.a
LOAD c:/nxp/mcuxpressoide_11.9.0_2144/ide/plugins/com.nxp.mcuxpresso.tools.win32_11.9.0.202307121226/tools/bin/../lib/gcc/arm-none-eabi/12.3.1/thumb/v6-m/nofp\libgcc.a
END GROUP
                0x00000000                        __base_PROGRAM_FLASH = 0x0
                0x00000000                        __base_Flash = 0x0
                0x00040000                        __top_PROGRAM_FLASH = 0x40000
                0x00040000                        __top_Flash = 0x40000
                0x1fffe000                        __base_SRAM = 0x1fffe000
                0x1fffe000                        __base_RAM = 0x1fffe000
                0x20006000                        __top_SRAM = 0x20006000
                0x20006000                        __top_RAM = 0x20006000

.text           0x00000000     0x7700
 FILL mask 0xff
                0x00000000                        __vectors_start__ = ABSOLUTE (.)
 *(SORT_BY_ALIGNMENT(.isr_vector))
 .isr_vector    0x00000000       0xc0 ./startup/startup_mkl43z4.o
                0x00000000                g_pfnVectors
                0x00000000                __Vectors
                0x000000c0                        . = ALIGN (0x4)
                0x000000c0                        __section_table_start = .
                0x000000c0                        __data_section_table = .
                0x000000c0        0x4 LONG 0x7700 LOADADDR (.data)
                0x000000c4        0x4 LONG 0x1fffe080 ADDR (.data)
                0x000000c8        0x4 LONG 0x1c SIZEOF (.data)
                0x000000cc                        __data_section_table_end = .
                0x000000cc                        __bss_section_table = .
                0x000000cc        0x4 LONG 0x1fffe09c ADDR (.bss)
                0x000000d0        0x4 LONG 0x544 SIZEOF (.bss)
                0x000000d4                        __bss_section_table_end = .
                0x000000d4                        __section_table_end = .
 *(SORT_BY_ALIGNMENT(.after_vectors*))
 .after_vectors.reset
                0x000000d4       0x4c ./startup/startup_mkl43z4.o
                0x000000d4                ResetISR
 .after_vectors.init_data
                0x00000120       0x12 ./startup/startup_mkl43z4.o
                0x00000120                data_init
 .after_vectors.init_bss
                0x00000132       0x10 ./startup/startup_mkl43z4.o
                0x00000132                bss_init
 .after_vectors
                0x00000142      0x10c ./startup/startup_mkl43z4.o
                0x00000142                NMI_Handler
                0x00000146                SVC_Handler
                0x00000148                PendSV_Handler
                0x0000014c                PIT_DriverIRQHandler
                0x0000014c                LPTMR0_DriverIRQHandler
                0x0000014c                PORTC_PORTD_DriverIRQHandler
                0x0000014c                DMA0_DriverIRQHandler
                0x0000014c                Reserved42_DriverIRQHandler
                0x0000014c                Reserved43_DriverIRQHandler
                0x0000014c                DMA2_DriverIRQHandler
                0x0000014c                I2S0_DriverIRQHandler
                0x0000014c                CMP0_DriverIRQHandler
                0x0000014c                TPM2_DriverIRQHandler
                0x0000014c                ADC0_DriverIRQHandler
                0x0000014c                DMA3_DriverIRQHandler
                0x0000014c                DMA1_DriverIRQHandler
                0x0000014c                RTC_Seconds_DriverIRQHandler
                0x0000014c                LLWU_DriverIRQHandler
                0x0000014c                PMC_DriverIRQHandler
                0x0000014c                LCD_DriverIRQHandler
                0x0000014c                RTC_DriverIRQHandler
                0x0000014c                FTFA_DriverIRQHandler
                0x0000014c                IntDefaultHandler
                0x0000014c                USB0_DriverIRQHandler
                0x0000014c                DAC0_DriverIRQHandler
                0x0000014c                TPM0_DriverIRQHandler
                0x0000014c                TPM1_DriverIRQHandler
                0x0000014c                PORTA_DriverIRQHandler
                0x0000014c                Reserved20_DriverIRQHandler
                0x0000014e                DMA0_IRQHandler
                0x00000156                DMA1_IRQHandler
                0x0000015e                DMA2_IRQHandler
                0x00000166                DMA3_IRQHandler
                0x0000016e                Reserved20_IRQHandler
                0x00000176                FTFA_IRQHandler
                0x0000017e                PMC_IRQHandler
                0x00000186                LLWU_IRQHandler
                0x0000018e                I2C0_IRQHandler
                0x00000196                I2C1_IRQHandler
                0x0000019e                SPI0_IRQHandler
                0x000001a6                SPI1_IRQHandler
                0x000001ae                LPUART0_IRQHandler
                0x000001b6                LPUART1_IRQHandler
                0x000001be                UART2_FLEXIO_IRQHandler
                0x000001c6                ADC0_IRQHandler
                0x000001ce                CMP0_IRQHandler
                0x000001d6                TPM0_IRQHandler
                0x000001de                TPM1_IRQHandler
                0x000001e6                TPM2_IRQHandler
                0x000001ee                RTC_IRQHandler
                0x000001f6                RTC_Seconds_IRQHandler
                0x00000206                I2S0_IRQHandler
                0x0000020e                USB0_IRQHandler
                0x00000216                DAC0_IRQHandler
                0x0000021e                Reserved42_IRQHandler
                0x00000226                Reserved43_IRQHandler
                0x0000022e                LPTMR0_IRQHandler
                0x00000236                LCD_IRQHandler
                0x0000023e                PORTA_IRQHandler
                0x00000400                        . = 0x400
 *fill*         0x0000024e      0x1b2 ff
                0x00000400                        PROVIDE (__FLASH_CONFIG_START__ = .)
 *(SORT_BY_ALIGNMENT(.FlashConfig))
 .FlashConfig   0x00000400       0x10 ./startup/startup_mkl43z4.o
                0x00000400                Flash_Config
                0x00000410                        PROVIDE (__FLASH_CONFIG_END__ = .)
                0x00000001                        ASSERT (! ((__FLASH_CONFIG_START__ == __FLASH_CONFIG_END__)), Linker Flash Config Support Enabled, but no .FlashConfig section provided within application)
 *(SORT_BY_ALIGNMENT(.text*))
 .text.oled_init
                0x00000410       0x50 ./source/Drivers/SSD1306/oled.o
                0x00000410                oled_init
 .text.oled_putPixel
                0x00000460      0x1bc ./source/Drivers/SSD1306/oled.o
                0x00000460                oled_putPixel
 .text.oled_clearScreen
                0x0000061c       0x84 ./source/Drivers/SSD1306/oled.o
                0x0000061c                oled_clearScreen
 .text.oled_putChar
                0x000006a0      0x148 ./source/Drivers/SSD1306/oled.o
                0x000006a0                oled_putChar
 .text.CLOCK_SetSimSafeDivs
                0x000007e8       0x20 ./source/Drivers/PowerMode/power_mode_switch.o
 .text.APP_SetClockRunFromVlpr
                0x00000808       0x44 ./source/Drivers/PowerMode/power_mode_switch.o
                0x00000808                APP_SetClockRunFromVlpr
 .text.APP_SetClockVlpr
                0x0000084c       0x44 ./source/Drivers/PowerMode/power_mode_switch.o
                0x0000084c                APP_SetClockVlpr
 .text.APP_ShowPowerMode
                0x00000890       0x4c ./source/Drivers/PowerMode/power_mode_switch.o
                0x00000890                APP_ShowPowerMode
 .text.APP_PowerModeSwitch
                0x000008dc      0x14c ./source/Drivers/PowerMode/power_mode_switch.o
                0x000008dc                APP_PowerModeSwitch
 .text.__NVIC_EnableIRQ
                0x00000a28       0x34 ./source/Drivers/MMA8451/mma8451.o
 .text.__NVIC_SetPriority
                0x00000a5c       0xdc ./source/Drivers/MMA8451/mma8451.o
 .text.PORT_SetPinConfig
                0x00000b38       0x38 ./source/Drivers/MMA8451/mma8451.o
 .text.PORT_SetPinInterruptConfig
                0x00000b70       0x40 ./source/Drivers/MMA8451/mma8451.o
 .text.config_port_int1
                0x00000bb0       0x74 ./source/Drivers/MMA8451/mma8451.o
 .text.mma8451_read_reg
                0x00000c24       0x68 ./source/Drivers/MMA8451/mma8451.o
 .text.mma8451_read_multiple_reg
                0x00000c8c       0x6c ./source/Drivers/MMA8451/mma8451.o
 .text.mma8451_write_reg
                0x00000cf8       0x68 ./source/Drivers/MMA8451/mma8451.o
 .text.mma8451_clearInterruptions_config
                0x00000d60       0x5c ./source/Drivers/MMA8451/mma8451.o
                0x00000d60                mma8451_clearInterruptions_config
 .text.mma8451_getFreefallInterruptStatus
                0x00000dbc       0x30 ./source/Drivers/MMA8451/mma8451.o
                0x00000dbc                mma8451_getFreefallInterruptStatus
 .text.mma8451_getDataReadyInterruptStatus
                0x00000dec       0x30 ./source/Drivers/MMA8451/mma8451.o
                0x00000dec                mma8451_getDataReadyInterruptStatus
 .text.mma8451_getAcX
                0x00000e1c       0x2c ./source/Drivers/MMA8451/mma8451.o
                0x00000e1c                mma8451_getAcX
 .text.mma8451_getAcY
                0x00000e48       0x2c ./source/Drivers/MMA8451/mma8451.o
                0x00000e48                mma8451_getAcY
 .text.mma8451_getAcZ
                0x00000e74       0x2c ./source/Drivers/MMA8451/mma8451.o
                0x00000e74                mma8451_getAcZ
 .text.readAccsFromRegisters
                0x00000ea0       0x98 ./source/Drivers/MMA8451/mma8451.o
                0x00000ea0                readAccsFromRegisters
 .text.PORTC_PORTD_IRQHandler
                0x00000f38       0x90 ./source/Drivers/MMA8451/mma8451.o
                0x00000f38                PORTC_PORTD_IRQHandler
 .text.key_init
                0x00000fc8       0x40 ./source/Drivers/Key/key.o
                0x00000fc8                key_init
 .text.key_getPressEv
                0x00001008       0x44 ./source/Drivers/Key/key.o
                0x00001008                key_getPressEv
 .text.key_periodicTask1ms
                0x0000104c       0x98 ./source/Drivers/Key/key.o
                0x0000104c                key_periodicTask1ms
 .text.key_clearFlags
                0x000010e4       0x24 ./source/Drivers/Key/key.o
                0x000010e4                key_clearFlags
 .text.CLOCK_EnableClock
                0x00001108       0x34 ./source/Drivers/I2C/SD2_I2C.o
 .text.PORT_SetPinConfig
                0x0000113c       0x38 ./source/Drivers/I2C/SD2_I2C.o
 .text.I2C_releaseBus
                0x00001174      0x124 ./source/Drivers/I2C/SD2_I2C.o
 .text.I2C_configPins
                0x00001298       0x80 ./source/Drivers/I2C/SD2_I2C.o
 .text.SD2_I2C_init
                0x00001318       0x44 ./source/Drivers/I2C/SD2_I2C.o
                0x00001318                SD2_I2C_init
 .text.CLOCK_EnableClock
                0x0000135c       0x34 ./source/Drivers/Board/SD2_board.o
 .text.PORT_SetPinConfig
                0x00001390       0x38 ./source/Drivers/Board/SD2_board.o
 .text.board_init
                0x000013c8      0x220 ./source/Drivers/Board/SD2_board.o
                0x000013c8                board_init
 .text.board_setLed
                0x000015e8       0xd8 ./source/Drivers/Board/SD2_board.o
                0x000015e8                board_setLed
 .text.board_getSw
                0x000016c0       0x50 ./source/Drivers/Board/SD2_board.o
                0x000016c0                board_getSw
 .text.board_setOledPin
                0x00001710       0x50 ./source/Drivers/Board/SD2_board.o
                0x00001710                board_setOledPin
 .text.board_configSPI1
                0x00001760       0x90 ./source/Drivers/Board/SD2_board.o
                0x00001760                board_configSPI1
 .text.board_SPI1Send
                0x000017f0       0x38 ./source/Drivers/Board/SD2_board.o
                0x000017f0                board_SPI1Send
 .text.__NVIC_EnableIRQ
                0x00001828       0x34 ./source/Drivers/time.o
 .text.PIT_GetDefaultConfig
                0x0000185c       0x28 ./source/Drivers/time.o
 .text.PIT_IRQHandler
                0x00001884       0x24 ./source/Drivers/time.o
                0x00001884                PIT_IRQHandler
 .text.time_init
                0x000018a8       0x58 ./source/Drivers/time.o
                0x000018a8                time_init
 .text.time_restart
                0x00001900       0x3c ./source/Drivers/time.o
                0x00001900                time_restart
 .text.time_elapsed_us
                0x0000193c       0xcc ./source/Drivers/time.o
                0x0000193c                time_elapsed_us
 .text.mef_init
                0x00001a08       0xcc ./source/App/mef.o
                0x00001a08                mef_init
 .text.mef      0x00001ad4      0x328 ./source/App/mef.o
                0x00001ad4                mef
 .text.mef_task1ms
                0x00001dfc       0x60 ./source/App/mef.o
                0x00001dfc                mef_task1ms
 .text.__NVIC_SetPriority
                0x00001e5c       0xdc ./source/main.o
 .text.SysTick_Config
                0x00001f38       0x48 ./source/main.o
 .text.init_clocks_and_power_mode
                0x00001f80       0xb8 ./source/main.o
                0x00001f80                init_clocks_and_power_mode
 .text.main     0x00002038       0x98 ./source/main.o
                0x00002038                main
 .text.HardFault_Handler
                0x000020d0       0x30 ./source/semihost_hardfault.o
                0x000020d0                HardFault_Handler
 .text.CLOCK_SetEr32kClock
                0x00002100       0x34 ./drivers/fsl_clock.o
 .text.CLOCK_GetLircClkFreq
                0x00002134       0x50 ./drivers/fsl_clock.o
 .text.CLOCK_GetOsc0ErClkFreq
                0x00002184       0x44 ./drivers/fsl_clock.o
                0x00002184                CLOCK_GetOsc0ErClkFreq
 .text.CLOCK_GetEr32kClkFreq
                0x000021c8       0x78 ./drivers/fsl_clock.o
                0x000021c8                CLOCK_GetEr32kClkFreq
 .text.CLOCK_GetFreq
                0x00002240       0xc0 ./drivers/fsl_clock.o
                0x00002240                CLOCK_GetFreq
 .text.CLOCK_SetSimConfig
                0x00002300       0x2c ./drivers/fsl_clock.o
                0x00002300                CLOCK_SetSimConfig
 .text.CLOCK_GetInternalRefClkFreq
                0x0000232c       0x48 ./drivers/fsl_clock.o
                0x0000232c                CLOCK_GetInternalRefClkFreq
 .text.CLOCK_GetPeriphClkFreq
                0x00002374       0x3c ./drivers/fsl_clock.o
                0x00002374                CLOCK_GetPeriphClkFreq
 .text.CLOCK_GetOutClkFreq
                0x000023b0       0x7c ./drivers/fsl_clock.o
                0x000023b0                CLOCK_GetOutClkFreq
 .text.CLOCK_SetMcgliteConfig
                0x0000242c      0x110 ./drivers/fsl_clock.o
                0x0000242c                CLOCK_SetMcgliteConfig
 .text.FLEXIO_CommonIRQHandler
                0x0000253c       0x68 ./drivers/fsl_flexio.o
                0x0000253c                FLEXIO_CommonIRQHandler
 .text.GPIO_PinInit
                0x000025a4       0x68 ./drivers/fsl_gpio.o
                0x000025a4                GPIO_PinInit
 .text.CLOCK_EnableClock
                0x0000260c       0x34 ./drivers/fsl_i2c.o
 .text.I2C_GetInstance
                0x00002640       0x4c ./drivers/fsl_i2c.o
                0x00002640                I2C_GetInstance
 .text.I2C_CheckAndClearError
                0x0000268c       0x40 ./drivers/fsl_i2c.o
 .text.I2C_TransferCommonIRQHandler
                0x000026cc       0x64 ./drivers/fsl_i2c.o
 .text.I2C_MasterInit
                0x00002730      0x108 ./drivers/fsl_i2c.o
                0x00002730                I2C_MasterInit
 .text.I2C_MasterGetDefaultConfig
                0x00002838       0x4c ./drivers/fsl_i2c.o
                0x00002838                I2C_MasterGetDefaultConfig
 .text.I2C_MasterSetBaudRate
                0x00002884       0xf8 ./drivers/fsl_i2c.o
                0x00002884                I2C_MasterSetBaudRate
 .text.I2C_MasterStart
                0x0000297c       0x84 ./drivers/fsl_i2c.o
                0x0000297c                I2C_MasterStart
 .text.I2C_MasterRepeatedStart
                0x00002a00       0xcc ./drivers/fsl_i2c.o
                0x00002a00                I2C_MasterRepeatedStart
 .text.I2C_MasterWriteBlocking
                0x00002acc       0xec ./drivers/fsl_i2c.o
                0x00002acc                I2C_MasterWriteBlocking
 .text.I2C_MasterTransferBlocking
                0x00002bb8      0x27c ./drivers/fsl_i2c.o
                0x00002bb8                I2C_MasterTransferBlocking
 .text.I2C0_DriverIRQHandler
                0x00002e34       0x20 ./drivers/fsl_i2c.o
                0x00002e34                I2C0_DriverIRQHandler
 .text.I2C1_DriverIRQHandler
                0x00002e54       0x20 ./drivers/fsl_i2c.o
                0x00002e54                I2C1_DriverIRQHandler
 .text.LPUART0_DriverIRQHandler
                0x00002e74       0x24 ./drivers/fsl_lpuart.o
                0x00002e74                LPUART0_DriverIRQHandler
 .text.LPUART1_DriverIRQHandler
                0x00002e98       0x24 ./drivers/fsl_lpuart.o
                0x00002e98                LPUART1_DriverIRQHandler
 .text.CLOCK_EnableClock
                0x00002ebc       0x34 ./drivers/fsl_pit.o
 .text.PIT_GetInstance
                0x00002ef0       0x48 ./drivers/fsl_pit.o
 .text.PIT_Init
                0x00002f38       0x6c ./drivers/fsl_pit.o
                0x00002f38                PIT_Init
 .text.SMC_EnterStopRamFunc
                0x00002fa4       0x20 ./drivers/fsl_smc.o
 .text.SMC_PreEnterStopModes
                0x00002fc4       0x20 ./drivers/fsl_smc.o
                0x00002fc4                SMC_PreEnterStopModes
 .text.SMC_PostExitStopModes
                0x00002fe4       0x20 ./drivers/fsl_smc.o
                0x00002fe4                SMC_PostExitStopModes
 .text.SMC_PreEnterWaitModes
                0x00003004       0x20 ./drivers/fsl_smc.o
                0x00003004                SMC_PreEnterWaitModes
 .text.SMC_PostExitWaitModes
                0x00003024       0x20 ./drivers/fsl_smc.o
                0x00003024                SMC_PostExitWaitModes
 .text.SMC_SetPowerModeWait
                0x00003044       0x30 ./drivers/fsl_smc.o
                0x00003044                SMC_SetPowerModeWait
 .text.SMC_SetPowerModeStop
                0x00003074       0xa0 ./drivers/fsl_smc.o
                0x00003074                SMC_SetPowerModeStop
 .text.SMC_SetPowerModeVlpw
                0x00003114       0x30 ./drivers/fsl_smc.o
                0x00003114                SMC_SetPowerModeVlpw
 .text.SMC_SetPowerModeVlps
                0x00003144       0x6c ./drivers/fsl_smc.o
                0x00003144                SMC_SetPowerModeVlps
 .text.SMC_SetPowerModeLls
                0x000031b0       0x6c ./drivers/fsl_smc.o
                0x000031b0                SMC_SetPowerModeLls
 .text.SMC_SetPowerModeVlls
                0x0000321c       0xc8 ./drivers/fsl_smc.o
                0x0000321c                SMC_SetPowerModeVlls
 .text.CLOCK_EnableClock
                0x000032e4       0x34 ./drivers/fsl_spi.o
 .text.SPI_GetInstance
                0x00003318       0x4c ./drivers/fsl_spi.o
                0x00003318                SPI_GetInstance
 .text.SPI_SetDummyData
                0x00003364       0x34 ./drivers/fsl_spi.o
                0x00003364                SPI_SetDummyData
 .text.SPI_WriteNonBlocking
                0x00003398       0xa8 ./drivers/fsl_spi.o
 .text.SPI_MasterGetDefaultConfig
                0x00003440       0x64 ./drivers/fsl_spi.o
                0x00003440                SPI_MasterGetDefaultConfig
 .text.SPI_MasterInit
                0x000034a4      0x164 ./drivers/fsl_spi.o
                0x000034a4                SPI_MasterInit
 .text.SPI_MasterTransferBlocking
                0x00003608      0x100 ./drivers/fsl_spi.o
                0x00003608                SPI_MasterTransferBlocking
 .text.SPI_CommonIRQHandler
                0x00003708       0x54 ./drivers/fsl_spi.o
 .text.SPI0_DriverIRQHandler
                0x0000375c       0x30 ./drivers/fsl_spi.o
                0x0000375c                SPI0_DriverIRQHandler
 .text.SPI1_DriverIRQHandler
                0x0000378c       0x30 ./drivers/fsl_spi.o
                0x0000378c                SPI1_DriverIRQHandler
 .text.SystemInit
                0x000037bc       0x40 ./device/system_MKL43Z4.o
                0x000037bc                SystemInit
 .text.CLOCK_SetLpuart0Clock
                0x000037fc       0x38 ./board/board.o
 .text.CLOCK_SetSimSafeDivs
                0x00003834       0x20 ./board/clock_config.o
 .text.BOARD_BootClockRUN
                0x00003854       0x34 ./board/clock_config.o
                0x00003854                BOARD_BootClockRUN
 .text.__assertion_failed
                0x00003888       0x50 c:/nxp/mcuxpressoide_11.9.0_2144/ide/plugins/com.nxp.mcuxpresso.tools.win32_11.9.0.202307121226/tools/bin/../lib/gcc/arm-none-eabi/12.3.1/../../../../arm-none-eabi/lib/thumb/v6-m/nofp\libcr_semihost_nf.a(_cr_assert.o)
                0x00003888                __assertion_failed
 .text.__sys_appexit
                0x000038d8        0xc c:/nxp/mcuxpressoide_11.9.0_2144/ide/plugins/com.nxp.mcuxpresso.tools.win32_11.9.0.202307121226/tools/bin/../lib/gcc/arm-none-eabi/12.3.1/../../../../arm-none-eabi/lib/thumb/v6-m/nofp\libcr_semihost_nf.a(__sys_appexit.o)
                0x000038d8                __sys_appexit
                0x000038d8                __exit
 .text._deferredlazyseek
                0x000038e4       0x40 c:/nxp/mcuxpressoide_11.9.0_2144/ide/plugins/com.nxp.mcuxpresso.tools.win32_11.9.0.202307121226/tools/bin/../lib/gcc/arm-none-eabi/12.3.1/../../../../arm-none-eabi/lib/thumb/v6-m/nofp\libcr_c.a(_deferredlazyseek.o)
                0x000038e4                _deferredlazyseek
 .text.__flsbuf
                0x00003924      0x150 c:/nxp/mcuxpressoide_11.9.0_2144/ide/plugins/com.nxp.mcuxpresso.tools.win32_11.9.0.202307121226/tools/bin/../lib/gcc/arm-none-eabi/12.3.1/../../../../arm-none-eabi/lib/thumb/v6-m/nofp\libcr_c.a(_deferredlazyseek.o)
                0x00003924                __flsbuf
 .text._fflush  0x00003a74       0x5c c:/nxp/mcuxpressoide_11.9.0_2144/ide/plugins/com.nxp.mcuxpresso.tools.win32_11.9.0.202307121226/tools/bin/../lib/gcc/arm-none-eabi/12.3.1/../../../../arm-none-eabi/lib/thumb/v6-m/nofp\libcr_c.a(_fflush.o)
                0x00003a74                _fflush
 .text._Cwritebuf
                0x00003ad0       0x68 c:/nxp/mcuxpressoide_11.9.0_2144/ide/plugins/com.nxp.mcuxpresso.tools.win32_11.9.0.202307121226/tools/bin/../lib/gcc/arm-none-eabi/12.3.1/../../../../arm-none-eabi/lib/thumb/v6-m/nofp\libcr_c.a(_writebuf.o)
                0x00003ad0                _Cwritebuf
 .text.malloc   0x00003b38       0xdc c:/nxp/mcuxpressoide_11.9.0_2144/ide/plugins/com.nxp.mcuxpresso.tools.win32_11.9.0.202307121226/tools/bin/../lib/gcc/arm-none-eabi/12.3.1/../../../../arm-none-eabi/lib/thumb/v6-m/nofp\libcr_c.a(alloc.o)
                0x00003b38                malloc
 .text._Csys_alloc
                0x00003c14       0x20 c:/nxp/mcuxpressoide_11.9.0_2144/ide/plugins/com.nxp.mcuxpresso.tools.win32_11.9.0.202307121226/tools/bin/../lib/gcc/arm-none-eabi/12.3.1/../../../../arm-none-eabi/lib/thumb/v6-m/nofp\libcr_c.a(alloc.o)
                0x00003c14                _Csys_alloc
 .text.fseek    0x00003c34       0xec c:/nxp/mcuxpressoide_11.9.0_2144/ide/plugins/com.nxp.mcuxpresso.tools.win32_11.9.0.202307121226/tools/bin/../lib/gcc/arm-none-eabi/12.3.1/../../../../arm-none-eabi/lib/thumb/v6-m/nofp\libcr_c.a(fseek.o)
                0x00003c34                fseek
 .text.ftell    0x00003d20       0x4c c:/nxp/mcuxpressoide_11.9.0_2144/ide/plugins/com.nxp.mcuxpresso.tools.win32_11.9.0.202307121226/tools/bin/../lib/gcc/arm-none-eabi/12.3.1/../../../../arm-none-eabi/lib/thumb/v6-m/nofp\libcr_c.a(ftell.o)
                0x00003d20                ftell
 .text._initio  0x00003d6c       0x7c c:/nxp/mcuxpressoide_11.9.0_2144/ide/plugins/com.nxp.mcuxpresso.tools.win32_11.9.0.202307121226/tools/bin/../lib/gcc/arm-none-eabi/12.3.1/../../../../arm-none-eabi/lib/thumb/v6-m/nofp\libcr_c.a(initio.o)
                0x00003d6c                _initio
 .text.__vfprintf
                0x00003de8      0xd88 c:/nxp/mcuxpressoide_11.9.0_2144/ide/plugins/com.nxp.mcuxpresso.tools.win32_11.9.0.202307121226/tools/bin/../lib/gcc/arm-none-eabi/12.3.1/../../../../arm-none-eabi/lib/thumb/v6-m/nofp\libcr_c.a(printf.o)
                0x00003de8                __vfprintf
 .text._vsnprintf
                0x00004b70       0x70 c:/nxp/mcuxpressoide_11.9.0_2144/ide/plugins/com.nxp.mcuxpresso.tools.win32_11.9.0.202307121226/tools/bin/../lib/gcc/arm-none-eabi/12.3.1/../../../../arm-none-eabi/lib/thumb/v6-m/nofp\libcr_c.a(printf.o)
                0x00004b70                _vsnprintf
 .text._printf  0x00004be0       0x50 c:/nxp/mcuxpressoide_11.9.0_2144/ide/plugins/com.nxp.mcuxpresso.tools.win32_11.9.0.202307121226/tools/bin/../lib/gcc/arm-none-eabi/12.3.1/../../../../arm-none-eabi/lib/thumb/v6-m/nofp\libcr_c.a(printf.o)
                0x00004be0                _printf
 .text.setvbuf  0x00004c30       0x4c c:/nxp/mcuxpressoide_11.9.0_2144/ide/plugins/com.nxp.mcuxpresso.tools.win32_11.9.0.202307121226/tools/bin/../lib/gcc/arm-none-eabi/12.3.1/../../../../arm-none-eabi/lib/thumb/v6-m/nofp\libcr_c.a(setvbuf.o)
                0x00004c30                setvbuf
 .text.sqrt     0x00004c7c      0x130 c:/nxp/mcuxpressoide_11.9.0_2144/ide/plugins/com.nxp.mcuxpresso.tools.win32_11.9.0.202307121226/tools/bin/../lib/gcc/arm-none-eabi/12.3.1/../../../../arm-none-eabi/lib/thumb/v6-m/nofp\libcr_c.a(sqrt.o)
                0x00004c7c                sqrt
 .text.strlen   0x00004dac       0x5c c:/nxp/mcuxpressoide_11.9.0_2144/ide/plugins/com.nxp.mcuxpresso.tools.win32_11.9.0.202307121226/tools/bin/../lib/gcc/arm-none-eabi/12.3.1/../../../../arm-none-eabi/lib/thumb/v6-m/nofp\libcr_c.a(strlen.o)
                0x00004dac                strlen
 .text._sbrk    0x00004e08       0x44 c:/nxp/mcuxpressoide_11.9.0_2144/ide/plugins/com.nxp.mcuxpresso.tools.win32_11.9.0.202307121226/tools/bin/../lib/gcc/arm-none-eabi/12.3.1/../../../../arm-none-eabi/lib/thumb/v6-m/nofp\libcr_c.a(_cr_sbrk.o)
                0x00004e08                _sbrk
 .text._fdopen  0x00004e4c       0x74 c:/nxp/mcuxpressoide_11.9.0_2144/ide/plugins/com.nxp.mcuxpresso.tools.win32_11.9.0.202307121226/tools/bin/../lib/gcc/arm-none-eabi/12.3.1/../../../../arm-none-eabi/lib/thumb/v6-m/nofp\libcr_c.a(_fdopen.o)
                0x00004e4c                _fdopen
 .text.fclose   0x00004ec0       0x5c c:/nxp/mcuxpressoide_11.9.0_2144/ide/plugins/com.nxp.mcuxpresso.tools.win32_11.9.0.202307121226/tools/bin/../lib/gcc/arm-none-eabi/12.3.1/../../../../arm-none-eabi/lib/thumb/v6-m/nofp\libcr_c.a(fclose.o)
                0x00004ec0                fclose
 .text.fflush   0x00004f1c       0x40 c:/nxp/mcuxpressoide_11.9.0_2144/ide/plugins/com.nxp.mcuxpresso.tools.win32_11.9.0.202307121226/tools/bin/../lib/gcc/arm-none-eabi/12.3.1/../../../../arm-none-eabi/lib/thumb/v6-m/nofp\libcr_c.a(fflush.o)
                0x00004f1c                fflush
 .text.__check_heap_overflow
                0x00004f5c       0x18 c:/nxp/mcuxpressoide_11.9.0_2144/ide/plugins/com.nxp.mcuxpresso.tools.win32_11.9.0.202307121226/tools/bin/../lib/gcc/arm-none-eabi/12.3.1/../../../../arm-none-eabi/lib/thumb/v6-m/nofp\libcr_c.a(_cr_check_heap.o)
                0x00004f5c                __check_heap_overflow
 .text._do_fflush
                0x00004f74       0x48 c:/nxp/mcuxpressoide_11.9.0_2144/ide/plugins/com.nxp.mcuxpresso.tools.win32_11.9.0.202307121226/tools/bin/../lib/gcc/arm-none-eabi/12.3.1/../../../../arm-none-eabi/lib/thumb/v6-m/nofp\libcr_c.a(_do_fflush.o)
                0x00004f74                _do_fflush
 .text.__aeabi_dmul
                0x00004fbc      0x194 c:/nxp/mcuxpressoide_11.9.0_2144/ide/plugins/com.nxp.mcuxpresso.tools.win32_11.9.0.202307121226/tools/bin/../lib/gcc/arm-none-eabi/12.3.1/thumb/v6-m/nofp\libcr_eabihelpers.a(double.o)
                0x00004fbc                __aeabi_dmul
 .text.__aeabi_ddiv
                0x00005150      0x164 c:/nxp/mcuxpressoide_11.9.0_2144/ide/plugins/com.nxp.mcuxpresso.tools.win32_11.9.0.202307121226/tools/bin/../lib/gcc/arm-none-eabi/12.3.1/thumb/v6-m/nofp\libcr_eabihelpers.a(double.o)
                0x00005150                __aeabi_ddiv
 .text.__aeabi_dsub
                0x000052b4      0x1d4 c:/nxp/mcuxpressoide_11.9.0_2144/ide/plugins/com.nxp.mcuxpresso.tools.win32_11.9.0.202307121226/tools/bin/../lib/gcc/arm-none-eabi/12.3.1/thumb/v6-m/nofp\libcr_eabihelpers.a(double.o)
                0x000052b4                __aeabi_dsub
 .text.__aeabi_dadd
                0x00005488      0x150 c:/nxp/mcuxpressoide_11.9.0_2144/ide/plugins/com.nxp.mcuxpresso.tools.win32_11.9.0.202307121226/tools/bin/../lib/gcc/arm-none-eabi/12.3.1/thumb/v6-m/nofp\libcr_eabihelpers.a(double.o)
                0x00005488                __aeabi_dadd
 .text.__aeabi_d2iz
                0x000055d8       0x50 c:/nxp/mcuxpressoide_11.9.0_2144/ide/plugins/com.nxp.mcuxpresso.tools.win32_11.9.0.202307121226/tools/bin/../lib/gcc/arm-none-eabi/12.3.1/thumb/v6-m/nofp\libcr_eabihelpers.a(double.o)
                0x000055d8                __aeabi_d2iz
 .text.__aeabi_dcmplt
                0x00005628       0x74 c:/nxp/mcuxpressoide_11.9.0_2144/ide/plugins/com.nxp.mcuxpresso.tools.win32_11.9.0.202307121226/tools/bin/../lib/gcc/arm-none-eabi/12.3.1/thumb/v6-m/nofp\libcr_eabihelpers.a(double.o)
                0x00005628                __aeabi_dcmplt
 .text.__aeabi_dcmpgt
                0x0000569c       0x60 c:/nxp/mcuxpressoide_11.9.0_2144/ide/plugins/com.nxp.mcuxpresso.tools.win32_11.9.0.202307121226/tools/bin/../lib/gcc/arm-none-eabi/12.3.1/thumb/v6-m/nofp\libcr_eabihelpers.a(double.o)
                0x0000569c                __aeabi_dcmpgt
 .text.__aeabi_dcmple
                0x000056fc       0x70 c:/nxp/mcuxpressoide_11.9.0_2144/ide/plugins/com.nxp.mcuxpresso.tools.win32_11.9.0.202307121226/tools/bin/../lib/gcc/arm-none-eabi/12.3.1/thumb/v6-m/nofp\libcr_eabihelpers.a(double.o)
                0x000056fc                __aeabi_dcmple
 .text.writeCommand
                0x0000576c       0x26 ./source/Drivers/SSD1306/oled.o
 .text.writeData
                0x00005792       0x26 ./source/Drivers/SSD1306/oled.o
 .text.writeDataLen
                0x000057b8       0x5e ./source/Drivers/SSD1306/oled.o
 .text.runInitSequence
                0x00005816       0xa6 ./source/Drivers/SSD1306/oled.o
 .text.hLine    0x000058bc       0x80 ./source/Drivers/SSD1306/oled.o
 .text.vLine    0x0000593c       0x7e ./source/Drivers/SSD1306/oled.o
 .text.oled_setContrast
                0x000059ba       0x24 ./source/Drivers/SSD1306/oled.o
                0x000059ba                oled_setContrast
 .text.oled_circle
                0x000059de      0x4de ./source/Drivers/SSD1306/oled.o
                0x000059de                oled_circle
 .text.oled_fillRect
                0x00005ebc       0xfa ./source/Drivers/SSD1306/oled.o
                0x00005ebc                oled_fillRect
 .text.oled_putString
                0x00005fb6       0x68 ./source/Drivers/SSD1306/oled.o
                0x00005fb6                oled_putString
 .text.SMC_GetPowerModeState
                0x0000601e       0x16 ./source/Drivers/PowerMode/power_mode_switch.o
 .text.PORT_ClearPinsInterruptFlags
                0x00006034       0x1a ./source/Drivers/MMA8451/mma8451.o
 .text.mma8451_freefall_config
                0x0000604e      0x142 ./source/Drivers/MMA8451/mma8451.o
                0x0000604e                mma8451_freefall_config
 .text.mma8451_dataReady_config
                0x00006190      0x118 ./source/Drivers/MMA8451/mma8451.o
                0x00006190                mma8451_dataReady_config
 .text.GPIO_PinWrite
                0x000062a8       0x38 ./source/Drivers/I2C/SD2_I2C.o
 .text.i2c_release_bus_delay
                0x000062e0       0x28 ./source/Drivers/I2C/SD2_I2C.o
 .text.GPIO_PinWrite
                0x00006308       0x38 ./source/Drivers/Board/SD2_board.o
 .text.GPIO_PortSet
                0x00006340       0x18 ./source/Drivers/Board/SD2_board.o
 .text.GPIO_PortClear
                0x00006358       0x18 ./source/Drivers/Board/SD2_board.o
 .text.GPIO_PortToggle
                0x00006370       0x18 ./source/Drivers/Board/SD2_board.o
 .text.GPIO_PinRead
                0x00006388       0x20 ./source/Drivers/Board/SD2_board.o
 .text.EnableIRQ
                0x000063a8       0x30 ./source/Drivers/time.o
 .text.PIT_EnableInterrupts
                0x000063d8       0x42 ./source/Drivers/time.o
 .text.PIT_ClearStatusFlags
                0x0000641a       0x2e ./source/Drivers/time.o
 .text.PIT_SetTimerPeriod
                0x00006448       0x28 ./source/Drivers/time.o
 .text.PIT_GetCurrentTimerCount
                0x00006470       0x26 ./source/Drivers/time.o
 .text.PIT_StartTimer
                0x00006496       0x3e ./source/Drivers/time.o
 .text.PIT_StopTimer
                0x000064d4       0x40 ./source/Drivers/time.o
 .text.SMC_GetPowerModeState
                0x00006514       0x16 ./source/App/mef.o
 .text.mef_Tr_To_Bajo_Consumo
                0x0000652a        0xe ./source/App/mef.o
                0x0000652a                mef_Tr_To_Bajo_Consumo
 .text.SMC_SetPowerModeProtection
                0x00006538       0x1e ./source/main.o
 .text.SMC_GetPowerModeState
                0x00006556       0x16 ./source/main.o
 .text.SysTick_Handler
                0x0000656c       0x12 ./source/main.o
                0x0000656c                SysTick_Handler
 .text.UART2_FLEXIO_DriverIRQHandler
                0x0000657e        0xe ./drivers/fsl_flexio.o
                0x0000657e                UART2_FLEXIO_DriverIRQHandler
 .text.GPIO_PinWrite
                0x0000658c       0x38 ./drivers/fsl_gpio.o
 .text.I2C_MasterClearStatusFlags
                0x000065c4       0x56 ./drivers/fsl_i2c.o
 .text.I2C_MasterStop
                0x0000661a       0x36 ./drivers/fsl_i2c.o
                0x0000661a                I2C_MasterStop
 .text.I2C_MasterGetStatusFlags
                0x00006650       0x4a ./drivers/fsl_i2c.o
                0x00006650                I2C_MasterGetStatusFlags
 .text.I2C_MasterReadBlocking
                0x0000669a       0xea ./drivers/fsl_i2c.o
                0x0000669a                I2C_MasterReadBlocking
 .text.DisableGlobalIRQ
                0x00006784       0x1e ./drivers/fsl_smc.o
 .text.EnableGlobalIRQ
                0x000067a2       0x1c ./drivers/fsl_smc.o
 .text.SMC_SetPowerModeRun
                0x000067be       0x38 ./drivers/fsl_smc.o
                0x000067be                SMC_SetPowerModeRun
 .text.SMC_SetPowerModeVlpr
                0x000067f6       0x3c ./drivers/fsl_smc.o
                0x000067f6                SMC_SetPowerModeVlpr
 .text.SPI_ReadNonBlocking
                0x00006832       0x88 ./drivers/fsl_spi.o
 .text.SPI_MasterSetBaudRate
                0x000068ba       0xc0 ./drivers/fsl_spi.o
                0x000068ba                SPI_MasterSetBaudRate
 .text.SPI_ReadData
                0x0000697a       0x3a ./drivers/fsl_spi.o
                0x0000697a                SPI_ReadData
 .text.SystemInitHook
                0x000069b4        0xa ./device/system_MKL43Z4.o
                0x000069b4                SystemInitHook
 .text.DbgConsole_Init
                0x000069be       0x26 ./board/board.o
 .text.BOARD_InitDebugConsole
                0x000069e4       0x2c ./board/board.o
                0x000069e4                BOARD_InitDebugConsole
 .text.BOARD_InitBootClocks
                0x00006a10        0xe ./board/clock_config.o
                0x00006a10                BOARD_InitBootClocks
 .text.__main   0x00006a1e        0xc c:/nxp/mcuxpressoide_11.9.0_2144/ide/plugins/com.nxp.mcuxpresso.tools.win32_11.9.0.202307121226/tools/bin/../lib/gcc/arm-none-eabi/12.3.1/../../../../arm-none-eabi/lib/thumb/v6-m/nofp\libcr_semihost_nf.a(_cr__main.o)
                0x00006a1e                __CR_SEMIHOST
                0x00006a1e                __main
 .text.memset   0x00006a2a        0x8 c:/nxp/mcuxpressoide_11.9.0_2144/ide/plugins/com.nxp.mcuxpresso.tools.win32_11.9.0.202307121226/tools/bin/../lib/gcc/arm-none-eabi/12.3.1/../../../../arm-none-eabi/lib/thumb/v6-m/nofp\libcr_c.a(memset.o)
                0x00006a2a                memset
 .text.free     0x00006a32       0x2c c:/nxp/mcuxpressoide_11.9.0_2144/ide/plugins/com.nxp.mcuxpresso.tools.win32_11.9.0.202307121226/tools/bin/../lib/gcc/arm-none-eabi/12.3.1/../../../../arm-none-eabi/lib/thumb/v6-m/nofp\libcr_c.a(alloc.o)
                0x00006a32                free
 .text.fputs    0x00006a5e       0x2e c:/nxp/mcuxpressoide_11.9.0_2144/ide/plugins/com.nxp.mcuxpresso.tools.win32_11.9.0.202307121226/tools/bin/../lib/gcc/arm-none-eabi/12.3.1/../../../../arm-none-eabi/lib/thumb/v6-m/nofp\libcr_c.a(fputs.o)
                0x00006a5e                fputs
 .text.no_fp_display
                0x00006a8c        0x4 c:/nxp/mcuxpressoide_11.9.0_2144/ide/plugins/com.nxp.mcuxpresso.tools.win32_11.9.0.202307121226/tools/bin/../lib/gcc/arm-none-eabi/12.3.1/../../../../arm-none-eabi/lib/thumb/v6-m/nofp\libcr_c.a(printf.o)
 .text.remove   0x00006a90       0x12 c:/nxp/mcuxpressoide_11.9.0_2144/ide/plugins/com.nxp.mcuxpresso.tools.win32_11.9.0.202307121226/tools/bin/../lib/gcc/arm-none-eabi/12.3.1/../../../../arm-none-eabi/lib/thumb/v6-m/nofp\libcr_c.a(remove.o)
                0x00006a90                remove
 .text.__aeabi_division_idivmod
                0x00006aa2       0x78 c:/nxp/mcuxpressoide_11.9.0_2144/ide/plugins/com.nxp.mcuxpresso.tools.win32_11.9.0.202307121226/tools/bin/../lib/gcc/arm-none-eabi/12.3.1/thumb/v6-m/nofp\libcr_eabihelpers.a(division_32.o)
                0x00006aa2                __aeabi_idivmod
                0x00006aa2                __aeabi_idiv
                0x00006aa8                __aeabi_uidivmod
                0x00006aa8                __aeabi_uidiv
 .text.__aeabi_division_uldivmod
                0x00006b1a       0x5a c:/nxp/mcuxpressoide_11.9.0_2144/ide/plugins/com.nxp.mcuxpresso.tools.win32_11.9.0.202307121226/tools/bin/../lib/gcc/arm-none-eabi/12.3.1/thumb/v6-m/nofp\libcr_eabihelpers.a(division_64.o)
                0x00006b1a                __aeabi_uldivmod
 .text.__aeabi_division_idiv0
                0x00006b74        0x2 c:/nxp/mcuxpressoide_11.9.0_2144/ide/plugins/com.nxp.mcuxpresso.tools.win32_11.9.0.202307121226/tools/bin/../lib/gcc/arm-none-eabi/12.3.1/thumb/v6-m/nofp\libcr_eabihelpers.a(division_idiv0.o)
                0x00006b74                __aeabi_idiv0
 .text.__bhs_ui2d
                0x00006b76       0x5e c:/nxp/mcuxpressoide_11.9.0_2144/ide/plugins/com.nxp.mcuxpresso.tools.win32_11.9.0.202307121226/tools/bin/../lib/gcc/arm-none-eabi/12.3.1/thumb/v6-m/nofp\libcr_eabihelpers.a(double.o)
                0x00006b76                __bhs_ui2d
 .text.__aeabi_i2d
                0x00006bd4       0x18 c:/nxp/mcuxpressoide_11.9.0_2144/ide/plugins/com.nxp.mcuxpresso.tools.win32_11.9.0.202307121226/tools/bin/../lib/gcc/arm-none-eabi/12.3.1/thumb/v6-m/nofp\libcr_eabihelpers.a(double.o)
                0x00006bd4                __aeabi_i2d
 .text.__aeabi_llong_lmul
                0x00006bec       0x2e c:/nxp/mcuxpressoide_11.9.0_2144/ide/plugins/com.nxp.mcuxpresso.tools.win32_11.9.0.202307121226/tools/bin/../lib/gcc/arm-none-eabi/12.3.1/thumb/v6-m/nofp\libcr_eabihelpers.a(llong.o)
                0x00006bec                __aeabi_lmul
 .text.__aeabi_memset_lowlevel
                0x00006c1a       0x2a c:/nxp/mcuxpressoide_11.9.0_2144/ide/plugins/com.nxp.mcuxpresso.tools.win32_11.9.0.202307121226/tools/bin/../lib/gcc/arm-none-eabi/12.3.1/thumb/v6-m/nofp\libcr_eabihelpers.a(memcpy.o)
                0x00006c1a                __aeabi_lowlevel_memset
 .text.__gnu_thumb1_case_uqi
                0x00006c44       0x10 c:/nxp/mcuxpressoide_11.9.0_2144/ide/plugins/com.nxp.mcuxpresso.tools.win32_11.9.0.202307121226/tools/bin/../lib/gcc/arm-none-eabi/12.3.1/thumb/v6-m/nofp\libcr_eabihelpers.a(thumb1_switch_helpers.o)
                0x00006c44                __gnu_thumb1_case_uqi
 .text.__gnu_thumb1_case_shi
                0x00006c54       0x10 c:/nxp/mcuxpressoide_11.9.0_2144/ide/plugins/com.nxp.mcuxpresso.tools.win32_11.9.0.202307121226/tools/bin/../lib/gcc/arm-none-eabi/12.3.1/thumb/v6-m/nofp\libcr_eabihelpers.a(thumb1_switch_helpers.o)
                0x00006c54                __gnu_thumb1_case_shi
 .text.__gnu_thumb1_case_uhi
                0x00006c64       0x10 c:/nxp/mcuxpressoide_11.9.0_2144/ide/plugins/com.nxp.mcuxpresso.tools.win32_11.9.0.202307121226/tools/bin/../lib/gcc/arm-none-eabi/12.3.1/thumb/v6-m/nofp\libcr_eabihelpers.a(thumb1_switch_helpers.o)
                0x00006c64                __gnu_thumb1_case_uhi
 .text.__sys_close
                0x00006c74        0xc c:/nxp/mcuxpressoide_11.9.0_2144/ide/plugins/com.nxp.mcuxpresso.tools.win32_11.9.0.202307121226/tools/bin/../lib/gcc/arm-none-eabi/12.3.1/../../../../arm-none-eabi/lib/thumb/v6-m/nofp\libcr_semihost_nf.a(__sys_close.o)
                0x00006c74                __sys_close
 .text.__sys_flen
                0x00006c80        0xc c:/nxp/mcuxpressoide_11.9.0_2144/ide/plugins/com.nxp.mcuxpresso.tools.win32_11.9.0.202307121226/tools/bin/../lib/gcc/arm-none-eabi/12.3.1/../../../../arm-none-eabi/lib/thumb/v6-m/nofp\libcr_semihost_nf.a(__sys_flen.o)
                0x00006c80                __sys_flen
 .text.__sys_istty
                0x00006c8c        0xc c:/nxp/mcuxpressoide_11.9.0_2144/ide/plugins/com.nxp.mcuxpresso.tools.win32_11.9.0.202307121226/tools/bin/../lib/gcc/arm-none-eabi/12.3.1/../../../../arm-none-eabi/lib/thumb/v6-m/nofp\libcr_semihost_nf.a(__sys_istty.o)
                0x00006c8c                __sys_istty
 .text.__sys_remove
                0x00006c98        0xc c:/nxp/mcuxpressoide_11.9.0_2144/ide/plugins/com.nxp.mcuxpresso.tools.win32_11.9.0.202307121226/tools/bin/../lib/gcc/arm-none-eabi/12.3.1/../../../../arm-none-eabi/lib/thumb/v6-m/nofp\libcr_semihost_nf.a(__sys_remove.o)
                0x00006c98                __sys_remove
 .text.__sys_seek
                0x00006ca4        0xc c:/nxp/mcuxpressoide_11.9.0_2144/ide/plugins/com.nxp.mcuxpresso.tools.win32_11.9.0.202307121226/tools/bin/../lib/gcc/arm-none-eabi/12.3.1/../../../../arm-none-eabi/lib/thumb/v6-m/nofp\libcr_semihost_nf.a(__sys_seek.o)
                0x00006ca4                __sys_seek
 .text.__sys_tmpnam
                0x00006cb0        0xc c:/nxp/mcuxpressoide_11.9.0_2144/ide/plugins/com.nxp.mcuxpresso.tools.win32_11.9.0.202307121226/tools/bin/../lib/gcc/arm-none-eabi/12.3.1/../../../../arm-none-eabi/lib/thumb/v6-m/nofp\libcr_semihost_nf.a(__sys_tmpnam.o)
                0x00006cb0                __sys_tmpnam
 .text.__sys_write
                0x00006cbc        0xc c:/nxp/mcuxpressoide_11.9.0_2144/ide/plugins/com.nxp.mcuxpresso.tools.win32_11.9.0.202307121226/tools/bin/../lib/gcc/arm-none-eabi/12.3.1/../../../../arm-none-eabi/lib/thumb/v6-m/nofp\libcr_semihost_nf.a(__sys_write.o)
                0x00006cbc                __sys_write
 *(SORT_BY_ALIGNMENT(.rodata) SORT_BY_ALIGNMENT(.rodata.*) SORT_BY_ALIGNMENT(.constdata) SORT_BY_ALIGNMENT(.constdata.*))
 .rodata.font5x7
                0x00006cc8      0x300 ./source/Drivers/SSD1306/font5x7.o
                0x00006cc8                font5x7
 .rodata.font_mask
                0x00006fc8        0x8 ./source/Drivers/SSD1306/oled.o
 .rodata        0x00006fd0        0xe ./source/Drivers/PowerMode/power_mode_switch.o
 *fill*         0x00006fde        0x2 ff
 .rodata.APP_ShowPowerMode.str1.4
                0x00006fe0       0x47 ./source/Drivers/PowerMode/power_mode_switch.o
 *fill*         0x00007027        0x1 ff
 .rodata.APP_PowerModeSwitch.str1.4
                0x00007028        0xc ./source/Drivers/PowerMode/power_mode_switch.o
 .rodata.APP_PowerModeSwitch
                0x00007034       0x28 ./source/Drivers/PowerMode/power_mode_switch.o
 .rodata.PORT_SetPinConfig.str1.4
                0x0000705c       0x64 ./source/Drivers/MMA8451/mma8451.o
 .rodata.PORT_SetPinConfig.str1.4
                0x000070c0       0x64 ./source/Drivers/I2C/SD2_I2C.o
 .rodata.PORT_SetPinConfig.str1.4
                0x000070c0       0x64 ./source/Drivers/Board/SD2_board.o
 .rodata.board_gpioLeds
                0x000070c0       0x18 ./source/Drivers/Board/SD2_board.o
 .rodata.board_gpioSw
                0x000070d8       0x18 ./source/Drivers/Board/SD2_board.o
 .rodata.board_gpioOled
                0x000070f0       0x18 ./source/Drivers/Board/SD2_board.o
 .rodata        0x00007108        0x2 ./source/Drivers/Board/SD2_board.o
 *fill*         0x0000710a        0x2 ff
 .rodata.PIT_GetDefaultConfig.str1.4
                0x0000710c       0x63 ./source/Drivers/time.o
 *fill*         0x0000716f        0x1 ff
 .rodata.mef_init.str1.4
                0x00007170       0x36 ./source/App/mef.o
 *fill*         0x000071a6        0x2 ff
 .rodata.mef.str1.4
                0x000071a8       0x78 ./source/App/mef.o
 .rodata.init_clocks_and_power_mode.str1.4
                0x00007220       0xe5 ./source/main.o
                                0x101 (size before relaxing)
 *fill*         0x00007305        0x3 ff
 .rodata.main.str1.4
                0x00007308        0x4 ./source/main.o
 .rodata.CLOCK_GetOsc0ErClkFreq.str1.4
                0x0000730c       0x1e ./drivers/fsl_clock.o
 *fill*         0x0000732a        0x2 ff
 .rodata.CLOCK_GetEr32kClkFreq.str1.4
                0x0000732c       0x1f ./drivers/fsl_clock.o
 *fill*         0x0000734b        0x1 ff
 .rodata.CLOCK_GetFreq
                0x0000734c       0x50 ./drivers/fsl_clock.o
 .rodata.CLOCK_GetOutClkFreq.str1.4
                0x0000739c       0x1e ./drivers/fsl_clock.o
 *fill*         0x000073ba        0x2 ff
 .rodata.CLOCK_SetMcgliteConfig.str1.4
                0x000073bc       0x1f ./drivers/fsl_clock.o
 *fill*         0x000073db        0x1 ff
 .rodata.lircFreqs.0
                0x000073dc        0x8 ./drivers/fsl_clock.o
 .rodata.GPIO_PinInit.str1.4
                0x000073e4       0x20 ./drivers/fsl_gpio.o
 .rodata.s_i2cDividerTable
                0x00007404       0x80 ./drivers/fsl_i2c.o
 .rodata.s_i2cClocks
                0x00007484        0x8 ./drivers/fsl_i2c.o
 .rodata.s_i2cBases
                0x0000748c        0x8 ./drivers/fsl_i2c.o
 .rodata.I2C_GetInstance.str1.4
                0x00007494       0x32 ./drivers/fsl_i2c.o
 *fill*         0x000074c6        0x2 ff
 .rodata.I2C_MasterInit.str1.4
                0x000074c8       0x4a ./drivers/fsl_i2c.o
 *fill*         0x00007512        0x2 ff
 .rodata.I2C_MasterGetDefaultConfig.str1.4
                0x00007514       0x25 ./drivers/fsl_i2c.o
 *fill*         0x00007539        0x3 ff
 .rodata.I2C_MasterTransferBlocking.str1.4
                0x0000753c       0x1e ./drivers/fsl_i2c.o
 *fill*         0x0000755a        0x2 ff
 .rodata.PIT_GetInstance.str1.4
                0x0000755c       0x31 ./drivers/fsl_pit.o
 *fill*         0x0000758d        0x3 ff
 .rodata.PIT_Init.str1.4
                0x00007590       0x16 ./drivers/fsl_pit.o
 *fill*         0x000075a6        0x2 ff
 .rodata.s_spiBases
                0x000075a8        0x8 ./drivers/fsl_spi.o
 .rodata.s_spiClock
                0x000075b0        0x8 ./drivers/fsl_spi.o
 .rodata.SPI_GetInstance.str1.4
                0x000075b8       0x32 ./drivers/fsl_spi.o
 *fill*         0x000075ea        0x2 ff
 .rodata.SPI_MasterInit.str1.4
                0x000075ec       0x38 ./drivers/fsl_spi.o
 .rodata.SPI_MasterTransferBlocking.str1.4
                0x00007624       0x1d ./drivers/fsl_spi.o
 *fill*         0x00007641        0x3 ff
 .rodata.SPI0_DriverIRQHandler.str1.4
                0x00007644       0x20 ./drivers/fsl_spi.o
 .rodata.SPI1_DriverIRQHandler.str1.4
                0x00007664       0x20 ./drivers/fsl_spi.o
 .rodata.mcgliteConfig_BOARD_BootClockRUN
                0x00007684        0x6 ./board/clock_config.o
                0x00007684                mcgliteConfig_BOARD_BootClockRUN
 *fill*         0x0000768a        0x2 ff
 .rodata.simConfig_BOARD_BootClockRUN
                0x0000768c        0x8 ./board/clock_config.o
                0x0000768c                simConfig_BOARD_BootClockRUN
 .rodata.__num_Ciob_streams
                0x00007694        0x4 c:/nxp/mcuxpressoide_11.9.0_2144/ide/plugins/com.nxp.mcuxpresso.tools.win32_11.9.0.202307121226/tools/bin/../lib/gcc/arm-none-eabi/12.3.1/../../../../arm-none-eabi/lib/thumb/v6-m/nofp\libcr_semihost_nf.a(__ciob.o)
                0x00007694                __num_Ciob_streams
 .rodata.__assertion_failed.str1.1
                0x00007698       0x15 c:/nxp/mcuxpressoide_11.9.0_2144/ide/plugins/com.nxp.mcuxpresso.tools.win32_11.9.0.202307121226/tools/bin/../lib/gcc/arm-none-eabi/12.3.1/../../../../arm-none-eabi/lib/thumb/v6-m/nofp\libcr_semihost_nf.a(_cr_assert.o)
 .rodata._Csys_alloc.str1.1
                0x000076ad       0x18 c:/nxp/mcuxpressoide_11.9.0_2144/ide/plugins/com.nxp.mcuxpresso.tools.win32_11.9.0.202307121226/tools/bin/../lib/gcc/arm-none-eabi/12.3.1/../../../../arm-none-eabi/lib/thumb/v6-m/nofp\libcr_c.a(alloc.o)
 .rodata._initio.str1.1
                0x000076c5        0x4 c:/nxp/mcuxpressoide_11.9.0_2144/ide/plugins/com.nxp.mcuxpresso.tools.win32_11.9.0.202307121226/tools/bin/../lib/gcc/arm-none-eabi/12.3.1/../../../../arm-none-eabi/lib/thumb/v6-m/nofp\libcr_c.a(initio.o)
 .rodata.__vfprintf.str1.1
                0x000076c9       0x35 c:/nxp/mcuxpressoide_11.9.0_2144/ide/plugins/com.nxp.mcuxpresso.tools.win32_11.9.0.202307121226/tools/bin/../lib/gcc/arm-none-eabi/12.3.1/../../../../arm-none-eabi/lib/thumb/v6-m/nofp\libcr_c.a(printf.o)
                                 0x38 (size before relaxing)
                0x00007700                        . = ALIGN (0x4)
 *fill*         0x000076fe        0x2 ff

.glue_7         0x00007700        0x0
 .glue_7        0x00007700        0x0 linker stubs

.glue_7t        0x00007700        0x0
 .glue_7t       0x00007700        0x0 linker stubs

.vfp11_veneer   0x00007700        0x0
 .vfp11_veneer  0x00007700        0x0 linker stubs

.v4_bx          0x00007700        0x0
 .v4_bx         0x00007700        0x0 linker stubs

.iplt           0x00007700        0x0
 .iplt          0x00007700        0x0 ./startup/startup_mkl43z4.o

.rel.dyn        0x00007700        0x0
 .rel.iplt      0x00007700        0x0 ./startup/startup_mkl43z4.o

.ARM.extab
 *(SORT_BY_ALIGNMENT(.ARM.extab*) SORT_BY_ALIGNMENT(.gnu.linkonce.armextab.*))

.ARM.exidx      0x00007700        0x0
                0x00007700                        __exidx_start = .
 *(SORT_BY_ALIGNMENT(.ARM.exidx*) SORT_BY_ALIGNMENT(.gnu.linkonce.armexidx.*))
                0x00007700                        __exidx_end = .
                0x00007700                        _etext = .

.m_usb_data
 *(SORT_BY_ALIGNMENT(m_usb_bdt))

.mtb_buffer_default
                0x1fffe000       0x80
 *(SORT_BY_ALIGNMENT(.mtb*))
 .mtb.$RAM1     0x1fffe000       0x80 ./source/mtb.o
                0x1fffe000                __mtb_buffer__

.uninit_RESERVED
                0x1fffe080        0x0
                0x1fffe080                        _start_uninit_RESERVED = .
 *(SORT_BY_ALIGNMENT(.bss.$RESERVED*))
                0x1fffe080                        . = ALIGN (0x4)
                0x1fffe080                        _end_uninit_RESERVED = .

.data           0x1fffe080       0x1c load address 0x00007700
 FILL mask 0xff
                0x1fffe080                        _data = .
                [!provide]                        PROVIDE (__start_data_RAM = .)
                [!provide]                        PROVIDE (__start_data_SRAM = .)
 *(SORT_BY_ALIGNMENT(vtable))
 *(SORT_BY_ALIGNMENT(.ramfunc*))
 *(SORT_BY_ALIGNMENT(CodeQuickAccess))
 *(SORT_BY_ALIGNMENT(DataQuickAccess))
 *(SORT_BY_ALIGNMENT(RamFunction))
 *(SORT_BY_ALIGNMENT(.data*))
 .data.s_stopRamFuncArray
                0x1fffe080       0x18 ./drivers/fsl_smc.o
 .data.SystemCoreClock
                0x1fffe098        0x4 ./device/system_MKL43Z4.o
                0x1fffe098                SystemCoreClock
                0x1fffe09c                        . = ALIGN (0x4)
                0x1fffe09c                        _edata = .
                [!provide]                        PROVIDE (__end_data_RAM = .)
                [!provide]                        PROVIDE (__end_data_SRAM = .)

.igot.plt       0x1fffe09c        0x0 load address 0x0000771c
 .igot.plt      0x1fffe09c        0x0 ./startup/startup_mkl43z4.o

.bss            0x1fffe09c      0x544
                0x1fffe09c                        _bss = .
                [!provide]                        PROVIDE (__start_bss_RAM = .)
                [!provide]                        PROVIDE (__start_bss_SRAM = .)
 *(SORT_BY_ALIGNMENT(.bss*))
 .bss.shadowFB  0x1fffe09c      0x400 ./source/Drivers/SSD1306/oled.o
 .bss.read      0x1fffe49c        0x6 ./source/Drivers/MMA8451/mma8451.o
 *fill*         0x1fffe4a2        0x2 
 .bss.estSW     0x1fffe4a4        0x2 ./source/Drivers/Key/key.o
 *fill*         0x1fffe4a6        0x2 
 .bss.eventSW   0x1fffe4a8        0x2 ./source/Drivers/Key/key.o
 *fill*         0x1fffe4aa        0x2 
 .bss.NewAccValue
                0x1fffe4ac        0x4 ./source/App/mef.o
 .bss.LastAccValue
                0x1fffe4b0        0x4 ./source/App/mef.o
 .bss.cuenta    0x1fffe4b4        0x4 ./source/App/mef.o
 .bss.freq      0x1fffe4b8        0x4 ./source/App/mef.o
                0x1fffe4b8                freq
 .bss.timTranscurrido
                0x1fffe4bc        0x4 ./source/App/mef.o
                0x1fffe4bc                timTranscurrido
 .bss.g_xtal0Freq
                0x1fffe4c0        0x4 ./drivers/fsl_clock.o
                0x1fffe4c0                g_xtal0Freq
 .bss.g_xtal32Freq
                0x1fffe4c4        0x4 ./drivers/fsl_clock.o
                0x1fffe4c4                g_xtal32Freq
 .bss.s_flexioHandle
                0x1fffe4c8        0x8 ./drivers/fsl_flexio.o
 .bss.s_flexioType
                0x1fffe4d0        0x8 ./drivers/fsl_flexio.o
 .bss.s_flexioIsr
                0x1fffe4d8        0x8 ./drivers/fsl_flexio.o
 .bss.s_i2cHandle
                0x1fffe4e0        0x8 ./drivers/fsl_i2c.o
 .bss.s_i2cMasterIsr
                0x1fffe4e8        0x4 ./drivers/fsl_i2c.o
 .bss.s_i2cSlaveIsr
                0x1fffe4ec        0x4 ./drivers/fsl_i2c.o
 .bss.s_lpuartHandle
                0x1fffe4f0        0x8 ./drivers/fsl_lpuart.o
 .bss.s_lpuartIsr
                0x1fffe4f8        0x4 ./drivers/fsl_lpuart.o
 .bss.g_savedPrimask
                0x1fffe4fc        0x4 ./drivers/fsl_smc.o
 .bss.s_spiHandle
                0x1fffe500        0x8 ./drivers/fsl_spi.o
 .bss.s_spiMasterIsr
                0x1fffe508        0x4 ./drivers/fsl_spi.o
 .bss.s_spiSlaveIsr
                0x1fffe50c        0x4 ./drivers/fsl_spi.o
 .bss.g_spiDummyData
                0x1fffe510        0x2 ./drivers/fsl_spi.o
                0x1fffe510                g_spiDummyData
 *fill*         0x1fffe512        0x2 
 .bss.__Ciob    0x1fffe514       0xb4 c:/nxp/mcuxpressoide_11.9.0_2144/ide/plugins/com.nxp.mcuxpresso.tools.win32_11.9.0.202307121226/tools/bin/../lib/gcc/arm-none-eabi/12.3.1/../../../../arm-none-eabi/lib/thumb/v6-m/nofp\libcr_semihost_nf.a(__ciob.o)
                0x1fffe514                __Ciob
 .bss.__end_of_heap
                0x1fffe5c8        0x4 c:/nxp/mcuxpressoide_11.9.0_2144/ide/plugins/com.nxp.mcuxpresso.tools.win32_11.9.0.202307121226/tools/bin/../lib/gcc/arm-none-eabi/12.3.1/../../../../arm-none-eabi/lib/thumb/v6-m/nofp\libcr_c.a(__init_alloc.o)
                0x1fffe5c8                __end_of_heap
 .bss.__heaps   0x1fffe5cc        0x4 c:/nxp/mcuxpressoide_11.9.0_2144/ide/plugins/com.nxp.mcuxpresso.tools.win32_11.9.0.202307121226/tools/bin/../lib/gcc/arm-none-eabi/12.3.1/../../../../arm-none-eabi/lib/thumb/v6-m/nofp\libcr_c.a(__init_alloc.o)
                0x1fffe5cc                __heaps
 .bss.errno     0x1fffe5d0        0x4 c:/nxp/mcuxpressoide_11.9.0_2144/ide/plugins/com.nxp.mcuxpresso.tools.win32_11.9.0.202307121226/tools/bin/../lib/gcc/arm-none-eabi/12.3.1/../../../../arm-none-eabi/lib/thumb/v6-m/nofp\libcr_c.a(errno.o)
                0x1fffe5d0                errno
 .bss.timSec    0x1fffe5d4        0x2 ./source/App/mef.o
 .bss.timBlink  0x1fffe5d6        0x2 ./source/App/mef.o
 .bss.MaxAccValue
                0x1fffe5d8        0x2 ./source/App/mef.o
 .bss.isInterruptionByFreeFall
                0x1fffe5da        0x1 ./source/Drivers/MMA8451/mma8451.o
 .bss.isInterruptionByDR
                0x1fffe5db        0x1 ./source/Drivers/MMA8451/mma8451.o
 .bss.overflowFlag
                0x1fffe5dc        0x1 ./source/Drivers/time.o
 .bss.state     0x1fffe5dd        0x1 ./source/App/mef.o
 .bss.currentPowerState
                0x1fffe5de        0x1 ./source/App/mef.o
                0x1fffe5de                currentPowerState
 *(SORT_BY_ALIGNMENT(COMMON))
                0x1fffe5e0                        . = ALIGN (0x4)
 *fill*         0x1fffe5df        0x1 
                0x1fffe5e0                        _ebss = .
                [!provide]                        PROVIDE (__end_bss_RAM = .)
                [!provide]                        PROVIDE (__end_bss_SRAM = .)
                [!provide]                        PROVIDE (end = .)

.noinit         0x1fffe5e0        0x0
                0x1fffe5e0                        _noinit = .
                [!provide]                        PROVIDE (__start_noinit_RAM = .)
                [!provide]                        PROVIDE (__start_noinit_SRAM = .)
 *(SORT_BY_ALIGNMENT(.noinit*))
                0x1fffe5e0                        . = ALIGN (0x4)
                0x1fffe5e0                        _end_noinit = .
                [!provide]                        PROVIDE (__end_noinit_RAM = .)
                [!provide]                        PROVIDE (__end_noinit_SRAM = .)
                0x00000800                        _HeapSize = 0x800

.heap           0x1fffe5e0      0x800
                0x1fffe5e0                        _pvHeapStart = .
                0x1fffede0                        . = (. + _HeapSize)
 *fill*         0x1fffe5e0      0x800 
                0x1fffede0                        . = ALIGN (0x4)
                0x1fffede0                        _pvHeapLimit = .
                0x00000800                        _StackSize = 0x800

.heap2stackfill
                0x1fffede0      0x800
                0x1ffff5e0                        . = (. + _StackSize)
 *fill*         0x1fffede0      0x800 

.stack          0x20005800        0x0
                0x20005800                        _vStackBase = .
                0x20005800                        . = ALIGN (0x4)
                0x20006000                        _vStackTop = (. + _StackSize)
                0x00000000                        _image_start = LOADADDR (.text)
                0x0000771c                        _image_end = (LOADADDR (.data) + SIZEOF (.data))
                0x0000771c                        _image_size = (_image_end - _image_start)
OUTPUT(TP2_V1.axf elf32-littlearm)
LOAD linker stubs

.debug_info     0x00000000    0x16741
 .debug_info    0x00000000      0x67f ./startup/startup_mkl43z4.o
 .debug_info    0x0000067f       0x62 ./source/Drivers/SSD1306/font5x7.o
 .debug_info    0x000006e1      0x8da ./source/Drivers/SSD1306/oled.o
 .debug_info    0x00000fbb      0x894 ./source/Drivers/PowerMode/power_mode_switch.o
 .debug_info    0x0000184f     0x17bc ./source/Drivers/MMA8451/mma8451.o
 .debug_info    0x0000300b      0x1d2 ./source/Drivers/Key/key.o
 .debug_info    0x000031dd      0x88f ./source/Drivers/I2C/SD2_I2C.o
 .debug_info    0x00003a6c     0x10cd ./source/Drivers/Board/SD2_board.o
 .debug_info    0x00004b39      0xa58 ./source/Drivers/time.o
 .debug_info    0x00005591      0x8f7 ./source/App/mef.o
 .debug_info    0x00005e88      0x7ca ./source/main.o
 .debug_info    0x00006652       0x53 ./source/mtb.o
 .debug_info    0x000066a5       0x3c ./source/semihost_hardfault.o
 .debug_info    0x000066e1     0x1327 ./drivers/fsl_clock.o
 .debug_info    0x00007a08     0x1175 ./drivers/fsl_flexio.o
 .debug_info    0x00008b7d      0x887 ./drivers/fsl_gpio.o
 .debug_info    0x00009404     0x1c8e ./drivers/fsl_i2c.o
 .debug_info    0x0000b092     0x17bf ./drivers/fsl_lpuart.o
 .debug_info    0x0000c851      0x71a ./drivers/fsl_pit.o
 .debug_info    0x0000cf6b      0x9aa ./drivers/fsl_smc.o
 .debug_info    0x0000d915     0x1832 ./drivers/fsl_spi.o
 .debug_info    0x0000f147      0x45d ./device/system_MKL43Z4.o
 .debug_info    0x0000f5a4      0x473 ./board/board.o
 .debug_info    0x0000fa17      0x9f3 ./board/clock_config.o
 .debug_info    0x0001040a       0x85 c:/nxp/mcuxpressoide_11.9.0_2144/ide/plugins/com.nxp.mcuxpresso.tools.win32_11.9.0.202307121226/tools/bin/../lib/gcc/arm-none-eabi/12.3.1/../../../../arm-none-eabi/lib/thumb/v6-m/nofp\libcr_semihost_nf.a(_cr__main.o)
 .debug_info    0x0001048f      0x240 c:/nxp/mcuxpressoide_11.9.0_2144/ide/plugins/com.nxp.mcuxpresso.tools.win32_11.9.0.202307121226/tools/bin/../lib/gcc/arm-none-eabi/12.3.1/../../../../arm-none-eabi/lib/thumb/v6-m/nofp\libcr_semihost_nf.a(_cr_assert.o)
 .debug_info    0x000106cf      0x18b c:/nxp/mcuxpressoide_11.9.0_2144/ide/plugins/com.nxp.mcuxpresso.tools.win32_11.9.0.202307121226/tools/bin/../lib/gcc/arm-none-eabi/12.3.1/../../../../arm-none-eabi/lib/thumb/v6-m/nofp\libcr_semihost_nf.a(__ciob.o)
 .debug_info    0x0001085a       0xe3 c:/nxp/mcuxpressoide_11.9.0_2144/ide/plugins/com.nxp.mcuxpresso.tools.win32_11.9.0.202307121226/tools/bin/../lib/gcc/arm-none-eabi/12.3.1/../../../../arm-none-eabi/lib/thumb/v6-m/nofp\libcr_c.a(memset.o)
 .debug_info    0x0001093d      0x35d c:/nxp/mcuxpressoide_11.9.0_2144/ide/plugins/com.nxp.mcuxpresso.tools.win32_11.9.0.202307121226/tools/bin/../lib/gcc/arm-none-eabi/12.3.1/../../../../arm-none-eabi/lib/thumb/v6-m/nofp\libcr_c.a(_deferredlazyseek.o)
 .debug_info    0x00010c9a      0x1e3 c:/nxp/mcuxpressoide_11.9.0_2144/ide/plugins/com.nxp.mcuxpresso.tools.win32_11.9.0.202307121226/tools/bin/../lib/gcc/arm-none-eabi/12.3.1/../../../../arm-none-eabi/lib/thumb/v6-m/nofp\libcr_c.a(_fflush.o)
 .debug_info    0x00010e7d      0x283 c:/nxp/mcuxpressoide_11.9.0_2144/ide/plugins/com.nxp.mcuxpresso.tools.win32_11.9.0.202307121226/tools/bin/../lib/gcc/arm-none-eabi/12.3.1/../../../../arm-none-eabi/lib/thumb/v6-m/nofp\libcr_c.a(_writebuf.o)
 .debug_info    0x00011100      0x50c c:/nxp/mcuxpressoide_11.9.0_2144/ide/plugins/com.nxp.mcuxpresso.tools.win32_11.9.0.202307121226/tools/bin/../lib/gcc/arm-none-eabi/12.3.1/../../../../arm-none-eabi/lib/thumb/v6-m/nofp\libcr_c.a(alloc.o)
 .debug_info    0x0001160c      0x1e0 c:/nxp/mcuxpressoide_11.9.0_2144/ide/plugins/com.nxp.mcuxpresso.tools.win32_11.9.0.202307121226/tools/bin/../lib/gcc/arm-none-eabi/12.3.1/../../../../arm-none-eabi/lib/thumb/v6-m/nofp\libcr_c.a(fputs.o)
 .debug_info    0x000117ec      0x278 c:/nxp/mcuxpressoide_11.9.0_2144/ide/plugins/com.nxp.mcuxpresso.tools.win32_11.9.0.202307121226/tools/bin/../lib/gcc/arm-none-eabi/12.3.1/../../../../arm-none-eabi/lib/thumb/v6-m/nofp\libcr_c.a(fseek.o)
 .debug_info    0x00011a64      0x190 c:/nxp/mcuxpressoide_11.9.0_2144/ide/plugins/com.nxp.mcuxpresso.tools.win32_11.9.0.202307121226/tools/bin/../lib/gcc/arm-none-eabi/12.3.1/../../../../arm-none-eabi/lib/thumb/v6-m/nofp\libcr_c.a(ftell.o)
 .debug_info    0x00011bf4      0x353 c:/nxp/mcuxpressoide_11.9.0_2144/ide/plugins/com.nxp.mcuxpresso.tools.win32_11.9.0.202307121226/tools/bin/../lib/gcc/arm-none-eabi/12.3.1/../../../../arm-none-eabi/lib/thumb/v6-m/nofp\libcr_c.a(initio.o)
 .debug_info    0x00011f47     0x12b0 c:/nxp/mcuxpressoide_11.9.0_2144/ide/plugins/com.nxp.mcuxpresso.tools.win32_11.9.0.202307121226/tools/bin/../lib/gcc/arm-none-eabi/12.3.1/../../../../arm-none-eabi/lib/thumb/v6-m/nofp\libcr_c.a(printf.o)
 .debug_info    0x000131f7      0x1f6 c:/nxp/mcuxpressoide_11.9.0_2144/ide/plugins/com.nxp.mcuxpresso.tools.win32_11.9.0.202307121226/tools/bin/../lib/gcc/arm-none-eabi/12.3.1/../../../../arm-none-eabi/lib/thumb/v6-m/nofp\libcr_c.a(setvbuf.o)
 .debug_info    0x000133ed      0x1f3 c:/nxp/mcuxpressoide_11.9.0_2144/ide/plugins/com.nxp.mcuxpresso.tools.win32_11.9.0.202307121226/tools/bin/../lib/gcc/arm-none-eabi/12.3.1/../../../../arm-none-eabi/lib/thumb/v6-m/nofp\libcr_c.a(sqrt.o)
 .debug_info    0x000135e0       0xd6 c:/nxp/mcuxpressoide_11.9.0_2144/ide/plugins/com.nxp.mcuxpresso.tools.win32_11.9.0.202307121226/tools/bin/../lib/gcc/arm-none-eabi/12.3.1/../../../../arm-none-eabi/lib/thumb/v6-m/nofp\libcr_c.a(strlen.o)
 .debug_info    0x000136b6       0xd4 c:/nxp/mcuxpressoide_11.9.0_2144/ide/plugins/com.nxp.mcuxpresso.tools.win32_11.9.0.202307121226/tools/bin/../lib/gcc/arm-none-eabi/12.3.1/../../../../arm-none-eabi/lib/thumb/v6-m/nofp\libcr_c.a(__init_alloc.o)
 .debug_info    0x0001378a      0x100 c:/nxp/mcuxpressoide_11.9.0_2144/ide/plugins/com.nxp.mcuxpresso.tools.win32_11.9.0.202307121226/tools/bin/../lib/gcc/arm-none-eabi/12.3.1/../../../../arm-none-eabi/lib/thumb/v6-m/nofp\libcr_c.a(_cr_sbrk.o)
 .debug_info    0x0001388a      0x244 c:/nxp/mcuxpressoide_11.9.0_2144/ide/plugins/com.nxp.mcuxpresso.tools.win32_11.9.0.202307121226/tools/bin/../lib/gcc/arm-none-eabi/12.3.1/../../../../arm-none-eabi/lib/thumb/v6-m/nofp\libcr_c.a(_fdopen.o)
 .debug_info    0x00013ace       0x44 c:/nxp/mcuxpressoide_11.9.0_2144/ide/plugins/com.nxp.mcuxpresso.tools.win32_11.9.0.202307121226/tools/bin/../lib/gcc/arm-none-eabi/12.3.1/../../../../arm-none-eabi/lib/thumb/v6-m/nofp\libcr_c.a(errno.o)
 .debug_info    0x00013b12      0x31e c:/nxp/mcuxpressoide_11.9.0_2144/ide/plugins/com.nxp.mcuxpresso.tools.win32_11.9.0.202307121226/tools/bin/../lib/gcc/arm-none-eabi/12.3.1/../../../../arm-none-eabi/lib/thumb/v6-m/nofp\libcr_c.a(fclose.o)
 .debug_info    0x00013e30      0x203 c:/nxp/mcuxpressoide_11.9.0_2144/ide/plugins/com.nxp.mcuxpresso.tools.win32_11.9.0.202307121226/tools/bin/../lib/gcc/arm-none-eabi/12.3.1/../../../../arm-none-eabi/lib/thumb/v6-m/nofp\libcr_c.a(fflush.o)
 .debug_info    0x00014033      0x1c9 c:/nxp/mcuxpressoide_11.9.0_2144/ide/plugins/com.nxp.mcuxpresso.tools.win32_11.9.0.202307121226/tools/bin/../lib/gcc/arm-none-eabi/12.3.1/../../../../arm-none-eabi/lib/thumb/v6-m/nofp\libcr_c.a(remove.o)
 .debug_info    0x000141fc       0x71 c:/nxp/mcuxpressoide_11.9.0_2144/ide/plugins/com.nxp.mcuxpresso.tools.win32_11.9.0.202307121226/tools/bin/../lib/gcc/arm-none-eabi/12.3.1/../../../../arm-none-eabi/lib/thumb/v6-m/nofp\libcr_c.a(_cr_check_heap.o)
 .debug_info    0x0001426d      0x23a c:/nxp/mcuxpressoide_11.9.0_2144/ide/plugins/com.nxp.mcuxpresso.tools.win32_11.9.0.202307121226/tools/bin/../lib/gcc/arm-none-eabi/12.3.1/../../../../arm-none-eabi/lib/thumb/v6-m/nofp\libcr_c.a(_do_fflush.o)
 .debug_info    0x000144a7     0x229a c:/nxp/mcuxpressoide_11.9.0_2144/ide/plugins/com.nxp.mcuxpresso.tools.win32_11.9.0.202307121226/tools/bin/../lib/gcc/arm-none-eabi/12.3.1/thumb/v6-m/nofp\libcr_eabihelpers.a(double.o)

.debug_abbrev   0x00000000     0x52f2
 .debug_abbrev  0x00000000      0x1a7 ./startup/startup_mkl43z4.o
 .debug_abbrev  0x000001a7       0x4a ./source/Drivers/SSD1306/font5x7.o
 .debug_abbrev  0x000001f1      0x20c ./source/Drivers/SSD1306/oled.o
 .debug_abbrev  0x000003fd      0x226 ./source/Drivers/PowerMode/power_mode_switch.o
 .debug_abbrev  0x00000623      0x397 ./source/Drivers/MMA8451/mma8451.o
 .debug_abbrev  0x000009ba      0x12b ./source/Drivers/Key/key.o
 .debug_abbrev  0x00000ae5      0x25f ./source/Drivers/I2C/SD2_I2C.o
 .debug_abbrev  0x00000d44      0x32d ./source/Drivers/Board/SD2_board.o
 .debug_abbrev  0x00001071      0x2cd ./source/Drivers/time.o
 .debug_abbrev  0x0000133e      0x1f7 ./source/App/mef.o
 .debug_abbrev  0x00001535      0x2b1 ./source/main.o
 .debug_abbrev  0x000017e6       0x46 ./source/mtb.o
 .debug_abbrev  0x0000182c       0x31 ./source/semihost_hardfault.o
 .debug_abbrev  0x0000185d      0x2cf ./drivers/fsl_clock.o
 .debug_abbrev  0x00001b2c      0x2e3 ./drivers/fsl_flexio.o
 .debug_abbrev  0x00001e0f      0x22c ./drivers/fsl_gpio.o
 .debug_abbrev  0x0000203b      0x389 ./drivers/fsl_i2c.o
 .debug_abbrev  0x000023c4      0x32d ./drivers/fsl_lpuart.o
 .debug_abbrev  0x000026f1      0x20e ./drivers/fsl_pit.o
 .debug_abbrev  0x000028ff      0x312 ./drivers/fsl_smc.o
 .debug_abbrev  0x00002c11      0x39d ./drivers/fsl_spi.o
 .debug_abbrev  0x00002fae      0x148 ./device/system_MKL43Z4.o
 .debug_abbrev  0x000030f6      0x177 ./board/board.o
 .debug_abbrev  0x0000326d      0x1cf ./board/clock_config.o
 .debug_abbrev  0x0000343c       0x62 c:/nxp/mcuxpressoide_11.9.0_2144/ide/plugins/com.nxp.mcuxpresso.tools.win32_11.9.0.202307121226/tools/bin/../lib/gcc/arm-none-eabi/12.3.1/../../../../arm-none-eabi/lib/thumb/v6-m/nofp\libcr_semihost_nf.a(_cr__main.o)
 .debug_abbrev  0x0000349e      0x12c c:/nxp/mcuxpressoide_11.9.0_2144/ide/plugins/com.nxp.mcuxpresso.tools.win32_11.9.0.202307121226/tools/bin/../lib/gcc/arm-none-eabi/12.3.1/../../../../arm-none-eabi/lib/thumb/v6-m/nofp\libcr_semihost_nf.a(_cr_assert.o)
 .debug_abbrev  0x000035ca       0xb5 c:/nxp/mcuxpressoide_11.9.0_2144/ide/plugins/com.nxp.mcuxpresso.tools.win32_11.9.0.202307121226/tools/bin/../lib/gcc/arm-none-eabi/12.3.1/../../../../arm-none-eabi/lib/thumb/v6-m/nofp\libcr_semihost_nf.a(__ciob.o)
 .debug_abbrev  0x0000367f       0xa5 c:/nxp/mcuxpressoide_11.9.0_2144/ide/plugins/com.nxp.mcuxpresso.tools.win32_11.9.0.202307121226/tools/bin/../lib/gcc/arm-none-eabi/12.3.1/../../../../arm-none-eabi/lib/thumb/v6-m/nofp\libcr_c.a(memset.o)
 .debug_abbrev  0x00003724      0x147 c:/nxp/mcuxpressoide_11.9.0_2144/ide/plugins/com.nxp.mcuxpresso.tools.win32_11.9.0.202307121226/tools/bin/../lib/gcc/arm-none-eabi/12.3.1/../../../../arm-none-eabi/lib/thumb/v6-m/nofp\libcr_c.a(_deferredlazyseek.o)
 .debug_abbrev  0x0000386b       0xf1 c:/nxp/mcuxpressoide_11.9.0_2144/ide/plugins/com.nxp.mcuxpresso.tools.win32_11.9.0.202307121226/tools/bin/../lib/gcc/arm-none-eabi/12.3.1/../../../../arm-none-eabi/lib/thumb/v6-m/nofp\libcr_c.a(_fflush.o)
 .debug_abbrev  0x0000395c      0x126 c:/nxp/mcuxpressoide_11.9.0_2144/ide/plugins/com.nxp.mcuxpresso.tools.win32_11.9.0.202307121226/tools/bin/../lib/gcc/arm-none-eabi/12.3.1/../../../../arm-none-eabi/lib/thumb/v6-m/nofp\libcr_c.a(_writebuf.o)
 .debug_abbrev  0x00003a82      0x27b c:/nxp/mcuxpressoide_11.9.0_2144/ide/plugins/com.nxp.mcuxpresso.tools.win32_11.9.0.202307121226/tools/bin/../lib/gcc/arm-none-eabi/12.3.1/../../../../arm-none-eabi/lib/thumb/v6-m/nofp\libcr_c.a(alloc.o)
 .debug_abbrev  0x00003cfd      0x10c c:/nxp/mcuxpressoide_11.9.0_2144/ide/plugins/com.nxp.mcuxpresso.tools.win32_11.9.0.202307121226/tools/bin/../lib/gcc/arm-none-eabi/12.3.1/../../../../arm-none-eabi/lib/thumb/v6-m/nofp\libcr_c.a(fputs.o)
 .debug_abbrev  0x00003e09      0x11b c:/nxp/mcuxpressoide_11.9.0_2144/ide/plugins/com.nxp.mcuxpresso.tools.win32_11.9.0.202307121226/tools/bin/../lib/gcc/arm-none-eabi/12.3.1/../../../../arm-none-eabi/lib/thumb/v6-m/nofp\libcr_c.a(fseek.o)
 .debug_abbrev  0x00003f24       0xc2 c:/nxp/mcuxpressoide_11.9.0_2144/ide/plugins/com.nxp.mcuxpresso.tools.win32_11.9.0.202307121226/tools/bin/../lib/gcc/arm-none-eabi/12.3.1/../../../../arm-none-eabi/lib/thumb/v6-m/nofp\libcr_c.a(ftell.o)
 .debug_abbrev  0x00003fe6      0x14b c:/nxp/mcuxpressoide_11.9.0_2144/ide/plugins/com.nxp.mcuxpresso.tools.win32_11.9.0.202307121226/tools/bin/../lib/gcc/arm-none-eabi/12.3.1/../../../../arm-none-eabi/lib/thumb/v6-m/nofp\libcr_c.a(initio.o)
 .debug_abbrev  0x00004131      0x3af c:/nxp/mcuxpressoide_11.9.0_2144/ide/plugins/com.nxp.mcuxpresso.tools.win32_11.9.0.202307121226/tools/bin/../lib/gcc/arm-none-eabi/12.3.1/../../../../arm-none-eabi/lib/thumb/v6-m/nofp\libcr_c.a(printf.o)
 .debug_abbrev  0x000044e0       0xe1 c:/nxp/mcuxpressoide_11.9.0_2144/ide/plugins/com.nxp.mcuxpresso.tools.win32_11.9.0.202307121226/tools/bin/../lib/gcc/arm-none-eabi/12.3.1/../../../../arm-none-eabi/lib/thumb/v6-m/nofp\libcr_c.a(setvbuf.o)
 .debug_abbrev  0x000045c1      0x11e c:/nxp/mcuxpressoide_11.9.0_2144/ide/plugins/com.nxp.mcuxpresso.tools.win32_11.9.0.202307121226/tools/bin/../lib/gcc/arm-none-eabi/12.3.1/../../../../arm-none-eabi/lib/thumb/v6-m/nofp\libcr_c.a(sqrt.o)
 .debug_abbrev  0x000046df       0xa5 c:/nxp/mcuxpressoide_11.9.0_2144/ide/plugins/com.nxp.mcuxpresso.tools.win32_11.9.0.202307121226/tools/bin/../lib/gcc/arm-none-eabi/12.3.1/../../../../arm-none-eabi/lib/thumb/v6-m/nofp\libcr_c.a(strlen.o)
 .debug_abbrev  0x00004784       0xaf c:/nxp/mcuxpressoide_11.9.0_2144/ide/plugins/com.nxp.mcuxpresso.tools.win32_11.9.0.202307121226/tools/bin/../lib/gcc/arm-none-eabi/12.3.1/../../../../arm-none-eabi/lib/thumb/v6-m/nofp\libcr_c.a(__init_alloc.o)
 .debug_abbrev  0x00004833       0xd3 c:/nxp/mcuxpressoide_11.9.0_2144/ide/plugins/com.nxp.mcuxpresso.tools.win32_11.9.0.202307121226/tools/bin/../lib/gcc/arm-none-eabi/12.3.1/../../../../arm-none-eabi/lib/thumb/v6-m/nofp\libcr_c.a(_cr_sbrk.o)
 .debug_abbrev  0x00004906      0x119 c:/nxp/mcuxpressoide_11.9.0_2144/ide/plugins/com.nxp.mcuxpresso.tools.win32_11.9.0.202307121226/tools/bin/../lib/gcc/arm-none-eabi/12.3.1/../../../../arm-none-eabi/lib/thumb/v6-m/nofp\libcr_c.a(_fdopen.o)
 .debug_abbrev  0x00004a1f       0x44 c:/nxp/mcuxpressoide_11.9.0_2144/ide/plugins/com.nxp.mcuxpresso.tools.win32_11.9.0.202307121226/tools/bin/../lib/gcc/arm-none-eabi/12.3.1/../../../../arm-none-eabi/lib/thumb/v6-m/nofp\libcr_c.a(errno.o)
 .debug_abbrev  0x00004a63      0x158 c:/nxp/mcuxpressoide_11.9.0_2144/ide/plugins/com.nxp.mcuxpresso.tools.win32_11.9.0.202307121226/tools/bin/../lib/gcc/arm-none-eabi/12.3.1/../../../../arm-none-eabi/lib/thumb/v6-m/nofp\libcr_c.a(fclose.o)
 .debug_abbrev  0x00004bbb      0x122 c:/nxp/mcuxpressoide_11.9.0_2144/ide/plugins/com.nxp.mcuxpresso.tools.win32_11.9.0.202307121226/tools/bin/../lib/gcc/arm-none-eabi/12.3.1/../../../../arm-none-eabi/lib/thumb/v6-m/nofp\libcr_c.a(fflush.o)
 .debug_abbrev  0x00004cdd       0xed c:/nxp/mcuxpressoide_11.9.0_2144/ide/plugins/com.nxp.mcuxpresso.tools.win32_11.9.0.202307121226/tools/bin/../lib/gcc/arm-none-eabi/12.3.1/../../../../arm-none-eabi/lib/thumb/v6-m/nofp\libcr_c.a(remove.o)
 .debug_abbrev  0x00004dca       0x6b c:/nxp/mcuxpressoide_11.9.0_2144/ide/plugins/com.nxp.mcuxpresso.tools.win32_11.9.0.202307121226/tools/bin/../lib/gcc/arm-none-eabi/12.3.1/../../../../arm-none-eabi/lib/thumb/v6-m/nofp\libcr_c.a(_cr_check_heap.o)
 .debug_abbrev  0x00004e35      0x12c c:/nxp/mcuxpressoide_11.9.0_2144/ide/plugins/com.nxp.mcuxpresso.tools.win32_11.9.0.202307121226/tools/bin/../lib/gcc/arm-none-eabi/12.3.1/../../../../arm-none-eabi/lib/thumb/v6-m/nofp\libcr_c.a(_do_fflush.o)
 .debug_abbrev  0x00004f61      0x391 c:/nxp/mcuxpressoide_11.9.0_2144/ide/plugins/com.nxp.mcuxpresso.tools.win32_11.9.0.202307121226/tools/bin/../lib/gcc/arm-none-eabi/12.3.1/thumb/v6-m/nofp\libcr_eabihelpers.a(double.o)

.debug_loc      0x00000000     0x71a1
 .debug_loc     0x00000000      0x1cc ./startup/startup_mkl43z4.o
 .debug_loc     0x000001cc       0x3f c:/nxp/mcuxpressoide_11.9.0_2144/ide/plugins/com.nxp.mcuxpresso.tools.win32_11.9.0.202307121226/tools/bin/../lib/gcc/arm-none-eabi/12.3.1/../../../../arm-none-eabi/lib/thumb/v6-m/nofp\libcr_semihost_nf.a(_cr_assert.o)
 .debug_loc     0x0000020b       0x6f c:/nxp/mcuxpressoide_11.9.0_2144/ide/plugins/com.nxp.mcuxpresso.tools.win32_11.9.0.202307121226/tools/bin/../lib/gcc/arm-none-eabi/12.3.1/../../../../arm-none-eabi/lib/thumb/v6-m/nofp\libcr_c.a(memset.o)
 .debug_loc     0x0000027a      0x1aa c:/nxp/mcuxpressoide_11.9.0_2144/ide/plugins/com.nxp.mcuxpresso.tools.win32_11.9.0.202307121226/tools/bin/../lib/gcc/arm-none-eabi/12.3.1/../../../../arm-none-eabi/lib/thumb/v6-m/nofp\libcr_c.a(_deferredlazyseek.o)
 .debug_loc     0x00000424      0x124 c:/nxp/mcuxpressoide_11.9.0_2144/ide/plugins/com.nxp.mcuxpresso.tools.win32_11.9.0.202307121226/tools/bin/../lib/gcc/arm-none-eabi/12.3.1/../../../../arm-none-eabi/lib/thumb/v6-m/nofp\libcr_c.a(_fflush.o)
 .debug_loc     0x00000548       0xe7 c:/nxp/mcuxpressoide_11.9.0_2144/ide/plugins/com.nxp.mcuxpresso.tools.win32_11.9.0.202307121226/tools/bin/../lib/gcc/arm-none-eabi/12.3.1/../../../../arm-none-eabi/lib/thumb/v6-m/nofp\libcr_c.a(_writebuf.o)
 .debug_loc     0x0000062f      0x762 c:/nxp/mcuxpressoide_11.9.0_2144/ide/plugins/com.nxp.mcuxpresso.tools.win32_11.9.0.202307121226/tools/bin/../lib/gcc/arm-none-eabi/12.3.1/../../../../arm-none-eabi/lib/thumb/v6-m/nofp\libcr_c.a(alloc.o)
 .debug_loc     0x00000d91       0xa1 c:/nxp/mcuxpressoide_11.9.0_2144/ide/plugins/com.nxp.mcuxpresso.tools.win32_11.9.0.202307121226/tools/bin/../lib/gcc/arm-none-eabi/12.3.1/../../../../arm-none-eabi/lib/thumb/v6-m/nofp\libcr_c.a(fputs.o)
 .debug_loc     0x00000e32      0x1a8 c:/nxp/mcuxpressoide_11.9.0_2144/ide/plugins/com.nxp.mcuxpresso.tools.win32_11.9.0.202307121226/tools/bin/../lib/gcc/arm-none-eabi/12.3.1/../../../../arm-none-eabi/lib/thumb/v6-m/nofp\libcr_c.a(fseek.o)
 .debug_loc     0x00000fda       0x8d c:/nxp/mcuxpressoide_11.9.0_2144/ide/plugins/com.nxp.mcuxpresso.tools.win32_11.9.0.202307121226/tools/bin/../lib/gcc/arm-none-eabi/12.3.1/../../../../arm-none-eabi/lib/thumb/v6-m/nofp\libcr_c.a(ftell.o)
 .debug_loc     0x00001067       0x5a c:/nxp/mcuxpressoide_11.9.0_2144/ide/plugins/com.nxp.mcuxpresso.tools.win32_11.9.0.202307121226/tools/bin/../lib/gcc/arm-none-eabi/12.3.1/../../../../arm-none-eabi/lib/thumb/v6-m/nofp\libcr_c.a(initio.o)
 .debug_loc     0x000010c1     0x21c7 c:/nxp/mcuxpressoide_11.9.0_2144/ide/plugins/com.nxp.mcuxpresso.tools.win32_11.9.0.202307121226/tools/bin/../lib/gcc/arm-none-eabi/12.3.1/../../../../arm-none-eabi/lib/thumb/v6-m/nofp\libcr_c.a(printf.o)
 .debug_loc     0x00003288      0x13d c:/nxp/mcuxpressoide_11.9.0_2144/ide/plugins/com.nxp.mcuxpresso.tools.win32_11.9.0.202307121226/tools/bin/../lib/gcc/arm-none-eabi/12.3.1/../../../../arm-none-eabi/lib/thumb/v6-m/nofp\libcr_c.a(setvbuf.o)
 .debug_loc     0x000033c5       0xd5 c:/nxp/mcuxpressoide_11.9.0_2144/ide/plugins/com.nxp.mcuxpresso.tools.win32_11.9.0.202307121226/tools/bin/../lib/gcc/arm-none-eabi/12.3.1/../../../../arm-none-eabi/lib/thumb/v6-m/nofp\libcr_c.a(sqrt.o)
 .debug_loc     0x0000349a      0x108 c:/nxp/mcuxpressoide_11.9.0_2144/ide/plugins/com.nxp.mcuxpresso.tools.win32_11.9.0.202307121226/tools/bin/../lib/gcc/arm-none-eabi/12.3.1/../../../../arm-none-eabi/lib/thumb/v6-m/nofp\libcr_c.a(strlen.o)
 .debug_loc     0x000035a2       0x69 c:/nxp/mcuxpressoide_11.9.0_2144/ide/plugins/com.nxp.mcuxpresso.tools.win32_11.9.0.202307121226/tools/bin/../lib/gcc/arm-none-eabi/12.3.1/../../../../arm-none-eabi/lib/thumb/v6-m/nofp\libcr_c.a(_cr_sbrk.o)
 .debug_loc     0x0000360b      0x15a c:/nxp/mcuxpressoide_11.9.0_2144/ide/plugins/com.nxp.mcuxpresso.tools.win32_11.9.0.202307121226/tools/bin/../lib/gcc/arm-none-eabi/12.3.1/../../../../arm-none-eabi/lib/thumb/v6-m/nofp\libcr_c.a(_fdopen.o)
 .debug_loc     0x00003765       0xb2 c:/nxp/mcuxpressoide_11.9.0_2144/ide/plugins/com.nxp.mcuxpresso.tools.win32_11.9.0.202307121226/tools/bin/../lib/gcc/arm-none-eabi/12.3.1/../../../../arm-none-eabi/lib/thumb/v6-m/nofp\libcr_c.a(fclose.o)
 .debug_loc     0x00003817       0x9f c:/nxp/mcuxpressoide_11.9.0_2144/ide/plugins/com.nxp.mcuxpresso.tools.win32_11.9.0.202307121226/tools/bin/../lib/gcc/arm-none-eabi/12.3.1/../../../../arm-none-eabi/lib/thumb/v6-m/nofp\libcr_c.a(fflush.o)
 .debug_loc     0x000038b6       0xda c:/nxp/mcuxpressoide_11.9.0_2144/ide/plugins/com.nxp.mcuxpresso.tools.win32_11.9.0.202307121226/tools/bin/../lib/gcc/arm-none-eabi/12.3.1/../../../../arm-none-eabi/lib/thumb/v6-m/nofp\libcr_c.a(remove.o)
 .debug_loc     0x00003990       0x22 c:/nxp/mcuxpressoide_11.9.0_2144/ide/plugins/com.nxp.mcuxpresso.tools.win32_11.9.0.202307121226/tools/bin/../lib/gcc/arm-none-eabi/12.3.1/../../../../arm-none-eabi/lib/thumb/v6-m/nofp\libcr_c.a(_cr_check_heap.o)
 .debug_loc     0x000039b2       0x83 c:/nxp/mcuxpressoide_11.9.0_2144/ide/plugins/com.nxp.mcuxpresso.tools.win32_11.9.0.202307121226/tools/bin/../lib/gcc/arm-none-eabi/12.3.1/../../../../arm-none-eabi/lib/thumb/v6-m/nofp\libcr_c.a(_do_fflush.o)
 .debug_loc     0x00003a35     0x376c c:/nxp/mcuxpressoide_11.9.0_2144/ide/plugins/com.nxp.mcuxpresso.tools.win32_11.9.0.202307121226/tools/bin/../lib/gcc/arm-none-eabi/12.3.1/thumb/v6-m/nofp\libcr_eabihelpers.a(double.o)

.debug_aranges  0x00000000     0x1168
 .debug_aranges
                0x00000000      0x160 ./startup/startup_mkl43z4.o
 .debug_aranges
                0x00000160       0x18 ./source/Drivers/SSD1306/font5x7.o
 .debug_aranges
                0x00000178       0x98 ./source/Drivers/SSD1306/oled.o
 .debug_aranges
                0x00000210       0x50 ./source/Drivers/PowerMode/power_mode_switch.o
 .debug_aranges
                0x00000260       0xd0 ./source/Drivers/MMA8451/mma8451.o
 .debug_aranges
                0x00000330       0x38 ./source/Drivers/Key/key.o
 .debug_aranges
                0x00000368       0x50 ./source/Drivers/I2C/SD2_I2C.o
 .debug_aranges
                0x000003b8       0x98 ./source/Drivers/Board/SD2_board.o
 .debug_aranges
                0x00000450       0x88 ./source/Drivers/time.o
 .debug_aranges
                0x000004d8       0x40 ./source/App/mef.o
 .debug_aranges
                0x00000518       0x50 ./source/main.o
 .debug_aranges
                0x00000568       0x18 ./source/mtb.o
 .debug_aranges
                0x00000580       0x20 ./source/semihost_hardfault.o
 .debug_aranges
                0x000005a0       0xd0 ./drivers/fsl_clock.o
 .debug_aranges
                0x00000670       0xb8 ./drivers/fsl_flexio.o
 .debug_aranges
                0x00000728       0x68 ./drivers/fsl_gpio.o
 .debug_aranges
                0x00000790      0x178 ./drivers/fsl_i2c.o
 .debug_aranges
                0x00000908      0x120 ./drivers/fsl_lpuart.o
 .debug_aranges
                0x00000a28       0x48 ./drivers/fsl_pit.o
 .debug_aranges
                0x00000a70       0x90 ./drivers/fsl_smc.o
 .debug_aranges
                0x00000b00      0x148 ./drivers/fsl_spi.o
 .debug_aranges
                0x00000c48       0x30 ./device/system_MKL43Z4.o
 .debug_aranges
                0x00000c78       0x30 ./board/board.o
 .debug_aranges
                0x00000ca8       0x48 ./board/clock_config.o
 .debug_aranges
                0x00000cf0       0x20 c:/nxp/mcuxpressoide_11.9.0_2144/ide/plugins/com.nxp.mcuxpresso.tools.win32_11.9.0.202307121226/tools/bin/../lib/gcc/arm-none-eabi/12.3.1/../../../../arm-none-eabi/lib/thumb/v6-m/nofp\libcr_semihost_nf.a(_cr__main.o)
 .debug_aranges
                0x00000d10       0x20 c:/nxp/mcuxpressoide_11.9.0_2144/ide/plugins/com.nxp.mcuxpresso.tools.win32_11.9.0.202307121226/tools/bin/../lib/gcc/arm-none-eabi/12.3.1/../../../../arm-none-eabi/lib/thumb/v6-m/nofp\libcr_semihost_nf.a(_cr_assert.o)
 .debug_aranges
                0x00000d30       0x18 c:/nxp/mcuxpressoide_11.9.0_2144/ide/plugins/com.nxp.mcuxpresso.tools.win32_11.9.0.202307121226/tools/bin/../lib/gcc/arm-none-eabi/12.3.1/../../../../arm-none-eabi/lib/thumb/v6-m/nofp\libcr_semihost_nf.a(__ciob.o)
 .debug_aranges
                0x00000d48       0x20 c:/nxp/mcuxpressoide_11.9.0_2144/ide/plugins/com.nxp.mcuxpresso.tools.win32_11.9.0.202307121226/tools/bin/../lib/gcc/arm-none-eabi/12.3.1/../../../../arm-none-eabi/lib/thumb/v6-m/nofp\libcr_c.a(memset.o)
 .debug_aranges
                0x00000d68       0x28 c:/nxp/mcuxpressoide_11.9.0_2144/ide/plugins/com.nxp.mcuxpresso.tools.win32_11.9.0.202307121226/tools/bin/../lib/gcc/arm-none-eabi/12.3.1/../../../../arm-none-eabi/lib/thumb/v6-m/nofp\libcr_c.a(_deferredlazyseek.o)
 .debug_aranges
                0x00000d90       0x20 c:/nxp/mcuxpressoide_11.9.0_2144/ide/plugins/com.nxp.mcuxpresso.tools.win32_11.9.0.202307121226/tools/bin/../lib/gcc/arm-none-eabi/12.3.1/../../../../arm-none-eabi/lib/thumb/v6-m/nofp\libcr_c.a(_fflush.o)
 .debug_aranges
                0x00000db0       0x20 c:/nxp/mcuxpressoide_11.9.0_2144/ide/plugins/com.nxp.mcuxpresso.tools.win32_11.9.0.202307121226/tools/bin/../lib/gcc/arm-none-eabi/12.3.1/../../../../arm-none-eabi/lib/thumb/v6-m/nofp\libcr_c.a(_writebuf.o)
 .debug_aranges
                0x00000dd0       0x40 c:/nxp/mcuxpressoide_11.9.0_2144/ide/plugins/com.nxp.mcuxpresso.tools.win32_11.9.0.202307121226/tools/bin/../lib/gcc/arm-none-eabi/12.3.1/../../../../arm-none-eabi/lib/thumb/v6-m/nofp\libcr_c.a(alloc.o)
 .debug_aranges
                0x00000e10       0x20 c:/nxp/mcuxpressoide_11.9.0_2144/ide/plugins/com.nxp.mcuxpresso.tools.win32_11.9.0.202307121226/tools/bin/../lib/gcc/arm-none-eabi/12.3.1/../../../../arm-none-eabi/lib/thumb/v6-m/nofp\libcr_c.a(fputs.o)
 .debug_aranges
                0x00000e30       0x20 c:/nxp/mcuxpressoide_11.9.0_2144/ide/plugins/com.nxp.mcuxpresso.tools.win32_11.9.0.202307121226/tools/bin/../lib/gcc/arm-none-eabi/12.3.1/../../../../arm-none-eabi/lib/thumb/v6-m/nofp\libcr_c.a(fseek.o)
 .debug_aranges
                0x00000e50       0x20 c:/nxp/mcuxpressoide_11.9.0_2144/ide/plugins/com.nxp.mcuxpresso.tools.win32_11.9.0.202307121226/tools/bin/../lib/gcc/arm-none-eabi/12.3.1/../../../../arm-none-eabi/lib/thumb/v6-m/nofp\libcr_c.a(ftell.o)
 .debug_aranges
                0x00000e70       0x28 c:/nxp/mcuxpressoide_11.9.0_2144/ide/plugins/com.nxp.mcuxpresso.tools.win32_11.9.0.202307121226/tools/bin/../lib/gcc/arm-none-eabi/12.3.1/../../../../arm-none-eabi/lib/thumb/v6-m/nofp\libcr_c.a(initio.o)
 .debug_aranges
                0x00000e98       0x70 c:/nxp/mcuxpressoide_11.9.0_2144/ide/plugins/com.nxp.mcuxpresso.tools.win32_11.9.0.202307121226/tools/bin/../lib/gcc/arm-none-eabi/12.3.1/../../../../arm-none-eabi/lib/thumb/v6-m/nofp\libcr_c.a(printf.o)
 .debug_aranges
                0x00000f08       0x20 c:/nxp/mcuxpressoide_11.9.0_2144/ide/plugins/com.nxp.mcuxpresso.tools.win32_11.9.0.202307121226/tools/bin/../lib/gcc/arm-none-eabi/12.3.1/../../../../arm-none-eabi/lib/thumb/v6-m/nofp\libcr_c.a(setvbuf.o)
 .debug_aranges
                0x00000f28       0x20 c:/nxp/mcuxpressoide_11.9.0_2144/ide/plugins/com.nxp.mcuxpresso.tools.win32_11.9.0.202307121226/tools/bin/../lib/gcc/arm-none-eabi/12.3.1/../../../../arm-none-eabi/lib/thumb/v6-m/nofp\libcr_c.a(sqrt.o)
 .debug_aranges
                0x00000f48       0x20 c:/nxp/mcuxpressoide_11.9.0_2144/ide/plugins/com.nxp.mcuxpresso.tools.win32_11.9.0.202307121226/tools/bin/../lib/gcc/arm-none-eabi/12.3.1/../../../../arm-none-eabi/lib/thumb/v6-m/nofp\libcr_c.a(strlen.o)
 .debug_aranges
                0x00000f68       0x20 c:/nxp/mcuxpressoide_11.9.0_2144/ide/plugins/com.nxp.mcuxpresso.tools.win32_11.9.0.202307121226/tools/bin/../lib/gcc/arm-none-eabi/12.3.1/../../../../arm-none-eabi/lib/thumb/v6-m/nofp\libcr_c.a(__init_alloc.o)
 .debug_aranges
                0x00000f88       0x20 c:/nxp/mcuxpressoide_11.9.0_2144/ide/plugins/com.nxp.mcuxpresso.tools.win32_11.9.0.202307121226/tools/bin/../lib/gcc/arm-none-eabi/12.3.1/../../../../arm-none-eabi/lib/thumb/v6-m/nofp\libcr_c.a(_cr_sbrk.o)
 .debug_aranges
                0x00000fa8       0x20 c:/nxp/mcuxpressoide_11.9.0_2144/ide/plugins/com.nxp.mcuxpresso.tools.win32_11.9.0.202307121226/tools/bin/../lib/gcc/arm-none-eabi/12.3.1/../../../../arm-none-eabi/lib/thumb/v6-m/nofp\libcr_c.a(_fdopen.o)
 .debug_aranges
                0x00000fc8       0x18 c:/nxp/mcuxpressoide_11.9.0_2144/ide/plugins/com.nxp.mcuxpresso.tools.win32_11.9.0.202307121226/tools/bin/../lib/gcc/arm-none-eabi/12.3.1/../../../../arm-none-eabi/lib/thumb/v6-m/nofp\libcr_c.a(errno.o)
 .debug_aranges
                0x00000fe0       0x20 c:/nxp/mcuxpressoide_11.9.0_2144/ide/plugins/com.nxp.mcuxpresso.tools.win32_11.9.0.202307121226/tools/bin/../lib/gcc/arm-none-eabi/12.3.1/../../../../arm-none-eabi/lib/thumb/v6-m/nofp\libcr_c.a(fclose.o)
 .debug_aranges
                0x00001000       0x20 c:/nxp/mcuxpressoide_11.9.0_2144/ide/plugins/com.nxp.mcuxpresso.tools.win32_11.9.0.202307121226/tools/bin/../lib/gcc/arm-none-eabi/12.3.1/../../../../arm-none-eabi/lib/thumb/v6-m/nofp\libcr_c.a(fflush.o)
 .debug_aranges
                0x00001020       0x28 c:/nxp/mcuxpressoide_11.9.0_2144/ide/plugins/com.nxp.mcuxpresso.tools.win32_11.9.0.202307121226/tools/bin/../lib/gcc/arm-none-eabi/12.3.1/../../../../arm-none-eabi/lib/thumb/v6-m/nofp\libcr_c.a(remove.o)
 .debug_aranges
                0x00001048       0x20 c:/nxp/mcuxpressoide_11.9.0_2144/ide/plugins/com.nxp.mcuxpresso.tools.win32_11.9.0.202307121226/tools/bin/../lib/gcc/arm-none-eabi/12.3.1/../../../../arm-none-eabi/lib/thumb/v6-m/nofp\libcr_c.a(_cr_check_heap.o)
 .debug_aranges
                0x00001068       0x20 c:/nxp/mcuxpressoide_11.9.0_2144/ide/plugins/com.nxp.mcuxpresso.tools.win32_11.9.0.202307121226/tools/bin/../lib/gcc/arm-none-eabi/12.3.1/../../../../arm-none-eabi/lib/thumb/v6-m/nofp\libcr_c.a(_do_fflush.o)
 .debug_aranges
                0x00001088       0xe0 c:/nxp/mcuxpressoide_11.9.0_2144/ide/plugins/com.nxp.mcuxpresso.tools.win32_11.9.0.202307121226/tools/bin/../lib/gcc/arm-none-eabi/12.3.1/thumb/v6-m/nofp\libcr_eabihelpers.a(double.o)

.debug_ranges   0x00000000     0x1360
 .debug_ranges  0x00000000      0x150 ./startup/startup_mkl43z4.o
 .debug_ranges  0x00000150       0x88 ./source/Drivers/SSD1306/oled.o
 .debug_ranges  0x000001d8       0x40 ./source/Drivers/PowerMode/power_mode_switch.o
 .debug_ranges  0x00000218       0xc0 ./source/Drivers/MMA8451/mma8451.o
 .debug_ranges  0x000002d8       0x28 ./source/Drivers/Key/key.o
 .debug_ranges  0x00000300       0x40 ./source/Drivers/I2C/SD2_I2C.o
 .debug_ranges  0x00000340       0x88 ./source/Drivers/Board/SD2_board.o
 .debug_ranges  0x000003c8       0x78 ./source/Drivers/time.o
 .debug_ranges  0x00000440       0x30 ./source/App/mef.o
 .debug_ranges  0x00000470       0x40 ./source/main.o
 .debug_ranges  0x000004b0       0x10 ./source/semihost_hardfault.o
 .debug_ranges  0x000004c0       0xc0 ./drivers/fsl_clock.o
 .debug_ranges  0x00000580       0xa8 ./drivers/fsl_flexio.o
 .debug_ranges  0x00000628       0x58 ./drivers/fsl_gpio.o
 .debug_ranges  0x00000680      0x168 ./drivers/fsl_i2c.o
 .debug_ranges  0x000007e8      0x110 ./drivers/fsl_lpuart.o
 .debug_ranges  0x000008f8       0x38 ./drivers/fsl_pit.o
 .debug_ranges  0x00000930       0x80 ./drivers/fsl_smc.o
 .debug_ranges  0x000009b0      0x138 ./drivers/fsl_spi.o
 .debug_ranges  0x00000ae8       0x20 ./device/system_MKL43Z4.o
 .debug_ranges  0x00000b08       0x20 ./board/board.o
 .debug_ranges  0x00000b28       0x38 ./board/clock_config.o
 .debug_ranges  0x00000b60       0x10 c:/nxp/mcuxpressoide_11.9.0_2144/ide/plugins/com.nxp.mcuxpresso.tools.win32_11.9.0.202307121226/tools/bin/../lib/gcc/arm-none-eabi/12.3.1/../../../../arm-none-eabi/lib/thumb/v6-m/nofp\libcr_semihost_nf.a(_cr__main.o)
 .debug_ranges  0x00000b70       0x10 c:/nxp/mcuxpressoide_11.9.0_2144/ide/plugins/com.nxp.mcuxpresso.tools.win32_11.9.0.202307121226/tools/bin/../lib/gcc/arm-none-eabi/12.3.1/../../../../arm-none-eabi/lib/thumb/v6-m/nofp\libcr_semihost_nf.a(_cr_assert.o)
 .debug_ranges  0x00000b80       0x10 c:/nxp/mcuxpressoide_11.9.0_2144/ide/plugins/com.nxp.mcuxpresso.tools.win32_11.9.0.202307121226/tools/bin/../lib/gcc/arm-none-eabi/12.3.1/../../../../arm-none-eabi/lib/thumb/v6-m/nofp\libcr_c.a(memset.o)
 .debug_ranges  0x00000b90       0x50 c:/nxp/mcuxpressoide_11.9.0_2144/ide/plugins/com.nxp.mcuxpresso.tools.win32_11.9.0.202307121226/tools/bin/../lib/gcc/arm-none-eabi/12.3.1/../../../../arm-none-eabi/lib/thumb/v6-m/nofp\libcr_c.a(_deferredlazyseek.o)
 .debug_ranges  0x00000be0       0x10 c:/nxp/mcuxpressoide_11.9.0_2144/ide/plugins/com.nxp.mcuxpresso.tools.win32_11.9.0.202307121226/tools/bin/../lib/gcc/arm-none-eabi/12.3.1/../../../../arm-none-eabi/lib/thumb/v6-m/nofp\libcr_c.a(_fflush.o)
 .debug_ranges  0x00000bf0       0x10 c:/nxp/mcuxpressoide_11.9.0_2144/ide/plugins/com.nxp.mcuxpresso.tools.win32_11.9.0.202307121226/tools/bin/../lib/gcc/arm-none-eabi/12.3.1/../../../../arm-none-eabi/lib/thumb/v6-m/nofp\libcr_c.a(_writebuf.o)