../source/Drivers/SSD1306/oled.c:309:6:oled_putPixel.part.0	32	static
../source/Drivers/SSD1306/oled.c:266:6:oled_init	24	static
../source/Drivers/SSD1306/oled.c:293:6:oled_setContrast	16	static
../source/Drivers/SSD1306/oled.c:309:6:oled_putPixel	8	static
../source/Drivers/SSD1306/oled.c:370:6:oled_line	48	static
../source/Drivers/SSD1306/oled.c:473:6:oled_circle	80	static
../source/Drivers/SSD1306/oled.c:611:6:oled_rect	40	static
../source/Drivers/SSD1306/oled.c:632:6:oled_fillRect	32	static
../source/Drivers/SSD1306/oled.c:679:6:oled_clearScreen	176	static
../source/Drivers/SSD1306/oled.c:696:9:oled_putChar	56	static
../source/Drivers/SSD1306/oled.c:736:6:oled_putString	72	static
