C:\Users\valen\Documents\MCUXpressoIDE_11.9.0_2144\workspace\MKL43Z4_SD2_MEF_P5\CMSIS/core_cm0plus.h:741:22:__NVIC_EnableIRQ	16	static
../drivers/fsl_clock.h:438:20:CLOCK_EnableClock	24	static
../drivers/fsl_clock.h:449:20:CLOCK_DisableClock	24	static
../drivers/fsl_common.h:484:28:EnableIRQ	16	static
../drivers/fsl_lpuart.c:113:10:LPUART_GetInstance	24	static
../drivers/fsl_lpuart.c:137:8:LPUART_TransferGetRxRingBufferLength	32	static
../drivers/fsl_lpuart.c:158:13:LPUART_TransferIsRxRingBufferFull	24	static
../drivers/fsl_lpuart.c:175:13:LPUART_WriteNonBlocking	32	static
../drivers/fsl_lpuart.c:189:13:LPUART_ReadNonBlocking	32	static
../drivers/fsl_lpuart.c:243:10:LPUART_Init	56	static
../drivers/fsl_lpuart.c:455:6:LPUART_Deinit	24	static
../drivers/fsl_lpuart.c:519:6:LPUART_GetDefaultConfig	16	static
../drivers/fsl_lpuart.c:564:10:LPUART_SetBaudRate	56	static
../drivers/fsl_lpuart.c:657:6:LPUART_EnableInterrupts	16	static
../drivers/fsl_lpuart.c:681:6:LPUART_DisableInterrupts	16	static
../drivers/fsl_lpuart.c:712:10:LPUART_GetEnabledInterrupts	24	static
../drivers/fsl_lpuart.c:741:10:LPUART_GetStatusFlags	24	static
../drivers/fsl_lpuart.c:772:10:LPUART_ClearStatusFlags	24	static
../drivers/fsl_lpuart.c:825:10:LPUART_WriteBlocking	32	static
../drivers/fsl_lpuart.c:890:10:LPUART_ReadBlocking	40	static
../drivers/fsl_lpuart.c:1009:6:LPUART_TransferCreateHandle	32	static
../drivers/fsl_lpuart.c:1074:6:LPUART_TransferStartRingBuffer	24	static
../drivers/fsl_lpuart.c:1101:6:LPUART_TransferStopRingBuffer	16	static
../drivers/fsl_lpuart.c:1136:10:LPUART_TransferSendNonBlocking	32	static
../drivers/fsl_lpuart.c:1175:6:LPUART_TransferAbortSend	16	static
../drivers/fsl_lpuart.c:1198:10:LPUART_TransferGetSendCount	32	static
../drivers/fsl_lpuart.c:1256:10:LPUART_TransferReceiveNonBlocking	56	static
../drivers/fsl_lpuart.c:1383:6:LPUART_TransferAbortReceive	16	static
../drivers/fsl_lpuart.c:1412:10:LPUART_TransferGetReceiveCount	32	static
../drivers/fsl_lpuart.c:1440:6:LPUART_TransferHandleIRQ	48	static
../drivers/fsl_lpuart.c:1675:6:LPUART_TransferHandleErrorIRQ	16	static
../drivers/fsl_lpuart.c:1778:6:LPUART0_DriverIRQHandler	8	static
../drivers/fsl_lpuart.c:1801:6:LPUART1_DriverIRQHandler	8	static
